ARM Linker, 4.1 [Build 894] [Standard]

==============================================================================

Section Cross References

    app.o(.text) refers to basefun.o(.text) for Delay
    app.o(.text) refers to bsp.o(.text) for BSP_Init
    app.o(.text) refers to cpu_core.o(.text) for CPU_Init
    app.o(.text) refers to lib_mem.o(.text) for Mem_Init
    app.o(.text) refers to pchardware.o(.text) for DEBUG_Uart_Init
    app.o(.text) refers to rtc.o(.text) for RTC_Onchip_Init
    app.o(.text) refers to collecthw.o(.text) for Collect_GPIO_Pin_Init
    app.o(.text) refers to i2c.o(.text) for i2c_Initialize
    app.o(.text) refers to mx25l1606mem.o(.text) for Flash_SPI_Config
    app.o(.text) refers to mcu.o(.text) for McuInit
    app.o(.text) refers to os_time.o(.text) for OSTimeDly
    app.o(.text) refers to amx8xx_v02.o(.text) for am_init
    app.o(.text) refers to os_task.o(.text) for OSTaskCreate
    app.o(.text) refers to os_core.o(.text) for OSInit
    app.o(.text) refers to app.o(.bss) for .bss
    app.o(.text) refers to gsmintegratelayer.o(.text) for TaskUart3Recv
    app.o(.text) refers to systemprotocol.o(.text) for TaskSYS
    app.o(.text) refers to pcdebug.o(.text) for TaskPcDebug
    app.o(.text) refers to a5_com1protocollayer.o(.text) for TaskA5_Com1Function
    app.o(.text) refers to collectcompositelayer.o(.text) for TaskCollect
    system_stm32f2xx.o(.text) refers to system_stm32f2xx.o(.data) for .data
    bsp.o(.text) refers to stm32f2xx_rcc.o(.text) for RCC_GetClocksFreq
    bsp.o(.text) refers to os_cpu_c.o(.text) for OS_CPU_SysTickInit
    bsp.o(.text) refers to cpu_core.o(.text) for CPU_TS_TmrFreqSet
    startup_stm32f2xx.o(RESET) refers to startup_stm32f2xx.o(STACK) for __initial_sp
    startup_stm32f2xx.o(RESET) refers to startup_stm32f2xx.o(.text) for Reset_Handler
    startup_stm32f2xx.o(RESET) refers to os_cpu_a.o(.text) for OS_CPU_PendSVHandler
    startup_stm32f2xx.o(RESET) refers to os_cpu_c.o(.text) for OS_CPU_SysTickHandler
    startup_stm32f2xx.o(RESET) refers to collecthw.o(.text) for EXTI0_IRQHandler
    startup_stm32f2xx.o(RESET) refers to gsmhardwarelayer.o(.text) for DMA1_Stream3_IRQHandler
    startup_stm32f2xx.o(RESET) refers to mcuhw.o(.text) for CAN1_RX0_IRQHandler
    startup_stm32f2xx.o(RESET) refers to pchardware.o(.text) for USART1_IRQHandler
    startup_stm32f2xx.o(RESET) refers to a5_com1hw.o(.text) for DMA2_Stream6_IRQHandler
    startup_stm32f2xx.o(.text) refers to system_stm32f2xx.o(.text) for SystemInit
    startup_stm32f2xx.o(.text) refers to entry.o(.ARM.Collect$$$$00000000) for __main
    cpu_core.o(.text) refers to cpu_a.o(.text) for CPU_SR_Save
    cpu_core.o(.text) refers to lib_mem.o(.text) for Mem_Clr
    cpu_core.o(.text) refers to bsp.o(.text) for CPU_TS_TmrInit
    cpu_core.o(.text) refers to lib_str.o(.text) for Str_Copy_N
    cpu_core.o(.text) refers to cpu_core.o(.bss) for .bss
    cpu_core.o(.text) refers to cpu_core.o(.data) for .data
    cpu_core.o(.text) refers to cpu_core.o(.constdata) for .constdata
    cpu_c.o(.text) refers to cpu_a.o(.text) for CPU_SR_Save
    lib_math.o(.text) refers to cpu_a.o(.text) for CPU_SR_Save
    lib_math.o(.text) refers to lib_math.o(.data) for .data
    lib_mem.o(.text) refers to lib_mem_a.o(.text) for Mem_Copy
    lib_mem.o(.text) refers to cpu_core.o(.text) for CPU_SW_Exception
    lib_mem.o(.text) refers to cpu_a.o(.text) for CPU_SR_Save
    lib_mem.o(.text) refers to lib_mem.o(.bss) for .bss
    lib_mem.o(.text) refers to lib_mem.o(.data) for .data
    lib_str.o(.text) refers to lib_ascii.o(.text) for ASCII_ToLower
    lib_str.o(.text) refers to lib_str.o(.constdata) for .constdata
    os_core.o(.text) refers to os_cpu_a.o(.text) for OS_CPU_SR_Save
    os_core.o(.text) refers to os_cpu_c.o(.text) for OSTaskIdleHook
    os_core.o(.text) refers to os_flag.o(.text) for OS_FlagInit
    os_core.o(.text) refers to os_mem.o(.text) for OS_MemInit
    os_core.o(.text) refers to os_q.o(.text) for OS_QInit
    os_core.o(.text) refers to os_task.o(.text) for OSTaskCreateExt
    os_core.o(.text) refers to os_tmr.o(.text) for OSTmr_Init
    os_core.o(.text) refers to os_dbg.o(.text) for OSDebugInit
    os_core.o(.text) refers to os_core.o(.data) for .data
    os_core.o(.text) refers to os_core.o(.bss) for .bss
    os_core.o(.text) refers to os_core.o(.constdata) for .constdata
    os_flag.o(.text) refers to os_cpu_a.o(.text) for OS_CPU_SR_Save
    os_flag.o(.text) refers to os_core.o(.text) for OS_Sched
    os_flag.o(.text) refers to os_core.o(.data) for OSIntNesting
    os_flag.o(.text) refers to os_core.o(.data) for OSFlagFreeList
    os_flag.o(.text) refers to os_core.o(.bss) for OSFlagTbl
    os_mbox.o(.text) refers to os_cpu_a.o(.text) for OS_CPU_SR_Save
    os_mbox.o(.text) refers to os_core.o(.text) for OS_EventWaitListInit
    os_mbox.o(.text) refers to os_core.o(.data) for OSIntNesting
    os_mem.o(.text) refers to os_cpu_a.o(.text) for OS_CPU_SR_Save
[...]
    RTC_RefClockCmd                          0x08005501   Thumb Code    56  stm32f2xx_rtc.o(.text)
    RTC_SetTime                              0x08005539   Thumb Code   138  stm32f2xx_rtc.o(.text)
    RTC_TimeStructInit                       0x080055c3   Thumb Code    12  stm32f2xx_rtc.o(.text)
    RTC_GetTime                              0x080055cf   Thumb Code    70  stm32f2xx_rtc.o(.text)
    RTC_SetDate                              0x08005615   Thumb Code   136  stm32f2xx_rtc.o(.text)
    RTC_DateStructInit                       0x0800569d   Thumb Code    14  stm32f2xx_rtc.o(.text)
    RTC_GetDate                              0x080056ab   Thumb Code    66  stm32f2xx_rtc.o(.text)
    RTC_SetAlarm                             0x080056ed   Thumb Code   184  stm32f2xx_rtc.o(.text)
    RTC_AlarmStructInit                      0x080057a5   Thumb Code    20  stm32f2xx_rtc.o(.text)
    RTC_GetAlarm                             0x080057b9   Thumb Code   102  stm32f2xx_rtc.o(.text)
    RTC_AlarmCmd                             0x0800581f   Thumb Code    74  stm32f2xx_rtc.o(.text)
    RTC_WakeUpClockConfig                    0x08005869   Thumb Code    36  stm32f2xx_rtc.o(.text)
    RTC_SetWakeUpCounter                     0x0800588d   Thumb Code    24  stm32f2xx_rtc.o(.text)
    RTC_GetWakeUpCounter                     0x080058a5   Thumb Code    10  stm32f2xx_rtc.o(.text)
    RTC_WakeUpCmd                            0x080058af   Thumb Code    80  stm32f2xx_rtc.o(.text)
    RTC_DayLightSavingConfig                 0x080058ff   Thumb Code    40  stm32f2xx_rtc.o(.text)
    RTC_GetStoreOperation                    0x08005927   Thumb Code    12  stm32f2xx_rtc.o(.text)
    RTC_OutputConfig                         0x08005933   Thumb Code    40  stm32f2xx_rtc.o(.text)
    RTC_CoarseCalibConfig                    0x0800595b   Thumb Code    48  stm32f2xx_rtc.o(.text)
    RTC_CoarseCalibCmd                       0x0800598b   Thumb Code    58  stm32f2xx_rtc.o(.text)
    RTC_CalibOutputCmd                       0x080059c5   Thumb Code    40  stm32f2xx_rtc.o(.text)
    RTC_TimeStampCmd                         0x080059ed   Thumb Code    44  stm32f2xx_rtc.o(.text)
    RTC_GetTimeStamp                         0x08005a19   Thumb Code   130  stm32f2xx_rtc.o(.text)
    RTC_TamperTriggerConfig                  0x08005a9b   Thumb Code    24  stm32f2xx_rtc.o(.text)
    RTC_TamperCmd                            0x08005ab3   Thumb Code    20  stm32f2xx_rtc.o(.text)
    RTC_WriteBackupRegister                  0x08005ac7   Thumb Code    10  stm32f2xx_rtc.o(.text)
    RTC_ReadBackupRegister                   0x08005ad1   Thumb Code    10  stm32f2xx_rtc.o(.text)
    RTC_TamperPinSelection                   0x08005adb   Thumb Code    20  stm32f2xx_rtc.o(.text)
    RTC_TimeStampPinSelection                0x08005aef   Thumb Code    20  stm32f2xx_rtc.o(.text)
    RTC_OutputTypeConfig                     0x08005b03   Thumb Code    20  stm32f2xx_rtc.o(.text)
    RTC_ITConfig                             0x08005b17   Thumb Code    62  stm32f2xx_rtc.o(.text)
    RTC_GetFlagStatus                        0x08005b55   Thumb Code    24  stm32f2xx_rtc.o(.text)
    RTC_ClearFlag                            0x08005b6d   Thumb Code    32  stm32f2xx_rtc.o(.text)
    RTC_GetITStatus                          0x08005b8d   Thumb Code    46  stm32f2xx_rtc.o(.text)
    RTC_ClearITPendingBit                    0x08005bbb   Thumb Code    24  stm32f2xx_rtc.o(.text)
    SYSCFG_DeInit                            0x08005c05   Thumb Code    24  stm32f2xx_syscfg.o(.text)
    SYSCFG_MemoryRemapConfig                 0x08005c1d   Thumb Code     6  stm32f2xx_syscfg.o(.text)
    SYSCFG_EXTILineConfig                    0x08005c23   Thumb Code    36  stm32f2xx_syscfg.o(.text)
    SYSCFG_ETH_MediaInterfaceConfig          0x08005c47   Thumb Code     6  stm32f2xx_syscfg.o(.text)
    SYSCFG_CompensationCellCmd               0x08005c4d   Thumb Code     6  stm32f2xx_syscfg.o(.text)
    SYSCFG_GetCompensationCellStatus         0x08005c53   Thumb Code    16  stm32f2xx_syscfg.o(.text)
    USART_DeInit                             0x08005c71   Thumb Code   114  stm32f2xx_usart.o(.text)
    USART_Init                               0x08005ce3   Thumb Code   174  stm32f2xx_usart.o(.text)
    USART_StructInit                         0x08005d91   Thumb Code    22  stm32f2xx_usart.o(.text)
    USART_ClockInit                          0x08005da7   Thumb Code    28  stm32f2xx_usart.o(.text)
    USART_ClockStructInit                    0x08005dc3   Thumb Code    12  stm32f2xx_usart.o(.text)
    USART_Cmd                                0x08005dcf   Thumb Code    20  stm32f2xx_usart.o(.text)
    USART_SetPrescaler                       0x08005de3   Thumb Code    16  stm32f2xx_usart.o(.text)
    USART_OverSampling8Cmd                   0x08005df3   Thumb Code    20  stm32f2xx_usart.o(.text)
    USART_OneBitMethodCmd                    0x08005e07   Thumb Code    20  stm32f2xx_usart.o(.text)
    USART_SendData                           0x08005e1b   Thumb Code     8  stm32f2xx_usart.o(.text)
    USART_ReceiveData                        0x08005e23   Thumb Code     8  stm32f2xx_usart.o(.text)
    USART_SetAddress                         0x08005e2b   Thumb Code    16  stm32f2xx_usart.o(.text)
    USART_ReceiverWakeUpCmd                  0x08005e3b   Thumb Code    20  stm32f2xx_usart.o(.text)
    USART_WakeUpConfig                       0x08005e4f   Thumb Code    16  stm32f2xx_usart.o(.text)
    USART_LINBreakDetectLengthConfig         0x08005e5f   Thumb Code    16  stm32f2xx_usart.o(.text)
    USART_LINCmd                             0x08005e6f   Thumb Code    20  stm32f2xx_usart.o(.text)
    USART_SendBreak                          0x08005e83   Thumb Code    10  stm32f2xx_usart.o(.text)
    USART_HalfDuplexCmd                      0x08005e8d   Thumb Code    20  stm32f2xx_usart.o(.text)
    USART_SetGuardTime                       0x08005ea1   Thumb Code    16  stm32f2xx_usart.o(.text)
    USART_SmartCardCmd                       0x08005eb1   Thumb Code    20  stm32f2xx_usart.o(.text)
    USART_SmartCardNACKCmd                   0x08005ec5   Thumb Code    20  stm32f2xx_usart.o(.text)
    USART_IrDAConfig                         0x08005ed9   Thumb Code    16  stm32f2xx_usart.o(.text)
    USART_IrDACmd                            0x08005ee9   Thumb Code    20  stm32f2xx_usart.o(.text)
    USART_DMACmd                             0x08005efd   Thumb Code    16  stm32f2xx_usart.o(.text)
    USART_ITConfig                           0x08005f0d   Thumb Code    48  stm32f2xx_usart.o(.text)
    USART_GetFlagStatus                      0x08005f3d   Thumb Code    14  stm32f2xx_usart.o(.text)
    USART_ClearFlag                          0x08005f4b   Thumb Code     6  stm32f2xx_usart.o(.text)
    USART_GetITStatus                        0x08005f51   Thumb Code    62  stm32f2xx_usart.o(.text)
    USART_ClearITPendingBit                  0x08005f8f   Thumb Code    12  stm32f2xx_usart.o(.text)
    Task10ms                                 0x08005fb5   Thumb Code    18  collectcompositelayer.o(.text)
    SwitchInit                               0x08005fc7   Thumb Code    12  collectcompositelayer.o(.text)
    Collect_TimerCount_Delay                 0x08005fd3   Thumb Code    36  collectcompositelayer.o(.text)
    TaskCollect                              0x08005ff7   Thumb Code   122  collectcompositelayer.o(.text)
    GetInput_Voltage                         0x08006079   Thumb Code     6  collectinterfacelayer.o(.text)
    GetBAT_Voltage                           0x0800607f   Thumb Code     6  collectinterfacelayer.o(.text)
    SaveWorktime                             0x08006085   Thumb Code    84  collectinterfacelayer.o(.text)
    SaveWorktimeToRTCRAM                     0x080060d9   Thumb Code    24  collectinterfacelayer.o(.text)
    InitWorktime                             0x080060f1   Thumb Code   154  collectinterfacelayer.o(.text)
    GetAccState                              0x0800618b   Thumb Code    10  collectinterfacelayer.o(.text)
    CountWorkTime                            0x08006195   Thumb Code    90  collectinterfacelayer.o(.text)
    GetWorkingTime                           0x080061ef   Thumb Code     6  collectinterfacelayer.o(.text)
    SetWorkingTime                           0x080061f5   Thumb Code    18  collectinterfacelayer.o(.text)
    CheckSwitchState                         0x08006207   Thumb Code   254  collectinterfacelayer.o(.text)
    ReportSwitchState                        0x08006305   Thumb Code   120  collectinterfacelayer.o(.text)
    GetPwrSupplyState                        0x0800637d   Thumb Code    10  collectinterfacelayer.o(.text)
    GetPwrLowState                           0x08006387   Thumb Code    10  collectinterfacelayer.o(.text)
    GetBoxOpenState                          0x08006391   Thumb Code    10  collectinterfacelayer.o(.text)
    READ_OPENBOX2                            0x0800639b   Thumb Code    10  collectinterfacelayer.o(.text)
    CheckBoxState                            0x080063a5   Thumb Code    72  collectinterfacelayer.o(.text)
    GetSwitch1State                          0x080063ed   Thumb Code     6  collectinterfacelayer.o(.text)
    GetSwitch2State                          0x080063f3   Thumb Code     6  collectinterfacelayer.o(.text)
    GetSwitch3State                          0x080063f9   Thumb Code     6  collectinterfacelayer.o(.text)
    GetGpsSwitchState                        0x080063ff   Thumb Code    20  collectinterfacelayer.o(.text)
    GetGpsAntShortState                      0x08006413   Thumb Code    12  collectinterfacelayer.o(.text)
    GetGpsAntOpenState                       0x0800641f   Thumb Code    10  collectinterfacelayer.o(.text)
    GetBatChargeState                        0x08006429   Thumb Code    10  collectinterfacelayer.o(.text)
    GetBatVolLowState                        0x08006433   Thumb Code    10  collectinterfacelayer.o(.text)
    InputVoltageCheck                        0x0800643d   Thumb Code   112  collectinterfacelayer.o(.text)
    BatVoltageCheck                          0x080064ad   Thumb Code    68  collectinterfacelayer.o(.text)
    BatContronl                              0x080064f1   Thumb Code   100  collectinterfacelayer.o(.text)
    WatchDogHard                             0x08006555   Thumb Code     2  collectinterfacelayer.o(.text)
    ADInit                                   0x08006557   Thumb Code   356  collectinterfacelayer.o(.text)
    ADConvert                                0x080066bb   Thumb Code    40  collectinterfacelayer.o(.text)
    DealVoltage                              0x080066e3   Thumb Code    76  collectinterfacelayer.o(.text)
    BuildAD_Switch                           0x0800672f   Thumb Code    70  collectinterfacelayer.o(.text)
    ACC_GPIO_EXTI_Initialize                 0x080067ad   Thumb Code   104  collecthw.o(.text)
    IWdtFeed                                 0x08006815   Thumb Code     4  collecthw.o(.text)
    EXTI9_5_IRQHandler                       0x08006819   Thumb Code    28  collecthw.o(.text)
    RTC_WAKE_UP_GPIO_EXTI_Initialize         0x08006835   Thumb Code   102  collecthw.o(.text)
    EXTI0_IRQHandler                         0x0800689b   Thumb Code    24  collecthw.o(.text)
    Openbox_RingWake_GPIO_EXTI_Initialize    0x080068b3   Thumb Code   140  collecthw.o(.text)
    LED_GOPI_PinInit                         0x0800693f   Thumb Code   152  collecthw.o(.text)
    Collect_GPIO_Pin_Init                    0x080069d7   Thumb Code   124  collecthw.o(.text)
    IWdtInit                                 0x08006a53   Thumb Code    36  collecthw.o(.text)
    ReadGsmUartData                          0x08006a89   Thumb Code    46  gsmhardwarelayer.o(.text)
    GSM_UART_Write                           0x08006ab7   Thumb Code    66  gsmhardwarelayer.o(.text)
    USART3_DMA_Config                        0x08006af9   Thumb Code   172  gsmhardwarelayer.o(.text)
    UART3_Config                             0x08006ba5   Thumb Code   208  gsmhardwarelayer.o(.text)
    GSM_Uart_Init                            0x08006c75   Thumb Code    64  gsmhardwarelayer.o(.text)
    USART3_IRQHandler                        0x08006cb5   Thumb Code   102  gsmhardwarelayer.o(.text)
    DMA1_Stream3_IRQHandler                  0x08006d1b   Thumb Code    36  gsmhardwarelayer.o(.text)
    WriteGsmUartData                         0x08006d3f   Thumb Code    24  gsmhardwarelayer.o(.text)
    GSM_GPIO_Pin_Init                        0x08006d57   Thumb Code   138  gsmhardwarelayer.o(.text)
    TaskUart3Recv                            0x08006e09   Thumb Code    50  gsmintegratelayer.o(.text)
    ModemPwrOn                               0x08006e3b   Thumb Code   140  gsmintegratelayer.o(.text)
    ModemPwrOff                              0x08006ec7   Thumb Code   146  gsmintegratelayer.o(.text)
    ModemClose                               0x08006f59   Thumb Code   120  gsmintegratelayer.o(.text)
    ModemClose_sleep                         0x08006fd1   Thumb Code    62  gsmintegratelayer.o(.text)
    GSM_Modem_Start                          0x0800700f   Thumb Code   106  gsmintegratelayer.o(.text)
    GSM_Run_Function                         0x08007079   Thumb Code    52  gsmintegratelayer.o(.text)
    TaskGsmService                           0x080070ad   Thumb Code    12  gsmintegratelayer.o(.text)
    A5_MCU_SendReqCmdData                    0x08007119   Thumb Code    94  gsmprotocollayer.o(.text)
    A5_MCU_SendToA5CANData                   0x08007177   Thumb Code   210  gsmprotocollayer.o(.text)
    A5_CommErr_Judge                         0x08007249   Thumb Code    46  gsmprotocollayer.o(.text)
    A5_Deal_RecVA5_Data                      0x08007277   Thumb Code   430  gsmprotocollayer.o(.text)
    A5_MCUSendCANDataToA5                    0x08007425   Thumb Code   238  gsmprotocollayer.o(.text)
    A5_AddCanFrameToBuff                     0x08007513   Thumb Code   656  gsmprotocollayer.o(.text)
    AccountSysDate                           0x080077a3   Thumb Code   272  gsmprotocollayer.o(.text)
    ClearMem                                 0x080078d1   Thumb Code    20  basefun.o(.text)
    CRC16                                    0x080078e5   Thumb Code    50  basefun.o(.text)
    DecToUint8                               0x08007917   Thumb Code    62  basefun.o(.text)
    hex2uint                                 0x08007955   Thumb Code    42  basefun.o(.text)
    dec2uint                                 0x0800797f   Thumb Code    30  basefun.o(.text)
    DecToUint16                              0x0800799d   Thumb Code    38  basefun.o(.text)
    DecToUint32                              0x080079c3   Thumb Code    36  basefun.o(.text)
    Uint8ToDec2                              0x080079e7   Thumb Code    24  basefun.o(.text)
    Uint8ToDec                               0x080079ff   Thumb Code    62  basefun.o(.text)
    Uint16ToDec                              0x08007a3d   Thumb Code    64  basefun.o(.text)
    SearchString                             0x08007a7d   Thumb Code    56  basefun.o(.text)
    Uint32IPDatatoDecWithDot                 0x08007ab5   Thumb Code    78  basefun.o(.text)
    HexToASCII                               0x08007b03   Thumb Code    54  basefun.o(.text)
    ASCIITOHex                               0x08007b39   Thumb Code    86  basefun.o(.text)
    StrToUint32                              0x08007b8f   Thumb Code    56  basefun.o(.text)
    StrToUint16                              0x08007bc7   Thumb Code    34  basefun.o(.text)
    SumCalc                                  0x08007be9   Thumb Code    26  basefun.o(.text)
    GetStringMiddle                          0x08007c03   Thumb Code   158  basefun.o(.text)
    SingleASCIITOHex                         0x08007ca1   Thumb Code    42  basefun.o(.text)
    GetStringBack                            0x08007ccb   Thumb Code    56  basefun.o(.text)
    Hex2ToUint8                              0x08007d03   Thumb Code    36  basefun.o(.text)
    Dec3ToUint8                              0x08007d27   Thumb Code    40  basefun.o(.text)
    Dec2ToUint8                              0x08007d4f   Thumb Code    38  basefun.o(.text)
    HexToDatabuff                            0x08007d75   Thumb Code    34  basefun.o(.text)
    ConvertBCDB                              0x08007d97   Thumb Code    32  basefun.o(.text)
    Uint8ToHex2                              0x08007db7   Thumb Code    32  basefun.o(.text)
    DataToHexbuff                            0x08007dd7   Thumb Code    34  basefun.o(.text)
    deg2rad                                  0x08007df9   Thumb Code    22  basefun.o(.text)
    distance                                 0x08007e0f   Thumb Code   148  basefun.o(.text)
    Lrc                                      0x08007ea3   Thumb Code    24  basefun.o(.text)
    DigitFilter1                             0x08007ebb   Thumb Code   122  basefun.o(.text)
    Delay                                    0x08007f35   Thumb Code    12  basefun.o(.text)
    MCU_SendNewLockCmd                       0x08007f41   Thumb Code   114  mcu.o(.text)
    MCU_GPSSendWorkState_check               0x08007fb3   Thumb Code   234  mcu.o(.text)
    MCU_GPSSendPostionState                  0x0800809d   Thumb Code    20  mcu.o(.text)
    MCU_GPSSendPostionInformation            0x080080b1   Thumb Code    22  mcu.o(.text)
    MCU_GetVoltageState                      0x080080c7   Thumb Code    36  mcu.o(.text)
    GetCanRcvState                           0x080080eb   Thumb Code    22  mcu.o(.text)
    MCU_SendCan1Data                         0x08008101   Thumb Code   102  mcu.o(.text)
    MCU_ClearCanData                         0x08008167   Thumb Code    66  mcu.o(.text)
    Mcu_CanOpen                              0x080081a9   Thumb Code    16  mcu.o(.text)
    McuInit                                  0x080081b9   Thumb Code    26  mcu.o(.text)
    MCUCommStateJudge                        0x080081d3   Thumb Code   138  mcu.o(.text)
    CanRcvDataTimer                          0x0800825d   Thumb Code    48  mcu.o(.text)
    GetMcuFaultCode                          0x0800828d   Thumb Code    60  mcu.o(.text)
    IsNewMcuFaultCode                        0x080082c9   Thumb Code     8  mcu.o(.text)
    ClearNewMcuFaultCodeFlag                 0x080082d1   Thumb Code    10  mcu.o(.text)
    AddCanFrameToBuff                        0x080082db   Thumb Code    78  mcu.o(.text)
    AddToFaultCodeList                       0x08008329   Thumb Code   134  mcu.o(.text)
    FaultcodeCheck                           0x080083af   Thumb Code    50  mcu.o(.text)
    CanFrameFilter                           0x080083e1   Thumb Code    90  mcu.o(.text)
    DealCan1Message                          0x0800843b   Thumb Code   510  mcu.o(.text)
    MCU_TimerCount_Delay                     0x08008639   Thumb Code    30  mcu.o(.text)
    MCU_TimerCount_NoDelay                   0x08008657   Thumb Code    30  mcu.o(.text)
    GetCanCommState                          0x08008675   Thumb Code    22  mcu.o(.text)
    GetCanBusDeviceState                     0x0800868b   Thumb Code     4  mcu.o(.text)
    Mcu_CanClose                             0x0800868f   Thumb Code    16  mcu.o(.text)
    Mcu_GetCanSleepState                     0x0800869f   Thumb Code     8  mcu.o(.text)
    TaskMCU                                  0x080086a7   Thumb Code   110  mcu.o(.text)
    McuIOPinInit                             0x08008749   Thumb Code    92  mcuhw.o(.text)
    McuHwInit                                0x080087a5   Thumb Code   498  mcuhw.o(.text)
    CanWrite                                 0x08008997   Thumb Code   106  mcuhw.o(.text)
    CAN1_RX0_IRQHandler                      0x08008a01   Thumb Code   190  mcuhw.o(.text)
    CAN1_RX1_IRQHandler                      0x08008abf   Thumb Code   226  mcuhw.o(.text)
    CAN2_RX0_IRQHandler                      0x08008ba1   Thumb Code   188  mcuhw.o(.text)
    CAN2_RX1_IRQHandler                      0x08008c5d   Thumb Code   190  mcuhw.o(.text)
    WaitForCAN1Message                       0x08008d1b   Thumb Code    28  mcuhw.o(.text)
    Sleep_Can_Io                             0x08008d37   Thumb Code    48  mcuhw.o(.text)
    Crc16_CCITT                              0x08008d81   Thumb Code    56  mcuupload.o(.text)
    McuUpload_CreatePackage                  0x08008db9   Thumb Code   308  mcuupload.o(.text)
    Mcu_BlockDownload_Init                   0x08008eed   Thumb Code    36  mcuupload.o(.text)
    McuUploadSend                            0x08008f11   Thumb Code    94  mcuupload.o(.text)
    Mcu_BlockDownload_End                    0x08008f6f   Thumb Code    68  mcuupload.o(.text)
    McuFirmwareTimerOut                      0x08008fb3   Thumb Code    62  mcuupload.o(.text)
    Ext_McuUart_DataSend                     0x08008ff1   Thumb Code    72  mcuupload.o(.text)
    Mcu_SendUpgradeResult                    0x08009039   Thumb Code    74  mcuupload.o(.text)
    Mcu_FirmwareDownload_Function            0x08009083   Thumb Code    70  mcuupload.o(.text)
    Ext_Mcu_UpgradeNotice_RecVProcess        0x080090c9   Thumb Code   296  mcuupload.o(.text)
    Ext_Mcu_Upgradepackage_DownloadProcess   0x080091f1   Thumb Code   248  mcuupload.o(.text)
    Ext_Mcu_UpgradeRequest_RecVProcess       0x080092e9   Thumb Code    62  mcuupload.o(.text)
    Ext_McuUartMessage                       0x08009327   Thumb Code   124  mcuupload.o(.text)
    Ext_Mcu_Upgradepackage_Request           0x080093a3   Thumb Code    64  mcuupload.o(.text)
    Mcu_SendUpgradeResult_Send               0x080093e3   Thumb Code    60  mcuupload.o(.text)
    Ext_Mcu_Upgrade_Function                 0x0800941f   Thumb Code    52  mcuupload.o(.text)
    Ext_Mcu_UpgradeTimer                     0x08009453   Thumb Code    62  mcuupload.o(.text)
    KCMCU_ProgramUpdate_Init                 0x080094e1   Thumb Code    64  mcuchqiupload.o(.text)
    KCMCU_Update_Start_Command               0x08009521   Thumb Code    46  mcuchqiupload.o(.text)
    KCMCU_Update_Imfomation                  0x0800954f   Thumb Code    76  mcuchqiupload.o(.text)
    KCMCU_CreateProgramUpPackage             0x0800959b   Thumb Code   306  mcuchqiupload.o(.text)
    KCMCU_CreateParameterUpPackage           0x080096cd   Thumb Code   230  mcuchqiupload.o(.text)
    KCMcuFirmwareTimerOut                    0x080097b3   Thumb Code    60  mcuchqiupload.o(.text)
    KCMCU_ProgramUpdate_Function             0x080097ef   Thumb Code   110  mcuchqiupload.o(.text)
    KCMCU_RecVCan_ACK                        0x0800985d   Thumb Code   180  mcuchqiupload.o(.text)
    SYS_GetDubugStatus                       0x08009911   Thumb Code     6  pcdebug.o(.text)
    PC_SendDebugData                         0x08009917   Thumb Code    58  pcdebug.o(.text)
    PC_SendToPCData2                         0x08009951   Thumb Code    50  pcdebug.o(.text)
    A5_ExecRecvDebugData                     0x08009983   Thumb Code    42  pcdebug.o(.text)
    PC_ExecRecvDebugData                     0x080099ad   Thumb Code    92  pcdebug.o(.text)
    TaskPcDebug                              0x08009a09   Thumb Code    26  pcdebug.o(.text)
    fputc                                    0x08009a35   Thumb Code    38  pchardware.o(.text)
    ReadDebugUartData                        0x08009a5b   Thumb Code    46  pchardware.o(.text)
    DEBUG_UART_Write                         0x08009a89   Thumb Code    66  pchardware.o(.text)
    USART1_DMA_Config                        0x08009acb   Thumb Code   180  pchardware.o(.text)
    UART1_Config                             0x08009b7f   Thumb Code   204  pchardware.o(.text)
    DEBUG_Uart_Init                          0x08009c4b   Thumb Code    62  pchardware.o(.text)
    USART1_IRQHandler                        0x08009c89   Thumb Code   100  pchardware.o(.text)
    DMA2_Stream7_IRQHandler                  0x08009ced   Thumb Code    36  pchardware.o(.text)
    IsCorrectTimeOk                          0x08009d31   Thumb Code     6  systemcommand.o(.text)
    SetCorrectTimeOk                         0x08009d37   Thumb Code     8  systemcommand.o(.text)
    RestoreTranslateData                     0x08009d3f   Thumb Code    78  systemcommand.o(.text)
    TranslateData                            0x08009d8d   Thumb Code   112  systemcommand.o(.text)
    DealSerCmd_DefSerRespondGps              0x08009dfd   Thumb Code    82  systemcommand.o(.text)
    DealSerCmd_Connect                       0x08009e4f   Thumb Code    36  systemcommand.o(.text)
    ParsePara                                0x08009e73   Thumb Code  1076  systemcommand.o(.text)
    GSM_GetICCID                             0x0800a2a7   Thumb Code    18  systemcommand.o(.text)
    PackParaData                             0x0800a2b9   Thumb Code  1336  systemcommand.o(.text)
    AllParamSave                             0x0800a7f1   Thumb Code   104  systemcommand.o(.text)
    DealSerCmd_SetPara                       0x0800a859   Thumb Code   308  systemcommand.o(.text)
    DealSerCmd_QueryPara                     0x0800a98d   Thumb Code   180  systemcommand.o(.text)
    SYS_ParamRead                            0x0800aa41   Thumb Code   312  systemcommand.o(.text)
    SysParaToFactory                         0x0800ab79   Thumb Code    34  systemcommand.o(.text)
    DealSerCmd_PositionTrack                 0x0800ab9b   Thumb Code   178  systemcommand.o(.text)
    DealSerCmd_RemoteCtrl                    0x0800ac4d   Thumb Code   502  systemcommand.o(.text)
    DealSerCmd_CmdReq                        0x0800ae43   Thumb Code   210  systemcommand.o(.text)
    SYS_SendUpgradeRequest                   0x0800af15   Thumb Code   206  systemcommand.o(.text)
    SYS_SendUpgradeLoadPacketRequest         0x0800afe3   Thumb Code   194  systemcommand.o(.text)
    GetCrc32                                 0x0800b0a5   Thumb Code   128  systemcommand.o(.text)
    SYS_SendUpgradeRet                       0x0800b125   Thumb Code    64  systemcommand.o(.text)
    ReConnectWhenUpgradeFaild                0x0800b165   Thumb Code   112  systemcommand.o(.text)
    DealSerCmd                               0x0800b1d5   Thumb Code   252  systemcommand.o(.text)
    SYS_GetParam                             0x0800b2d1   Thumb Code     4  systemcommand.o(.text)
    DealUnNormData                           0x0800b2d5   Thumb Code     2  systemcommand.o(.text)
    ReadWatchDogState                        0x0800b2f9   Thumb Code    22  systemprotocol.o(.text)
    SysCounterInit                           0x0800b30f   Thumb Code    18  systemprotocol.o(.text)
    SYS_PutDataQ                             0x0800b321   Thumb Code    34  systemprotocol.o(.text)
    Check_DataSum                            0x0800b343   Thumb Code    36  systemprotocol.o(.text)
    SYS_CreateReceivDataQ                    0x0800b367   Thumb Code    20  systemprotocol.o(.text)
    BuildMsgHead                             0x0800b37b   Thumb Code    44  systemprotocol.o(.text)
    BuildState                               0x0800b3a7   Thumb Code   160  systemprotocol.o(.text)
    BuildPositionInfor                       0x0800b447   Thumb Code    60  systemprotocol.o(.text)
    BuildSS                                  0x0800b483   Thumb Code   682  systemprotocol.o(.text)
    SYS_LedDisplay                           0x0800b72d   Thumb Code   186  systemprotocol.o(.text)
    SYS_Reset                                0x0800b7e7   Thumb Code     6  systemprotocol.o(.text)
    SYS_Shutdown                             0x0800b7ed   Thumb Code     6  systemprotocol.o(.text)
    SYS_TimerCount_NoDelay                   0x0800b7f3   Thumb Code   130  systemprotocol.o(.text)
    SYS_TimerCount_Delay                     0x0800b875   Thumb Code     2  systemprotocol.o(.text)
    TaskSYS                                  0x0800b877   Thumb Code    58  systemprotocol.o(.text)
    SYS_PowerOff_Reset                       0x0800b8b1   Thumb Code   154  systemprotocol.o(.text)
    TaskSysTimer                             0x0800b94b   Thumb Code    78  systemprotocol.o(.text)
    Get_SYSWorkingMode                       0x0800b9d5   Thumb Code     6  systemworkmode.o(.text)
    SYS_GPSSleep                             0x0800b9db   Thumb Code     8  systemworkmode.o(.text)
    SYS_GPSWake                              0x0800b9e3   Thumb Code     8  systemworkmode.o(.text)
    SYS_GSMPwrofff                           0x0800b9eb   Thumb Code    14  systemworkmode.o(.text)
    SYS_GSMSleep                             0x0800b9f9   Thumb Code    40  systemworkmode.o(.text)
    SYS_GSMWake                              0x0800ba21   Thumb Code    26  systemworkmode.o(.text)
    MainPowerCheck                           0x0800ba3b   Thumb Code   156  systemworkmode.o(.text)
    SYSCLKConfig_STOP                        0x0800bad7   Thumb Code    50  systemworkmode.o(.text)
    CPU_PowerDown                            0x0800bb09   Thumb Code   210  systemworkmode.o(.text)
    SYS_ResetSleeptime                       0x0800bbdb   Thumb Code     8  systemworkmode.o(.text)
    SYS_WorkModeSleep_Count                  0x0800bbe3   Thumb Code   132  systemworkmode.o(.text)
    SYS_WorkModeInit                         0x0800bc67   Thumb Code    14  systemworkmode.o(.text)
    SYS_WorkMode_Exec                        0x0800bc75   Thumb Code   248  systemworkmode.o(.text)
    GetRTCTime                               0x0800bdd9   Thumb Code    58  rtc.o(.text)
    GetRTCTime_Beijin                        0x0800be13   Thumb Code     2  rtc.o(.text)
    AccountRTCDate                           0x0800be15   Thumb Code   118  rtc.o(.text)
    UtcToBjTime                              0x0800be8b   Thumb Code   138  rtc.o(.text)
    BjToUtcTime                              0x0800bf15   Thumb Code   138  rtc.o(.text)
    GetRTCTime_UTC                           0x0800bf9f   Thumb Code    52  rtc.o(.text)
    RTC_SecondToDateTime                     0x0800bfd3   Thumb Code   120  rtc.o(.text)
    RTC_DateTimeToSecond                     0x0800c04b   Thumb Code   102  rtc.o(.text)
    VirtualTimeInit                          0x0800c0b1   Thumb Code    24  rtc.o(.text)
    VirtualRTC_Timer                         0x0800c0c9   Thumb Code    10  rtc.o(.text)
    RTC_GetVirtualTime                       0x0800c0d3   Thumb Code    76  rtc.o(.text)
    RTC_Onchip_Init                          0x0800c11f   Thumb Code    20  rtc.o(.text)
    mcu_i2c_write                            0x0800c155   Thumb Code    92  amx8xx_v02.o(.text)
    mcu_i2c_read                             0x0800c1b1   Thumb Code   116  amx8xx_v02.o(.text)
    setreg                                   0x0800c225   Thumb Code    38  amx8xx_v02.o(.text)
    clrreg                                   0x0800c24b   Thumb Code    38  amx8xx_v02.o(.text)
    PSWControl                               0x0800c271   Thumb Code    50  amx8xx_v02.o(.text)
    readreg                                  0x0800c2a3   Thumb Code    18  amx8xx_v02.o(.text)
    writereg                                 0x0800c2b5   Thumb Code    14  amx8xx_v02.o(.text)
    am_osc_sel                               0x0800c2c3   Thumb Code    88  amx8xx_v02.o(.text)
    Am_I2C_Config                            0x0800c31b   Thumb Code     2  amx8xx_v02.o(.text)
    am_init                                  0x0800c31d   Thumb Code    40  amx8xx_v02.o(.text)
    bcd2dec                                  0x0800c345   Thumb Code    18  amx8xx_v02.o(.text)
    burstread                                0x0800c357   Thumb Code     8  amx8xx_v02.o(.text)
    am_get_time                              0x0800c35f   Thumb Code   150  amx8xx_v02.o(.text)
    burstwrite                               0x0800c3f5   Thumb Code     8  amx8xx_v02.o(.text)
    dec2bcd                                  0x0800c3fd   Thumb Code    18  amx8xx_v02.o(.text)
    am_set_time                              0x0800c40f   Thumb Code   230  amx8xx_v02.o(.text)
    am_set_calibration                       0x0800c4f5   Thumb Code   286  amx8xx_v02.o(.text)
    am_set_alarm                             0x0800c613   Thumb Code   274  amx8xx_v02.o(.text)
    am_set_countdown                         0x0800c725   Thumb Code   332  amx8xx_v02.o(.text)
    am_config_sqw                            0x0800c871   Thumb Code    80  amx8xx_v02.o(.text)
    am_set_sleep                             0x0800c8c1   Thumb Code   104  amx8xx_v02.o(.text)
    am_set_watchdog                          0x0800c929   Thumb Code   136  amx8xx_v02.o(.text)
    am_set_autocal                           0x0800c9b1   Thumb Code   108  amx8xx_v02.o(.text)
    am_read_ram                              0x0800ca1d   Thumb Code    30  amx8xx_v02.o(.text)
    am_write_ram                             0x0800ca3b   Thumb Code    34  amx8xx_v02.o(.text)
    check_param                              0x0800ca5d   Thumb Code    16  amx8xx_v02.o(.text)
    RTCSetSleepTime                          0x0800ca6d   Thumb Code   112  amx8xx_v02.o(.text)
    am_clr_intflag                           0x0800cadd   Thumb Code     8  amx8xx_v02.o(.text)
    am_disable_alm                           0x0800cae5   Thumb Code    22  amx8xx_v02.o(.text)
    am_jhm                                   0x0800cafb   Thumb Code   184  amx8xx_v02.o(.text)
    i2c_Initialize                           0x0800cc3d   Thumb Code    72  i2c.o(.text)
    delay_ms                                 0x0800cc85   Thumb Code    30  i2c.o(.text)
    delay_us                                 0x0800cca3   Thumb Code   222  i2c.o(.text)
    i2c_idle                                 0x0800cd81   Thumb Code     2  i2c.o(.text)
    i2c_start                                0x0800cd83   Thumb Code    46  i2c.o(.text)
    i2c_restart                              0x0800cdb1   Thumb Code    46  i2c.o(.text)
    i2c_stop                                 0x0800cddf   Thumb Code    38  i2c.o(.text)
    i2c_abort                                0x0800ce05   Thumb Code     2  i2c.o(.text)
    i2c_wait_ack                             0x0800ce07   Thumb Code    82  i2c.o(.text)
    i2c_ack                                  0x0800ce59   Thumb Code    46  i2c.o(.text)
    i2c_not_ack                              0x0800ce87   Thumb Code    46  i2c.o(.text)
    i2c_write_byte                           0x0800ceb5   Thumb Code    70  i2c.o(.text)
    i2c_read_byte                            0x0800cefb   Thumb Code    76  i2c.o(.text)
    i2c_LD_write_byte                        0x0800cf47   Thumb Code    76  i2c.o(.text)
    i2c_LD_read_byte                         0x0800cf93   Thumb Code    84  i2c.o(.text)
    i2c_LD_read_bytes                        0x0800cfe7   Thumb Code   134  i2c.o(.text)
    i2c_LD_write_bytes                       0x0800d06d   Thumb Code    94  i2c.o(.text)
    ReadRS232UartData                        0x0800d0d1   Thumb Code    46  a5_com1hw.o(.text)
    RS232_UART_Write                         0x0800d0ff   Thumb Code    66  a5_com1hw.o(.text)
    USART6_DMA_Config                        0x0800d141   Thumb Code   176  a5_com1hw.o(.text)
    UART6_Config                             0x0800d1f1   Thumb Code   208  a5_com1hw.o(.text)
    RS232_Uart_Init                          0x0800d2c1   Thumb Code    64  a5_com1hw.o(.text)
    USART6_IRQHandler                        0x0800d301   Thumb Code   104  a5_com1hw.o(.text)
    DMA2_Stream6_IRQHandler                  0x0800d369   Thumb Code    34  a5_com1hw.o(.text)
    DealA5_Com1Message                       0x0800d3b1   Thumb Code   214  a5_com1protocollayer.o(.text)
    A5_SendToA5Data                          0x0800d487   Thumb Code    50  a5_com1protocollayer.o(.text)
    TaskA5_Com1Function                      0x0800d4b9   Thumb Code    72  a5_com1protocollayer.o(.text)
    GpsAntenaCheck                           0x0800d509   Thumb Code    92  gpsprotocollayer.o(.text)
    GPS_GetAnteState                         0x0800d565   Thumb Code    10  gpsprotocollayer.o(.text)
    GPS_GetOrientState                       0x0800d56f   Thumb Code    10  gpsprotocollayer.o(.text)
    __rt_ctype_table                         0x0800d581   Thumb Code     4  ctype_o.o(.text)
    ___aeabi_memcpy8$move                    0x0800d589   Thumb Code     0  memmovea.o(.text)
    __aeabi_memcpy                           0x0800d589   Thumb Code    64  memmovea.o(.text)
    __aeabi_memcpy4                          0x0800d589   Thumb Code     0  memmovea.o(.text)
    __aeabi_memmove                          0x0800d589   Thumb Code     0  memmovea.o(.text)
    __aeabi_memmove4                         0x0800d589   Thumb Code     0  memmovea.o(.text)
    __aeabi_memmove8                         0x0800d589   Thumb Code     0  memmovea.o(.text)
    __aeabi_memset                           0x0800d5c9   Thumb Code    14  memseta.o(.text)
    __aeabi_memset4                          0x0800d5c9   Thumb Code     0  memseta.o(.text)
    __aeabi_memset8                          0x0800d5c9   Thumb Code     0  memseta.o(.text)
    __aeabi_memclr                           0x0800d5d7   Thumb Code     4  memseta.o(.text)
    __aeabi_memclr4                          0x0800d5d7   Thumb Code     0  memseta.o(.text)
    __aeabi_memclr8                          0x0800d5d7   Thumb Code     0  memseta.o(.text)
    _memset$wrapper                          0x0800d5db   Thumb Code    20  memseta.o(.text)
    memcmp                                   0x0800d5ef   Thumb Code    26  memcmp.o(.text)
    strncmp                                  0x0800d609   Thumb Code    30  strncmp.o(.text)
    __aeabi_dadd                             0x0800d627   Thumb Code   320  dadd.o(.text)
    __aeabi_dsub                             0x0800d767   Thumb Code     6  dadd.o(.text)
    __aeabi_drsub                            0x0800d76d   Thumb Code     6  dadd.o(.text)
    __aeabi_dmul                             0x0800d773   Thumb Code   224  dmul.o(.text)
    __aeabi_ddiv                             0x0800d853   Thumb Code   222  ddiv.o(.text)
    __aeabi_ui2d                             0x0800d931   Thumb Code    26  dfltui.o(.text)
    __aeabi_d2uiz                            0x0800d94b   Thumb Code    46  dfixui.o(.text)
    __aeabi_uidiv                            0x0800d979   Thumb Code     0  uidiv.o(.text)
    __aeabi_uidivmod                         0x0800d979   Thumb Code    44  uidiv.o(.text)
    __aeabi_llsl                             0x0800d9a5   Thumb Code    30  llshl.o(.text)
    _ll_shift_l                              0x0800d9a5   Thumb Code     0  llshl.o(.text)
    __aeabi_llsr                             0x0800d9c3   Thumb Code    32  llushr.o(.text)
    _ll_ushift_r                             0x0800d9c3   Thumb Code     0  llushr.o(.text)
    __aeabi_lasr                             0x0800d9e3   Thumb Code    36  llsshr.o(.text)
    _ll_sshift_r                             0x0800d9e3   Thumb Code     0  llsshr.o(.text)
    __I$use$fp                               0x0800da07   Thumb Code     0  iusefp.o(.text)
    _double_round                            0x0800da07   Thumb Code    26  depilogue.o(.text)
    _double_epilogue                         0x0800da21   Thumb Code   164  depilogue.o(.text)
    __ARM_scalbn                             0x0800dac5   Thumb Code    46  dscalb.o(.text)
    scalbn                                   0x0800dac5   Thumb Code     0  dscalb.o(.text)
    __scatterload                            0x0800daf5   Thumb Code    28  init.o(.text)
    __scatterload_rt2                        0x0800daf5   Thumb Code     0  init.o(.text)
    _dsqrt                                   0x0800db19   Thumb Code   162  dsqrt.o(.text)
    __aeabi_i2d                              0x0800dbbb   Thumb Code    34  dflti.o(.text)
    __aeabi_d2iz                             0x0800dbdd   Thumb Code    62  dfixi.o(.text)
    __decompress                             0x0800dc1b   Thumb Code     0  __dczerorl2.o(.text)
    __decompress1                            0x0800dc1b   Thumb Code    92  __dczerorl2.o(.text)
    Long Thumb to Thumb Veneer to Flash_SPI_Config 0x0800dc77   Thumb Code    10  anon$$obj.o(Veneer$$Code)
    Long Thumb to Thumb Veneer to WriteToFlash 0x0800dc81   Thumb Code    10  anon$$obj.o(Veneer$$Code)
    Long Thumb to Thumb Veneer to ReadFromFlash 0x0800dc8b   Thumb Code    10  anon$$obj.o(Veneer$$Code)
    Long Thumb to Thumb Veneer to GPIO_ReadInputDataBit 0x0800dc95   Thumb Code    10  anon$$obj.o(Veneer$$Code)
    Long Thumb to Thumb Veneer to GPIO_ResetBits 0x0800dc9f   Thumb Code    10  anon$$obj.o(Veneer$$Code)
    Long Thumb to Thumb Veneer to GPIO_SetBits 0x0800dca9   Thumb Code    10  anon$$obj.o(Veneer$$Code)
    Long Thumb to Thumb Veneer to GPIO_Init  0x0800dcb3   Thumb Code    10  anon$$obj.o(Veneer$$Code)
    Long Thumb to Thumb Veneer to GPIO_PinAFConfig 0x0800dcbd   Thumb Code    10  anon$$obj.o(Veneer$$Code)
    Long Thumb to Thumb Veneer to IAP_Start  0x0800dcc7   Thumb Code    10  anon$$obj.o(Veneer$$Code)
    Long Thumb to Thumb Veneer to FLASH_OB_GetUser 0x0800dcd1   Thumb Code    10  anon$$obj.o(Veneer$$Code)
    Long Thumb to Thumb Veneer to FLASH_OB_Unlock 0x0800dcdb   Thumb Code    10  anon$$obj.o(Veneer$$Code)
    Long Thumb to Thumb Veneer to FLASH_OB_UserConfig 0x0800dce5   Thumb Code    10  anon$$obj.o(Veneer$$Code)
    Long Thumb to Thumb Veneer to FLASH_OB_Launch 0x0800dcef   Thumb Code    10  anon$$obj.o(Veneer$$Code)
    Long Thumb to Thumb Veneer to FLASH_OB_Lock 0x0800dcf9   Thumb Code    10  anon$$obj.o(Veneer$$Code)
    __0printf$1                              0x0800dd05   Thumb Code    22  printf1.o(i.__0printf$1)
    __1printf$1                              0x0800dd05   Thumb Code     0  printf1.o(i.__0printf$1)
    __2printf                                0x0800dd05   Thumb Code     0  printf1.o(i.__0printf$1)
    __ARM_fpclassify                         0x0800dd25   Thumb Code    40  fpclassify.o(i.__ARM_fpclassify)
    __ieee754_rem_pio2                       0x0800dd4d   Thumb Code   828  rred.o(i.__ieee754_rem_pio2)
    __kernel_cos                             0x0800e0d1   Thumb Code   230  cos_i.o(i.__kernel_cos)
    __kernel_poly                            0x0800e1cd   Thumb Code   170  poly.o(i.__kernel_poly)
    __kernel_sin                             0x0800e279   Thumb Code   224  sin_i.o(i.__kernel_sin)
    __mathlib_dbl_underflow                  0x0800e365   Thumb Code    10  dunder.o(i.__mathlib_dbl_underflow)
    __scatterload_copy                       0x0800e375   Thumb Code    14  handlers.o(i.__scatterload_copy)
    __scatterload_null                       0x0800e383   Thumb Code     2  handlers.o(i.__scatterload_null)
    __scatterload_zeroinit                   0x0800e385   Thumb Code    14  handlers.o(i.__scatterload_zeroinit)
    __set_errno                              0x0800e395   Thumb Code     6  errno.o(i.__set_errno)
    acos                                     0x0800e4f1   Thumb Code   586  acos.o(i.acos)
    cos                                      0x0800e779   Thumb Code   164  cos.o(i.cos)
    sin                                      0x0800e825   Thumb Code   166  sin.o(i.sin)
    sqrt                                     0x0800e8d5   Thumb Code    76  sqrt.o(i.sqrt)
    OSUnMapTbl                               0x0800eab4   Data         256  os_core.o(.constdata)
    __ctype_table                            0x0800eca8   Data         129  ctype_o.o(.constdata)
    Region$$Table$$Base                      0x0800ee50   Number         0  anon$$obj.o(Region$$Table)
    Region$$Table$$Limit                     0x0800ee80   Number         0  anon$$obj.o(Region$$Table)
    FLASH_SetLatency                         0x20000001   Thumb Code     6  stm32f2xx_flash.o(.text)
    FLASH_PrefetchBufferCmd                  0x20000007   Thumb Code    22  stm32f2xx_flash.o(.text)
    FLASH_InstructionCacheCmd                0x2000001d   Thumb Code    22  stm32f2xx_flash.o(.text)
    FLASH_DataCacheCmd                       0x20000033   Thumb Code    22  stm32f2xx_flash.o(.text)
    FLASH_InstructionCacheReset              0x20000049   Thumb Code    12  stm32f2xx_flash.o(.text)
    FLASH_DataCacheReset                     0x20000055   Thumb Code    12  stm32f2xx_flash.o(.text)
    FLASH_Unlock                             0x20000061   Thumb Code    24  stm32f2xx_flash.o(.text)
    FLASH_Lock                               0x20000079   Thumb Code    14  stm32f2xx_flash.o(.text)
    FLASH_GetStatus                          0x20000087   Thumb Code    48  stm32f2xx_flash.o(.text)
    FLASH_WaitForLastOperation               0x200000b7   Thumb Code    12  stm32f2xx_flash.o(.text)
    FLASH_EraseSector                        0x200000c3   Thumb Code   106  stm32f2xx_flash.o(.text)
    FLASH_EraseAllSectors                    0x2000012d   Thumb Code    88  stm32f2xx_flash.o(.text)
    FLASH_ProgramDoubleWord                  0x20000185   Thumb Code    60  stm32f2xx_flash.o(.text)
    FLASH_ProgramWord                        0x200001c1   Thumb Code    58  stm32f2xx_flash.o(.text)
    FLASH_ProgramHalfWord                    0x200001fb   Thumb Code    58  stm32f2xx_flash.o(.text)
    FLASH_ProgramByte                        0x20000235   Thumb Code    54  stm32f2xx_flash.o(.text)
    FLASH_OB_Unlock                          0x2000026b   Thumb Code    24  stm32f2xx_flash.o(.text)
    FLASH_OB_Lock                            0x20000283   Thumb Code    14  stm32f2xx_flash.o(.text)
    FLASH_OB_WRPConfig                       0x20000291   Thumb Code    32  stm32f2xx_flash.o(.text)
    FLASH_OB_RDPConfig                       0x200002b1   Thumb Code    20  stm32f2xx_flash.o(.text)
    FLASH_OB_UserConfig                      0x200002c5   Thumb Code    36  stm32f2xx_flash.o(.text)
    FLASH_OB_BORConfig                       0x200002e9   Thumb Code    20  stm32f2xx_flash.o(.text)
    FLASH_OB_Launch                          0x200002fd   Thumb Code    14  stm32f2xx_flash.o(.text)
    FLASH_OB_GetUser                         0x2000030b   Thumb Code    12  stm32f2xx_flash.o(.text)
    FLASH_OB_GetWRP                          0x20000317   Thumb Code     8  stm32f2xx_flash.o(.text)
    FLASH_OB_GetRDP                          0x2000031f   Thumb Code    16  stm32f2xx_flash.o(.text)
    FLASH_OB_GetBOR                          0x2000032f   Thumb Code    12  stm32f2xx_flash.o(.text)
    FLASH_ITConfig                           0x2000033b   Thumb Code    20  stm32f2xx_flash.o(.text)
    FLASH_GetFlagStatus                      0x2000034f   Thumb Code    18  stm32f2xx_flash.o(.text)
    FLASH_ClearFlag                          0x20000361   Thumb Code     8  stm32f2xx_flash.o(.text)
    GPIO_DeInit                              0x2000037d   Thumb Code   192  stm32f2xx_gpio.o(.text)
    GPIO_Init                                0x2000043d   Thumb Code   122  stm32f2xx_gpio.o(.text)
    GPIO_StructInit                          0x200004b7   Thumb Code    18  stm32f2xx_gpio.o(.text)
    GPIO_PinLockConfig                       0x200004c9   Thumb Code    16  stm32f2xx_gpio.o(.text)
    GPIO_ReadInputDataBit                    0x200004d9   Thumb Code    14  stm32f2xx_gpio.o(.text)
    GPIO_ReadInputData                       0x200004e7   Thumb Code     6  stm32f2xx_gpio.o(.text)
    GPIO_ReadOutputDataBit                   0x200004ed   Thumb Code    14  stm32f2xx_gpio.o(.text)
    GPIO_ReadOutputData                      0x200004fb   Thumb Code     6  stm32f2xx_gpio.o(.text)
    GPIO_SetBits                             0x20000501   Thumb Code     4  stm32f2xx_gpio.o(.text)
    GPIO_ResetBits                           0x20000505   Thumb Code     4  stm32f2xx_gpio.o(.text)
    GPIO_WriteBit                            0x20000509   Thumb Code    10  stm32f2xx_gpio.o(.text)
    GPIO_Write                               0x20000513   Thumb Code     4  stm32f2xx_gpio.o(.text)
    GPIO_ToggleBits                          0x20000517   Thumb Code     8  stm32f2xx_gpio.o(.text)
    GPIO_PinAFConfig                         0x2000051f   Thumb Code    32  stm32f2xx_gpio.o(.text)
    SPI_I2S_DeInit                           0x20000565   Thumb Code    72  stm32f2xx_spi.o(.text)
    SPI_Init                                 0x200005ad   Thumb Code    56  stm32f2xx_spi.o(.text)
    I2S_Init                                 0x200005e5   Thumb Code   182  stm32f2xx_spi.o(.text)
    SPI_StructInit                           0x2000069b   Thumb Code    24  stm32f2xx_spi.o(.text)
    I2S_StructInit                           0x200006b3   Thumb Code    18  stm32f2xx_spi.o(.text)
    SPI_Cmd                                  0x200006c5   Thumb Code    20  stm32f2xx_spi.o(.text)
    I2S_Cmd                                  0x200006d9   Thumb Code    20  stm32f2xx_spi.o(.text)
    SPI_DataSizeConfig                       0x200006ed   Thumb Code    16  stm32f2xx_spi.o(.text)
    SPI_BiDirectionalLineConfig              0x200006fd   Thumb Code    22  stm32f2xx_spi.o(.text)
    SPI_NSSInternalSoftwareConfig            0x20000713   Thumb Code    24  stm32f2xx_spi.o(.text)
    SPI_SSOutputCmd                          0x2000072b   Thumb Code    20  stm32f2xx_spi.o(.text)
    SPI_TIModeCmd                            0x2000073f   Thumb Code    20  stm32f2xx_spi.o(.text)
    SPI_I2S_ReceiveData                      0x20000753   Thumb Code     4  stm32f2xx_spi.o(.text)
    SPI_I2S_SendData                         0x20000757   Thumb Code     4  stm32f2xx_spi.o(.text)
    SPI_CalculateCRC                         0x2000075b   Thumb Code    20  stm32f2xx_spi.o(.text)
    SPI_TransmitCRC                          0x2000076f   Thumb Code    10  stm32f2xx_spi.o(.text)
    SPI_GetCRC                               0x20000779   Thumb Code    12  stm32f2xx_spi.o(.text)
    SPI_GetCRCPolynomial                     0x20000785   Thumb Code     4  stm32f2xx_spi.o(.text)
    SPI_I2S_DMACmd                           0x20000789   Thumb Code    16  stm32f2xx_spi.o(.text)
    SPI_I2S_ITConfig                         0x20000799   Thumb Code    24  stm32f2xx_spi.o(.text)
    SPI_I2S_GetFlagStatus                    0x200007b1   Thumb Code    14  stm32f2xx_spi.o(.text)
    SPI_I2S_ClearFlag                        0x200007bf   Thumb Code     6  stm32f2xx_spi.o(.text)
    SPI_I2S_GetITStatus                      0x200007c5   Thumb Code    42  stm32f2xx_spi.o(.text)
    SPI_I2S_ClearITPendingBit                0x200007ef   Thumb Code    14  stm32f2xx_spi.o(.text)
    IWDG_ReloadCounter_IAP                   0x20000811   Thumb Code    10  iap.o(.text)
    RamToFlash                               0x2000081b   Thumb Code    76  iap.o(.text)
    IAP_Start                                0x20000867   Thumb Code   178  iap.o(.text)
    Flash_SPI_Config                         0x20000929   Thumb Code   248  mx25l1606mem.o(.text)
    SPISleep                                 0x20000a21   Thumb Code     2  mx25l1606mem.o(.text)
    SPIWake                                  0x20000a23   Thumb Code     2  mx25l1606mem.o(.text)
    sFLASH_SendByte                          0x20000a25   Thumb Code    70  mx25l1606mem.o(.text)
    ReadStatusRegister                       0x20000a6b   Thumb Code    96  mx25l1606mem.o(.text)
    WriteInOnePage                           0x20000acb   Thumb Code    78  mx25l1606mem.o(.text)
    ReadFromFlash                            0x20000b19   Thumb Code    68  mx25l1606mem.o(.text)
    WriteToFlash                             0x20000b5d   Thumb Code   166  mx25l1606mem.o(.text)
    WriteFlash                               0x20000c03   Thumb Code    34  mx25l1606mem.o(.text)
    ReadFlash                                0x20000c25   Thumb Code    32  mx25l1606mem.o(.text)
    Long Thumb to Thumb Veneer to RCC_AHB1PeriphResetCmd 0x20000cb5   Thumb Code    10  anon$$obj.o(Veneer$$Code)
    Long Thumb to Thumb Veneer to RCC_APB2PeriphResetCmd 0x20000cbf   Thumb Code    10  anon$$obj.o(Veneer$$Code)
    Long Thumb to Thumb Veneer to RCC_APB1PeriphResetCmd 0x20000cc9   Thumb Code    10  anon$$obj.o(Veneer$$Code)
    Long Thumb to Thumb Veneer to RCC_APB1PeriphClockCmd 0x20000cd3   Thumb Code    10  anon$$obj.o(Veneer$$Code)
    Long Thumb to Thumb Veneer to RCC_AHB1PeriphClockCmd 0x20000cdd   Thumb Code    10  anon$$obj.o(Veneer$$Code)
    Long Thumb to Thumb Veneer to OSSemCreate 0x20000ce7   Thumb Code    10  anon$$obj.o(Veneer$$Code)
    Long Thumb to Thumb Veneer to IWdtFeed   0x20000cf1   Thumb Code    10  anon$$obj.o(Veneer$$Code)
    SystemCoreClock                          0x20000cfc   Data           4  system_stm32f2xx.o(.data)
    AHBPrescTable                            0x20000d00   Data          16  system_stm32f2xx.o(.data)
    CPU_TS_TmrFreq_Hz                        0x20000d10   Data           4  cpu_core.o(.data)
    Mem_PoolTbl                              0x20000d14   Data           4  lib_mem.o(.data)
    OSIntNesting                             0x20000d18   Data           1  os_core.o(.data)
    OSLockNesting                            0x20000d19   Data           1  os_core.o(.data)
    OSPrioCur                                0x20000d1a   Data           1  os_core.o(.data)
    OSPrioHighRdy                            0x20000d1b   Data           1  os_core.o(.data)
    OSRdyGrp                                 0x20000d1c   Data           1  os_core.o(.data)
    OSRunning                                0x20000d1d   Data           1  os_core.o(.data)
    OSTaskCtr                                0x20000d1e   Data           1  os_core.o(.data)
    OSTickStepState                          0x20000d1f   Data           1  os_core.o(.data)
    OSTaskRegNextAvailID                     0x20000d20   Data           1  os_core.o(.data)
    OSCtxSwCtr                               0x20000d24   Data           4  os_core.o(.data)
    OSEventFreeList                          0x20000d28   Data           4  os_core.o(.data)
    OSIdleCtr                                0x20000d2c   Data           4  os_core.o(.data)
    OSTCBCur                                 0x20000d30   Data           4  os_core.o(.data)
    OSTCBFreeList                            0x20000d34   Data           4  os_core.o(.data)
    OSTCBHighRdy                             0x20000d38   Data           4  os_core.o(.data)
    OSTCBList                                0x20000d3c   Data           4  os_core.o(.data)
    OSTime                                   0x20000d40   Data           4  os_core.o(.data)
    OSRdyTbl                                 0x20000d44   Data           8  os_core.o(.data)
    OSFlagFreeList                           0x20000d4c   Data           4  os_core.o(.data)
    OSMemFreeList                            0x20000d50   Data           4  os_core.o(.data)
    OSQFreeList                              0x20000d54   Data           4  os_core.o(.data)
    OSTmrFree                                0x20000d58   Data           2  os_core.o(.data)
    OSTmrUsed                                0x20000d5a   Data           2  os_core.o(.data)
    OSTmrTime                                0x20000d5c   Data           4  os_core.o(.data)
    OSTmrSem                                 0x20000d60   Data           4  os_core.o(.data)
    OSTmrSemSignal                           0x20000d64   Data           4  os_core.o(.data)
    OSTmrFreeList                            0x20000d68   Data           4  os_core.o(.data)
    OS_CPU_ExceptStkBase                     0x20000d70   Data           4  os_cpu_c.o(.data)
    ADC2ConvertedValue                       0x20000da4   Data           2  collectinterfacelayer.o(.data)
    ADC3ConvertedValue                       0x20000da6   Data           2  collectinterfacelayer.o(.data)
    GSM_UART_Rx_Cnt                          0x20000e08   Data           2  gsmhardwarelayer.o(.data)
    UartGSMReadSem                           0x20000e0c   Data           4  gsmhardwarelayer.o(.data)
    UartGSMWriteSem                          0x20000e10   Data           4  gsmhardwarelayer.o(.data)
    ucOpenTimes                              0x20000e14   Data           1  gsmintegratelayer.o(.data)
    g_stuGsmState                            0x20000e15   Data           2  gsmintegratelayer.o(.data)
    g_stuSysLedState                         0x20000e1f   Data           5  gsmprotocollayer.o(.data)
    stuA5Date                                0x20000e24   Data          10  gsmprotocollayer.o(.data)
    SpecialCanId1                            0x20000e3c   Data           4  mcu.o(.data)
    m_stuCommState                           0x20000e40   Data          14  mcu.o(.data)
    m_stuMcuCmd                              0x20000e50   Data          36  mcu.o(.data)
    SpecialCanId2                            0x20000e74   Data          20  mcu.o(.data)
    CAN1ReadSem                              0x20000e88   Data           4  mcuhw.o(.data)
    DEBUG_UART_Rx_Cnt                        0x20000eb0   Data           2  pchardware.o(.data)
    UartDEBUGReadSem                         0x20000eb4   Data           4  pchardware.o(.data)
    UartDEBUGWriteSem                        0x20000eb8   Data           4  pchardware.o(.data)
    crctab                                   0x20000ebc   Data        1024  systemcommand.o(.data)
    g_uiSysTime                              0x200012bc   Data           4  systemprotocol.o(.data)
    m_SYS_ReceivDataQ                        0x200012c8   Data           4  systemprotocol.o(.data)
    SysCounter                               0x200012cc   Data           4  systemprotocol.o(.data)
    HeartBeat                                0x200012d0   Data           8  systemprotocol.o(.data)
    g_stuSYSParamSet                         0x200012d8   Data         640  systemprotocol.o(.data)
    SSData                                   0x20001558   Data           8  systemprotocol.o(.data)
    PositionTrack                            0x20001560   Data           6  systemprotocol.o(.data)
    f_usUpLoadCmdSn                          0x20001566   Data           2  systemprotocol.o(.data)
    Connect                                  0x20001568   Data           4  systemprotocol.o(.data)
    DTCRep                                   0x2000156c   Data           6  systemprotocol.o(.data)
    virtual_secs                             0x20001574   Data           4  rtc.o(.data)
    i2c1_semaphore                           0x20001578   Data           4  i2c.o(.data)
    g_SpiSem                                 0x2000157c   Data           4  mx25l1606mem.o(.data)
    RS232_UART_Rx_Cnt                        0x20001580   Data           2  a5_com1hw.o(.data)
    UartRS232ReadSem                         0x20001584   Data           4  a5_com1hw.o(.data)
    UartRS232WriteSem                        0x20001588   Data           4  a5_com1hw.o(.data)
    __stdout                                 0x20001590   Data           4  stdout.o(.data)
    CPU_Name                                 0x20003e38   Data          16  cpu_core.o(.bss)
    Mem_PoolHeap                             0x20003e48   Data          72  lib_mem.o(.bss)
    Mem_Heap                                 0x20003e90   Data        9216  lib_mem.o(.bss)
    OSEventTbl                               0x20006290   Data         360  os_core.o(.bss)
    OSTaskIdleStk                            0x200063f8   Data         512  os_core.o(.bss)
    OSTCBPrioTbl                             0x200065f8   Data         256  os_core.o(.bss)
    OSTCBTbl                                 0x200066f8   Data        1344  os_core.o(.bss)
    OSFlagTbl                                0x20006c38   Data          80  os_core.o(.bss)
    OSMemTbl                                 0x20006c88   Data         120  os_core.o(.bss)
    OSQTbl                                   0x20006d00   Data          96  os_core.o(.bss)
    OSTmrTbl                                 0x20006d60   Data         640  os_core.o(.bss)
    OSTmrTaskStk                             0x20006fe0   Data         512  os_core.o(.bss)
    OSTmrWheelTbl                            0x200071e0   Data          64  os_core.o(.bss)
    OS_CPU_ExceptStk                         0x20007220   Data         512  os_cpu_c.o(.bss)
    STU_Systemstate                          0x20007420   Data          16  collectinterfacelayer.o(.bss)
    STU_SystemstatePre                       0x20007430   Data          16  collectinterfacelayer.o(.bss)
    STU_AD                                   0x20007440   Data          80  collectinterfacelayer.o(.bss)
    GSM_DMA_UART_Tx_Buff                     0x20007490   Data        1500  gsmhardwarelayer.o(.bss)
    GSM_DMA_UART_Rx_Buff                     0x20007a6c   Data         500  gsmhardwarelayer.o(.bss)
    GSM_UART_Rx_Buff                         0x20007c60   Data         500  gsmhardwarelayer.o(.bss)
    stuA5Comm                                0x20007e54   Data        5132  gsmprotocollayer.o(.bss)
    CanData                                  0x20009260   Data         960  mcu.o(.bss)
    g_stuXWFaultCodeUp                       0x20009620   Data         188  mcu.o(.bss)
    g_stuXWFaultCodeRecv                     0x200096dc   Data         188  mcu.o(.bss)
    m_stuActiveFaultCodeList                 0x20009798   Data          80  mcu.o(.bss)
    stuMcuSend_Gpsdata                       0x200097e8   Data          19  mcu.o(.bss)
    MessageCAN1_0                            0x200097fc   Data          16  mcuhw.o(.bss)
    MessageCAN1_1                            0x2000980c   Data          16  mcuhw.o(.bss)
    MessageCAN2_0                            0x2000981c   Data          16  mcuhw.o(.bss)
    MessageCAN2_1                            0x2000982c   Data          16  mcuhw.o(.bss)
    ExtMCUUartSendBuff                       0x2000983c   Data        1024  mcuupload.o(.bss)
    stu_McuFirmware                          0x20009c3c   Data         318  mcuupload.o(.bss)
    stu_ExtMCUUpgrade                        0x20009d7a   Data          10  mcuupload.o(.bss)
    stu_KCMCUDownload                        0x20009d84   Data         552  mcuchqiupload.o(.bss)
    DEBUG_DMA_UART_Tx_Buff                   0x2000a0ac   Data        1500  pchardware.o(.bss)
    DEBUG_DMA_UART_Rx_Buff                   0x2000a688   Data        1500  pchardware.o(.bss)
    DEBUG_UART_Rx_Buff                       0x2000ac64   Data        1500  pchardware.o(.bss)
    Public_Buf                               0x2000b240   Data        1500  systemcommand.o(.bss)
    FirmwareUpdate                           0x2000b81c   Data         100  systemprotocol.o(.bss)
    m_SYS_ReceivDataQBuff                    0x2000b880   Data          40  systemprotocol.o(.bss)
    g_stuSystem                              0x2000b8a8   Data          24  systemprotocol.o(.bss)
    aMsgSendData                             0x2000b8c0   Data        1024  systemprotocol.o(.bss)
    AlarmRep                                 0x2000bcc0   Data          48  systemprotocol.o(.bss)
    g_stuSerAddr                             0x2000bcf0   Data          40  systemprotocol.o(.bss)
    stuSleep                                 0x2000bd18   Data          24  systemworkmode.o(.bss)
    time_regs                                0x2000bd30   Data          10  amx8xx_v02.o(.bss)
    m_aucFlashBuf                            0x2000bd3a   Data        4096  mx25l1606mem.o(.bss)
    RS232_DMA_UART_Tx_Buff                   0x2000cd3a   Data        1300  a5_com1hw.o(.bss)
    RS232_DMA_UART_Rx_Buff                   0x2000d24e   Data        1300  a5_com1hw.o(.bss)
    RS232_UART_Rx_Buff                       0x2000d762   Data        1300  a5_com1hw.o(.bss)
    m_stuOrient                              0x2000dc78   Data          36  gpsprotocollayer.o(.bss)
    __initial_sp                             0x2000e0a0   Data           0  startup_stm32f2xx.o(STACK)



==============================================================================

Memory Map of the image

  Image Entry point : 0x08000185

  Load Region LR_IROM1 (Base: 0x08000000, Size: 0x00010418, Max: 0x00040000, ABSOLUTE, COMPRESSED[0x00010110])

    Execution Region ER_IROM1 (Base: 0x08000000, Size: 0x0000ee80, Max: 0x00040000, ABSOLUTE)

    Base Addr    Size         Type   Attr      Idx    E Section Name        Object

    0x08000000   0x00000184   Data   RO          510    RESET               startup_stm32f2xx.o
    0x08000184   0x00000000   Code   RO         1890  * .ARM.Collect$$$$00000000  mc_w.l(entry.o)
    0x08000184   0x00000004   Code   RO         2230    .ARM.Collect$$$$00000001  mc_w.l(entry2.o)
    0x08000188   0x00000004   Code   RO         2233    .ARM.Collect$$$$00000004  mc_w.l(entry5.o)
    0x0800018c   0x00000000   Code   RO         2235    .ARM.Collect$$$$00000008  mc_w.l(entry7b.o)
    0x0800018c   0x00000008   Code   RO         2236    .ARM.Collect$$$$00000009  mc_w.l(entry8.o)
    0x08000194   0x00000004   Code   RO         2231    .ARM.Collect$$$$00002712  mc_w.l(entry2.o)
    0x08000198   0x0000013c   Code   RO            2    .text               app.o
    0x080002d4   0x00000010   Code   RO          271    .text               app_hooks.o
    0x080002e4   0x00000134   Code   RO          439    .text               system_stm32f2xx.o
    0x08000418   0x0000005c   Code   RO          461    .text               bsp.o
    0x08000474   0x00000024   Code   RO          511    .text               startup_stm32f2xx.o
    0x08000498   0x000001bc   Code   RO          515    .text               cpu_core.o
    0x08000654   0x00000034   Code   RO          542    .text               cpu_a.o
    0x08000688   0x0000015a   Code   RO          557    .text               lib_ascii.o
    0x080007e2   0x00000002   PAD
    0x080007e4   0x00000950   Code   RO          592    .text               lib_mem.o
    0x08001134   0x000005a8   Code   RO          611    .text               lib_str.o
    0x080016dc   0x00000220   Code   RO          629    .text               lib_mem_a.o
    0x080018fc   0x00000888   Code   RO          632    .text               os_core.o
    0x08002184   0x00000598   Code   RO          672    .text               os_flag.o
    0x0800271c   0x00000190   Code   RO          697    .text               os_mem.o
    0x080028ac   0x00000514   Code   RO          721    .text               os_q.o
    0x08002dc0   0x00000310   Code   RO          733    .text               os_sem.o
    0x080030d0   0x00000654   Code   RO          745    .text               os_task.o
    0x08003724   0x00000168   Code   RO          758    .text               os_time.o
    0x0800388c   0x00000534   Code   RO          770    .text               os_tmr.o
    0x08003dc0   0x000000b0   Code   RO          782    .text               os_cpu_a.o
    0x08003e70   0x00000154   Code   RO          786    .text               os_cpu_c.o
    0x08003fc4   0x00000002   Code   RO          820    .text               os_dbg.o
    0x08003fc6   0x00000002   PAD
    0x08003fc8   0x000000b0   Code   RO          836    .text               misc.o
    0x08004078   0x00000354   Code   RO          852    .text               stm32f2xx_adc.o
    0x080043cc   0x000006f0   Code   RO          868    .text               stm32f2xx_can.o
    0x08004abc   0x00000320   Code   RO         1012    .text               stm32f2xx_dma.o
    0x08004ddc   0x000000e8   Code   RO         1028    .text               stm32f2xx_exti.o
    0x08004ec4   0x0000003c   Code   RO         1157    .text               stm32f2xx_iwdg.o
    0x08004f00   0x000000c0   Code   RO         1173    .text               stm32f2xx_pwr.o
    0x08004fc0   0x000003d0   Code   RO         1189    .text               stm32f2xx_rcc.o
    0x08005390   0x00000874   Code   RO         1223    .text               stm32f2xx_rtc.o
    0x08005c04   0x0000006c   Code   RO         1272    .text               stm32f2xx_syscfg.o
    0x08005c70   0x00000344   Code   RO         1305    .text               stm32f2xx_usart.o
    0x08005fb4   0x000000c4   Code   RO         1337    .text               collectcompositelayer.o
    0x08006078   0x00000734   Code   RO         1371    .text               collectinterfacelayer.o
    0x080067ac   0x000002dc   Code   RO         1394    .text               collecthw.o
    0x08006a88   0x00000380   Code   RO         1411    .text               gsmhardwarelayer.o
    0x08006e08   0x00000310   Code   RO         1431    .text               gsmintegratelayer.o
    0x08007118   0x000007b8   Code   RO         1450    .text               gsmprotocollayer.o
    0x080078d0   0x00000670   Code   RO         1472    .text               basefun.o
    0x08007f40   0x00000808   Code   RO         1489    .text               mcu.o
    0x08008748   0x00000638   Code   RO         1512    .text               mcuhw.o
    0x08008d80   0x00000760   Code   RO         1533    .text               mcuupload.o
    0x080094e0   0x00000430   Code   RO         1557    .text               mcuchqiupload.o
    0x08009910   0x00000124   Code   RO         1578    .text               pcdebug.o
    0x08009a34   0x000002fc   Code   RO         1598    .text               pchardware.o
    0x08009d30   0x000015c8   Code   RO         1618    .text               systemcommand.o
    0x0800b2f8   0x000006dc   Code   RO         1643    .text               systemprotocol.o
    0x0800b9d4   0x00000404   Code   RO         1679    .text               systemworkmode.o
    0x0800bdd8   0x0000037c   Code   RO         1720    .text               rtc.o
    0x0800c154   0x00000ae8   Code   RO         1741    .text               amx8xx_v02.o
    0x0800cc3c   0x00000494   Code   RO         1764    .text               i2c.o
    0x0800d0d0   0x000002e0   Code   RO         1808    .text               a5_com1hw.o
    0x0800d3b0   0x00000158   Code   RO         1828    .text               a5_com1protocollayer.o
    0x0800d508   0x00000078   Code   RO         1845    .text               gpsprotocollayer.o
    0x0800d580   0x00000008   Code   RO         1893    .text               mc_w.l(ctype_o.o)
    0x0800d588   0x00000040   Code   RO         1923    .text               mc_w.l(memmovea.o)
    0x0800d5c8   0x00000026   Code   RO         1925    .text               mc_w.l(memseta.o)
    0x0800d5ee   0x0000001a   Code   RO         1927    .text               mc_w.l(memcmp.o)
    0x0800d608   0x0000001e   Code   RO         1929    .text               mc_w.l(strncmp.o)
    0x0800d626   0x0000014c   Code   RO         2196    .text               mf_w.l(dadd.o)
    0x0800d772   0x000000e0   Code   RO         2198    .text               mf_w.l(dmul.o)
    0x0800d852   0x000000de   Code   RO         2200    .text               mf_w.l(ddiv.o)
    0x0800d930   0x0000001a   Code   RO         2202    .text               mf_w.l(dfltui.o)
    0x0800d94a   0x0000002e   Code   RO         2204    .text               mf_w.l(dfixui.o)
    0x0800d978   0x0000002c   Code   RO         2238    .text               mc_w.l(uidiv.o)
    0x0800d9a4   0x0000001e   Code   RO         2242    .text               mc_w.l(llshl.o)
    0x0800d9c2   0x00000020   Code   RO         2244    .text               mc_w.l(llushr.o)
    0x0800d9e2   0x00000024   Code   RO         2246    .text               mc_w.l(llsshr.o)
    0x0800da06   0x00000000   Code   RO         2255    .text               mc_w.l(iusefp.o)
    0x0800da06   0x000000be   Code   RO         2256    .text               mf_w.l(depilogue.o)
    0x0800dac4   0x0000002e   Code   RO         2258    .text               mf_w.l(dscalb.o)
    0x0800daf2   0x00000002   PAD
    0x0800daf4   0x00000024   Code   RO         2268    .text               mc_w.l(init.o)
    0x0800db18   0x000000a2   Code   RO         2270    .text               mf_w.l(dsqrt.o)
    0x0800dbba   0x00000022   Code   RO         2272    .text               mf_w.l(dflti.o)
    0x0800dbdc   0x0000003e   Code   RO         2274    .text               mf_w.l(dfixi.o)
    0x0800dc1a   0x0000005c   Code   RO         2286    .text               mc_w.l(__dczerorl2.o)
    0x0800dc76   0x0000000a   Ven    RO         2288    Veneer$$Code        anon$$obj.o
    0x0800dc80   0x0000000a   Ven    RO         2289    Veneer$$Code        anon$$obj.o
    0x0800dc8a   0x0000000a   Ven    RO         2290    Veneer$$Code        anon$$obj.o
    0x0800dc94   0x0000000a   Ven    RO         2291    Veneer$$Code        anon$$obj.o
    0x0800dc9e   0x0000000a   Ven    RO         2292    Veneer$$Code        anon$$obj.o
    0x0800dca8   0x0000000a   Ven    RO         2293    Veneer$$Code        anon$$obj.o
    0x0800dcb2   0x0000000a   Ven    RO         2294    Veneer$$Code        anon$$obj.o
    0x0800dcbc   0x0000000a   Ven    RO         2295    Veneer$$Code        anon$$obj.o
    0x0800dcc6   0x0000000a   Ven    RO         2296    Veneer$$Code        anon$$obj.o
    0x0800dcd0   0x0000000a   Ven    RO         2297    Veneer$$Code        anon$$obj.o
    0x0800dcda   0x0000000a   Ven    RO         2298    Veneer$$Code        anon$$obj.o
    0x0800dce4   0x0000000a   Ven    RO         2299    Veneer$$Code        anon$$obj.o
    0x0800dcee   0x0000000a   Ven    RO         2300    Veneer$$Code        anon$$obj.o
    0x0800dcf8   0x0000000a   Ven    RO         2301    Veneer$$Code        anon$$obj.o
    0x0800dd02   0x00000002   PAD
    0x0800dd04   0x00000020   Code   RO         1980    i.__0printf$1       mc_w.l(printf1.o)
    0x0800dd24   0x00000028   Code   RO         2266    i.__ARM_fpclassify  m_ws.l(fpclassify.o)
    0x0800dd4c   0x00000384   Code   RO         2211    i.__ieee754_rem_pio2  m_ws.l(rred.o)
    0x0800e0d0   0x000000fc   Code   RO         2206    i.__kernel_cos      m_ws.l(cos_i.o)
    0x0800e1cc   0x000000aa   Code   RO         2209    i.__kernel_poly     m_ws.l(poly.o)
    0x0800e276   0x00000002   PAD
    0x0800e278   0x000000ec   Code   RO         2216    i.__kernel_sin      m_ws.l(sin_i.o)
    0x0800e364   0x00000010   Code   RO         2264    i.__mathlib_dbl_underflow  m_ws.l(dunder.o)
    0x0800e374   0x0000000e   Code   RO         2280    i.__scatterload_copy  mc_w.l(handlers.o)
    0x0800e382   0x00000002   Code   RO         2281    i.__scatterload_null  mc_w.l(handlers.o)
    0x0800e384   0x0000000e   Code   RO         2282    i.__scatterload_zeroinit  mc_w.l(handlers.o)
    0x0800e392   0x00000002   PAD
    0x0800e394   0x0000000c   Code   RO         2250    i.__set_errno       mc_w.l(errno.o)
    0x0800e3a0   0x00000150   Code   RO         1987    i._printf_core      mc_w.l(printf1.o)
    0x0800e4f0   0x00000288   Code   RO         1865    i.acos              m_ws.l(acos.o)
    0x0800e778   0x000000ac   Code   RO         1875    i.cos               m_ws.l(cos.o)
    0x0800e824   0x000000b0   Code   RO         1883    i.sin               m_ws.l(sin.o)
    0x0800e8d4   0x0000004c   Code   RO         2223    i.sqrt              m_ws.l(sqrt.o)
    0x0800e920   0x00000100   Data   RO          517    .constdata          cpu_core.o
    0x0800ea20   0x00000094   Data   RO          612    .constdata          lib_str.o
    0x0800eab4   0x00000100   Data   RO          640    .constdata          os_core.o
    0x0800ebb4   0x0000000c   Data   RO         1452    .constdata          gsmprotocollayer.o
    0x0800ebc0   0x00000011   Data   RO         1473    .constdata          basefun.o
    0x0800ebd1   0x00000003   PAD
    0x0800ebd4   0x00000038   Data   RO         1621    .constdata          systemcommand.o
    0x0800ec0c   0x00000048   Data   RO         1721    .constdata          rtc.o
    0x0800ec54   0x00000004   PAD
    0x0800ec58   0x00000050   Data   RO         1866    .constdata          m_ws.l(acos.o)
    0x0800eca8   0x00000081   Data   RO         1894    .constdata          mc_w.l(ctype_o.o)
    0x0800ed29   0x00000003   PAD
    0x0800ed2c   0x00000004   Data   RO         1895    .constdata          mc_w.l(ctype_o.o)
    0x0800ed30   0x00000030   Data   RO         2207    .constdata          m_ws.l(cos_i.o)
    0x0800ed60   0x000000c8   Data   RO         2213    .constdata          m_ws.l(rred.o)
    0x0800ee28   0x00000028   Data   RO         2217    .constdata          m_ws.l(sin_i.o)
    0x0800ee50   0x00000030   Data   RO         2278    Region$$Table       anon$$obj.o


    Execution Region RW_IRAM1 (Base: 0x20000000, Size: 0x0000e0a0, Max: 0x00018000, ABSOLUTE, COMPRESSED[0x00000594])

    Base Addr    Size         Type   Attr      Idx    E Section Name        Object

    0x20000000   0x0000037c   Code   RO         1044    .text               stm32f2xx_flash.o
    0x2000037c   0x000001e8   Code   RO         1077    .text               stm32f2xx_gpio.o
    0x20000564   0x000002ac   Code   RO         1256    .text               stm32f2xx_spi.o
    0x20000810   0x00000118   Code   RO         1700    .text               iap.o
    0x20000928   0x0000038c   Code   RO         1787    .text               mx25l1606mem.o
    0x20000cb4   0x0000000a   Ven    RO         2302    Veneer$$Code        anon$$obj.o
    0x20000cbe   0x0000000a   Ven    RO         2303    Veneer$$Code        anon$$obj.o
    0x20000cc8   0x0000000a   Ven    RO         2304    Veneer$$Code        anon$$obj.o
    0x20000cd2   0x0000000a   Ven    RO         2305    Veneer$$Code        anon$$obj.o
    0x20000cdc   0x0000000a   Ven    RO         2306    Veneer$$Code        anon$$obj.o
    0x20000ce6   0x0000000a   Ven    RO         2307    Veneer$$Code        anon$$obj.o
    0x20000cf0   0x0000000a   Ven    RO         2308    Veneer$$Code        anon$$obj.o
    0x20000cfa   0x00000002   PAD
    0x20000cfc   0x00000014   Data   RW          440    .data               system_stm32f2xx.o
    0x20000d10   0x00000004   Data   RW          518    .data               cpu_core.o
    0x20000d14   0x00000004   Data   RW          594    .data               lib_mem.o
    0x20000d18   0x00000034   Data   RW          641    .data               os_core.o
    0x20000d4c   0x00000004   Data   RW          642    .data               os_core.o
    0x20000d50   0x00000004   Data   RW          643    .data               os_core.o
    0x20000d54   0x00000004   Data   RW          644    .data               os_core.o
    0x20000d58   0x00000002   Data   RW          645    .data               os_core.o
    0x20000d5a   0x00000002   Data   RW          646    .data               os_core.o
    0x20000d5c   0x00000004   Data   RW          647    .data               os_core.o
    0x20000d60   0x00000004   Data   RW          648    .data               os_core.o
    0x20000d64   0x00000004   Data   RW          649    .data               os_core.o
    0x20000d68   0x00000004   Data   RW          650    .data               os_core.o
    0x20000d6c   0x00000008   Data   RW          788    .data               os_cpu_c.o
    0x20000d74   0x00000010   Data   RW         1190    .data               stm32f2xx_rcc.o
    0x20000d84   0x00000005   Data   RW         1338    .data               collectcompositelayer.o
    0x20000d89   0x00000003   PAD
    0x20000d8c   0x0000007c   Data   RW         1375    .data               collectinterfacelayer.o
    0x20000e08   0x0000000c   Data   RW         1413    .data               gsmhardwarelayer.o
    0x20000e14   0x00000003   Data   RW         1432    .data               gsmintegratelayer.o
    0x20000e17   0x00000001   PAD
    0x20000e18   0x00000016   Data   RW         1453    .data               gsmprotocollayer.o
    0x20000e2e   0x00000002   PAD
    0x20000e30   0x00000058   Data   RW         1491    .data               mcu.o
    0x20000e88   0x00000004   Data   RW         1514    .data               mcuhw.o
    0x20000e8c   0x00000004   Data   RW         1535    .data               mcuupload.o
    0x20000e90   0x00000010   Data   RW         1559    .data               mcuchqiupload.o
    0x20000ea0   0x00000010   Data   RW         1580    .data               pcdebug.o
    0x20000eb0   0x0000000c   Data   RW         1600    .data               pchardware.o
    0x20000ebc   0x00000400   Data   RW         1624    .data               systemcommand.o
    0x200012bc   0x00000004   Data   RW         1650    .data               systemprotocol.o
    0x200012c0   0x00000298   Data   RW         1651    .data               systemprotocol.o
    0x20001558   0x00000008   Data   RW         1652    .data               systemprotocol.o
    0x20001560   0x00000006   Data   RW         1653    .data               systemprotocol.o
    0x20001566   0x00000002   Data   RW         1654    .data               systemprotocol.o
    0x20001568   0x00000004   Data   RW         1655    .data               systemprotocol.o
    0x2000156c   0x00000006   Data   RW         1656    .data               systemprotocol.o
    0x20001572   0x00000002   Data   RW         1681    .data               systemworkmode.o
    0x20001574   0x00000004   Data   RW         1722    .data               rtc.o
    0x20001578   0x00000004   Data   RW         1765    .data               i2c.o
    0x2000157c   0x00000004   Data   RW         1789    .data               mx25l1606mem.o
    0x20001580   0x0000000c   Data   RW         1810    .data               a5_com1hw.o
    0x2000158c   0x00000002   Data   RW         1847    .data               gpsprotocollayer.o
    0x2000158e   0x00000002   PAD
    0x20001590   0x00000004   Data   RW         2237    .data               mc_w.l(stdout.o)
    0x20001594   0x00000004   Data   RW         2251    .data               mc_w.l(errno.o)
    0x20001598   0x000028a0   Zero   RW            3    .bss                app.o
    0x20003e38   0x00000010   Zero   RW          516    .bss                cpu_core.o
    0x20003e48   0x00002448   Zero   RW          593    .bss                lib_mem.o
    0x20006290   0x000009a8   Zero   RW          633    .bss                os_core.o
    0x20006c38   0x00000050   Zero   RW          634    .bss                os_core.o
    0x20006c88   0x00000078   Zero   RW          635    .bss                os_core.o
    0x20006d00   0x00000060   Zero   RW          636    .bss                os_core.o
    0x20006d60   0x00000280   Zero   RW          637    .bss                os_core.o
    0x20006fe0   0x00000200   Zero   RW          638    .bss                os_core.o
    0x200071e0   0x00000040   Zero   RW          639    .bss                os_core.o
    0x20007220   0x00000200   Zero   RW          787    .bss                os_cpu_c.o
    0x20007420   0x00000070   Zero   RW         1372    .bss                collectinterfacelayer.o
    0x20007490   0x000009c4   Zero   RW         1412    .bss                gsmhardwarelayer.o
    0x20007e54   0x0000140c   Zero   RW         1451    .bss                gsmprotocollayer.o
    0x20009260   0x0000059b   Zero   RW         1490    .bss                mcu.o
    0x200097fb   0x00000001   PAD
    0x200097fc   0x00000040   Zero   RW         1513    .bss                mcuhw.o
    0x2000983c   0x00000548   Zero   RW         1534    .bss                mcuupload.o
    0x20009d84   0x00000228   Zero   RW         1558    .bss                mcuchqiupload.o
    0x20009fac   0x00000100   Zero   RW         1579    .bss                pcdebug.o
    0x2000a0ac   0x00001194   Zero   RW         1599    .bss                pchardware.o
    0x2000b240   0x000005dc   Zero   RW         1619    .bss                systemcommand.o
    0x2000b81c   0x000000a4   Zero   RW         1644    .bss                systemprotocol.o
    0x2000b8c0   0x00000400   Zero   RW         1645    .bss                systemprotocol.o
    0x2000bcc0   0x00000030   Zero   RW         1646    .bss                systemprotocol.o
    0x2000bcf0   0x00000028   Zero   RW         1647    .bss                systemprotocol.o
    0x2000bd18   0x00000018   Zero   RW         1680    .bss                systemworkmode.o
    0x2000bd30   0x0000000a   Zero   RW         1742    .bss                amx8xx_v02.o
    0x2000bd3a   0x00001000   Zero   RW         1788    .bss                mx25l1606mem.o
    0x2000cd3a   0x00000f3c   Zero   RW         1809    .bss                a5_com1hw.o
    0x2000dc76   0x00000002   PAD
    0x2000dc78   0x00000024   Zero   RW         1846    .bss                gpsprotocollayer.o
    0x2000dc9c   0x00000004   PAD
    0x2000dca0   0x00000400   Zero   RW          508    STACK               startup_stm32f2xx.o


==============================================================================

Image component sizes


      Code (inc. data)   RO Data    RW Data    ZI Data      Debug   Object Name

       736         38          0         12       3900       3310   a5_com1hw.o
       344          8          0          0          0       2124   a5_com1protocollayer.o
      2792        118          0          0         10      12740   amx8xx_v02.o
       316         78          0          0      10400     329803   app.o
        16          0          0          0          0     323285   app_hooks.o
      1648         24         17          0          0      10908   basefun.o
        92         10          0          0          0       1710   bsp.o
       196          8          0          5          0       3040   collectcompositelayer.o
       732         18          0          0          0       3021   collecthw.o
      1844        114          0        124        112       8324   collectinterfacelayer.o
        52          0          0          0          0        344   cpu_a.o
       444         12        256          4         16      14014   cpu_core.o
       120          8          0          2         36       1243   gpsprotocollayer.o
       896         40          0         12       2500       3899   gsmhardwarelayer.o
       784        102          0          3          0       3087   gsmintegratelayer.o
      1976         82         12         22       5132       6052   gsmprotocollayer.o
      1172         14          0          4          0       5958   i2c.o
       280         16          0          0          0       2378   iap.o
       346          0          0          0          0       4346   lib_ascii.o
      2384         38          0          4       9288      24900   lib_mem.o
       544          0          0          0          0        492   lib_mem_a.o
      1448          6        148          0          0      12276   lib_str.o
      2056        108          0         88       1435       9419   mcu.o
      1072         50          0         16        552       4414   mcuchqiupload.o
      1592         60          0          4         64       4356   mcuhw.o
      1888        134          0          4       1352       7418   mcuupload.o
       176         16          0          0          0       1929   misc.o
       908         26          0          4       4096       5657   mx25l1606mem.o
      2184         48        256         84       3984      19066   os_core.o
       176         36          0          0          0        416   os_cpu_a.o
       340         42          0          8        512      12430   os_cpu_c.o
         2          0          0          0          0        530   os_dbg.o
      1432         38          0          0          0       7510   os_flag.o
       400         18          0          0          0       3352   os_mem.o
      1300         32          0          0          0       6133   os_q.o
       784         20          0          0          0       4318   os_sem.o
      1620         66          0          0          0       7966   os_task.o
       360         28          0          0          0       1918   os_time.o
      1332        112          0          0          0       5965   os_tmr.o
       292         18          0         16        256       2906   pcdebug.o
       764         32          0         12       4500       3552   pchardware.o
       892         34         72          4          0       4716   rtc.o
        36          8        388          0       1024        816   startup_stm32f2xx.o
       852         28          0          0          0      10562   stm32f2xx_adc.o
      1776         36          0          0          0       8676   stm32f2xx_can.o
       800         34          0          0          0       6781   stm32f2xx_dma.o
       232          8          0          0          0       2407   stm32f2xx_exti.o
       892         20          0          0          0       7223   stm32f2xx_flash.o
       488         38          0          0          0       4157   stm32f2xx_gpio.o
        60          6          0          0          0       1317   stm32f2xx_iwdg.o
       192         22          0          0          0       2284   stm32f2xx_pwr.o
       976         42          0         16          0      11291   stm32f2xx_rcc.o
      2164         46          0          0          0      12767   stm32f2xx_rtc.o
       684         20          0          0          0       6804   stm32f2xx_spi.o
       108         14          0          0          0       1631   stm32f2xx_syscfg.o
       836         26          0          0          0       8128   stm32f2xx_usart.o
       308         32          0         20          0       1991   system_stm32f2xx.o
      5576        284         56       1024       1500      15636   systemcommand.o
      1756        104          0        694       1276      10596   systemprotocol.o
      1028        108          0          2         24       4302   systemworkmode.o

    ----------------------------------------------------------------------
     57714       2528       1260       2196      51976    1008594   Object Totals
       210          0         48          0          0          0   (incl. Generated)
         8          0          7          8          7          0   (incl. Padding)

    ----------------------------------------------------------------------

      Code (inc. data)   RO Data    RW Data    ZI Data      Debug   Library Member Name

       648         62         80          0          0        196   acos.o
       172          8          0          0          0        116   cos.o
       252         22         48          0          0        128   cos_i.o
        16          6          0          0          0         68   dunder.o
        40          0          0          0          0         68   fpclassify.o
       170          0          0          0          0         96   poly.o
       900         72        200          0          0        140   rred.o
       176         10          0          0          0        120   sin.o
       236         12         40          0          0        132   sin_i.o
        76          0          0          0          0         84   sqrt.o
        92          0          0          0          0          0   __dczerorl2.o
         8          4        133          0          0         68   ctype_o.o
         0          0          0          0          0          0   entry.o
         8          4          0          0          0          0   entry2.o
         4          0          0          0          0          0   entry5.o
         0          0          0          0          0          0   entry7b.o
         8          4          0          0          0          0   entry8.o
        12          6          0          4          0         68   errno.o
        30          0          0          0          0          0   handlers.o
        36          8          0          0          0         68   init.o
         0          0          0          0          0          0   iusefp.o
        30          0          0          0          0         68   llshl.o
        36          0          0          0          0         68   llsshr.o
        32          0          0          0          0         68   llushr.o
        26          0          0          0          0         80   memcmp.o
        64          0          0          0          0         76   memmovea.o
        38          0          0          0          0        108   memseta.o
       368         14          0          0          0        180   printf1.o
         0          0          0          4          0          0   stdout.o
        30          0          0          0          0         80   strncmp.o
        44          0          0          0          0         80   uidiv.o
       332          0          0          0          0        148   dadd.o
       222          0          0          0          0        100   ddiv.o
       190          0          0          0          0        176   depilogue.o
        62          0          0          0          0         80   dfixi.o
        46          0          0          0          0         68   dfixui.o
        34          0          0          0          0         76   dflti.o
        26          0          0          0          0         76   dfltui.o
       224          0          0          0          0         96   dmul.o
        46          0          0          0          0         80   dscalb.o
       162          0          0          0          0        100   dsqrt.o

    ----------------------------------------------------------------------
      4902        232        504          8          0       3160   Library Totals
         6          0          3          0          0          0   (incl. Padding)

    ----------------------------------------------------------------------

      Code (inc. data)   RO Data    RW Data    ZI Data      Debug   Library Name

      2686        192        368          0          0       1148   m_ws.l
       866         40        133          8          0       1012   mc_w.l
      1344          0          0          0          0       1000   mf_w.l

    ----------------------------------------------------------------------
      4902        232        504          8          0       3160   Library Totals

    ----------------------------------------------------------------------

==============================================================================


      Code (inc. data)   RO Data    RW Data    ZI Data      Debug   

     62616       2760       1764       2204      51976    1002082   Grand Totals
     62616       2760       1764       1428      51976    1002082   ELF Image Totals (compressed)
     62616       2760       1764       1428          0          0   ROM Totals

==============================================================================

    Total RO  Size (Code + RO Data)                64380 (  62.87kB)
    Total RW  Size (RW Data + ZI Data)             54180 (  52.91kB)
    Total ROM Size (Code + RO Data + RW Data)      65808 (  64.27kB)

==============================================================================

