<html>
<body>
<pre>
<h1>µVision Build Log</h1>
<h2>Project:</h2>
D:\Program\XCMG-WJ\WLRC-WJ\WLRC-2CAN\STMCU-WJ-20201015\Software\EvalBoards\ST\STM3220G-EVAL\uCOS-II\KeilMDK\uCOS-II.uvproj
Project File Date:  04/01/2020

<h2>Output:</h2>
Build target 'FLASH'
compiling app.c...
compiling bsp.c...
compiling os_cpu_c.c...
compiling CollectCompositelayer.c...
compiling CollectInterfaceLayer.c...
compiling CollectHW.c...
compiling GsmHardWareLayer.c...
..\..\..\..\..\..\User\GSM\GsmHardWareLayer.c(185): warning:  #550-D: variable "i" was set but never used
compiling GsmIntegrateLayer.c...
compiling GsmProtocolLayer.c...
..\..\..\..\..\..\User\GSM\GsmProtocolLayer.c(162): warning:  #550-D: variable "ucSN" was set but never used
compiling BaseFun.c...
..\..\..\..\..\..\User\Lib\BaseFun.c(216): warning:  #167-D: argument of type "uint8_t *" is incompatible with parameter of type "const char *"
compiling Mcu.c...
..\..\..\..\..\..\User\MCU\Mcu.c(953): warning:  #550-D: variable "flag" was set but never used
..\..\..\..\..\..\User\MCU\Mcu.c(1030): warning:  #550-D: variable "usPercent" was set but never used
..\..\..\..\..\..\User\MCU\Mcu.c(44): warning:  #177-D: variable "tbl" was declared but never referenced
compiling McuHW.c...
compiling McuUpload.c...
..\..\..\..\..\..\User\MCU\McuUpload.c(667): warning:  #550-D: variable "ucSN" was set but never used
..\..\..\..\..\..\User\MCU\McuUpload.c(667): warning:  #177-D: variable "ucResult" was declared but never referenced
compiling McuChQiUpload.c...
..\..\..\..\..\..\User\MCU\McuChQiUpload.c(402): warning:  #223-D: function "Mcu_SendUpgradeResult" declared implicitly
compiling PcDebug.c...
compiling PcHardware.c...
..\..\..\..\..\..\User\PC\PcHardware.c(200): warning:  #550-D: variable "i" was set but never used
compiling SystemCommand.c...
..\..\..\..\..\..\User\System\SystemCommand.c(1327): warning: C3017W: uiTemp may be used before being set
compiling SystemProtocol.c...
..\..\..\..\..\..\User\System\SystemProtocol.c(1667): warning:  #550-D: variable "usDataLen" was set but never used
..\..\..\..\..\..\User\System\SystemProtocol.c(1853): warning:  #223-D: function "KCMCU_ProgramUpdate_Function" declared implicitly
compiling SystemWorkMode.c...
compiling IAP.c...
..\..\..\..\..\..\User\System\IAP.c(124): warning:  #111-D: statement is unreachable
..\..\..\..\..\..\User\System\IAP.c(173): warning:  #177-D: variable "EraseCounter" was declared but never referenced
..\..\..\..\..\..\User\System\IAP.c(174): warning:  #550-D: variable "i" was set but never used
compiling rtc.c...
compiling amx8xx_v02.c...
..\..\..\..\..\..\User\Time\amx8xx_v02.c(644): warning: C3017W: timer may be used before being set
..\..\..\..\..\..\User\Time\amx8xx_v02.c(640): warning: C3017W: tfs may be used before being set
..\..\..\..\..\..\User\Time\amx8xx_v02.c(639): warning: C3017W: trpt may be used before being set
..\..\..\..\..\..\User\Time\amx8xx_v02.c(638): warning: C3017W: tm may be used before being set
compiling i2c.c...
compiling MX25L1606Mem.c...
compiling A5_Com1HW.c...
..\..\..\..\..\..\User\A5Com\A5_Com1HW.c(196): warning:  #550-D: variable "i" was set but never used
compiling A5_Com1ProtocolLayer.c...
compiling GpsProtocolLayer.c...
linking...
Program Size: Code=62616 RO-data=1764 RW-data=2204 ZI-data=51976  
FromELF: creating hex file...
User command #1: C:\keil\ARM\BIN40\fromelf.exe --bin -o ./Output/uCOS-II.bin ./Output/uCOS-II.axf
".\Output\uCOS-II.axf" - 0 Error(s), 21 Warning(s).
Build target 'FLASH'
linking...
Program Size: Code=62616 RO-data=1764 RW-data=2204 ZI-data=51976  
FromELF: creating hex file...
User command #1: C:\keil\ARM\BIN40\fromelf.exe --bin -o ./Output/uCOS-II.bin ./Output/uCOS-II.axf
".\Output\uCOS-II.axf" - 0 Error(s), 0 Warning(s).
