<!doctype html public "-//w3c//dtd html 4.0 transitional//en">
<html><head>
<title>Static Call Graph - [.\Project\Objects\ZXM2M_ST_V001.axf]</title></head>
<body><HR>
<H1>Static Call Graph for image .\Project\Objects\ZXM2M_ST_V001.axf</H1><HR>
<BR><P>#&#060CALLGRAPH&#062# ARM Linker, 5060422: Last Updated: Sat May 08 17:10:55 2021
<BR><P>
<H3>Maximum Stack Usage =        840 bytes + Unknown(Functions without stacksize, Cycles, Untraceable Function Pointers)</H3><H3>
Call chain for Maximum Stack Depth:</H3>
iKVDB_DoGc &rArr; iKVDB_MoveKv &rArr; iKVDB_DelKv &rArr; iKVDB_FindKv &rArr; iKVDB_FindKvNoCache &rArr; iKVDB_KvIterator &rArr; iKVDB_ReadSectorInfo &rArr; iKVDB_ReadKv &rArr; iFDB_WriteStatus &rArr; PcDebug_Printf &rArr; osMutexRelease &rArr; xQueueGiveMutexRecursive &rArr; xQueueGenericSend &rArr; vTaskPlaceOnEventList &rArr; prvAddCurrentTaskToDelayedList &rArr; vListInsert
<P>
<H3>
Functions with no stack information
</H3><UL>
 <LI><a href="#[6a]">HardFault_Handler</a>
</UL>
</UL>
<P>
<H3>
Mutually Recursive functions
</H3> <LI><a href="#[69]">NMI_Handler</a>&nbsp;&nbsp;&nbsp;&rArr;&nbsp;&nbsp;&nbsp;<a href="#[69]">NMI_Handler</a><BR>
 <LI><a href="#[6b]">MemManage_Handler</a>&nbsp;&nbsp;&nbsp;&rArr;&nbsp;&nbsp;&nbsp;<a href="#[6b]">MemManage_Handler</a><BR>
 <LI><a href="#[6c]">BusFault_Handler</a>&nbsp;&nbsp;&nbsp;&rArr;&nbsp;&nbsp;&nbsp;<a href="#[6c]">BusFault_Handler</a><BR>
 <LI><a href="#[6d]">UsageFault_Handler</a>&nbsp;&nbsp;&nbsp;&rArr;&nbsp;&nbsp;&nbsp;<a href="#[6d]">UsageFault_Handler</a><BR>
 <LI><a href="#[6f]">DebugMon_Handler</a>&nbsp;&nbsp;&nbsp;&rArr;&nbsp;&nbsp;&nbsp;<a href="#[6f]">DebugMon_Handler</a><BR>
 <LI><a href="#[84]">ADC_IRQHandler</a>&nbsp;&nbsp;&nbsp;&rArr;&nbsp;&nbsp;&nbsp;<a href="#[84]">ADC_IRQHandler</a><BR>
</UL>
<P>
<H3>
Function Pointers
</H3><UL>
 <LI><a href="#[84]">ADC_IRQHandler</a> from startup_stm32f2xx.o(.text) referenced from startup_stm32f2xx.o(RESET)
 <LI><a href="#[2e3]">AppTask_AuxComProcess</a> from auxcom.o(.text) referenced from auxcom.o(.text)
 <LI><a href="#[2e1]">AppTask_AuxComProduce</a> from auxcom.o(.text) referenced from auxcom.o(.text)
 <LI><a href="#[269]">AppTask_ModemProcess</a> from momiprotocol.o(.text) referenced from momiprotocol.o(.text)
 <LI><a href="#[268]">AppTask_ModemProduce</a> from momiprotocol.o(.text) referenced from momiprotocol.o(.text)
 <LI><a href="#[16d]">AppThread_Can1Recv</a> from can.o(.text) referenced from can.o(.text)
 <LI><a href="#[172]">AppThread_Can2Recv</a> from can.o(.text) referenced from can.o(.text)
 <LI><a href="#[145]">AppThread_Collect</a> from collect.o(.text) referenced from collect.o(.text)
 <LI><a href="#[239]">AppThread_PcDebug</a> from pcdebug.o(.text) referenced from pcdebug.o(.text)
 <LI><a href="#[e0]">AppThread_Start</a> from main.o(.text) referenced from main.o(.text)
 <LI><a href="#[2a3]">AppThread_iCloud</a> from icloud_machine.o(.text) referenced from icloud_machine.o(.text)
 <LI><a href="#[6c]">BusFault_Handler</a> from startup_stm32f2xx.o(.text) referenced from startup_stm32f2xx.o(RESET)
 <LI><a href="#[86]">CAN1_RX0_IRQHandler</a> from canhw.o(.text) referenced from startup_stm32f2xx.o(RESET)
 <LI><a href="#[87]">CAN1_RX1_IRQHandler</a> from canhw.o(.text) referenced from startup_stm32f2xx.o(RESET)
 <LI><a href="#[88]">CAN1_SCE_IRQHandler</a> from startup_stm32f2xx.o(.text) referenced from startup_stm32f2xx.o(RESET)
 <LI><a href="#[85]">CAN1_TX_IRQHandler</a> from startup_stm32f2xx.o(.text) referenced from startup_stm32f2xx.o(RESET)
 <LI><a href="#[b2]">CAN2_RX0_IRQHandler</a> from canhw.o(.text) referenced from startup_stm32f2xx.o(RESET)
 <LI><a href="#[b3]">CAN2_RX1_IRQHandler</a> from canhw.o(.text) referenced from startup_stm32f2xx.o(RESET)
 <LI><a href="#[b4]">CAN2_SCE_IRQHandler</a> from startup_stm32f2xx.o(.text) referenced from startup_stm32f2xx.o(RESET)
 <LI><a href="#[b1]">CAN2_TX_IRQHandler</a> from startup_stm32f2xx.o(.text) referenced from startup_stm32f2xx.o(RESET)
 <LI><a href="#[c1]">CRYP_IRQHandler</a> from startup_stm32f2xx.o(.text) referenced from startup_stm32f2xx.o(RESET)
 <LI><a href="#[c0]">DCMI_IRQHandler</a> from startup_stm32f2xx.o(.text) referenced from startup_stm32f2xx.o(RESET)
 <LI><a href="#[7d]">DMA1_Stream0_IRQHandler</a> from startup_stm32f2xx.o(.text) referenced from startup_stm32f2xx.o(RESET)
 <LI><a href="#[7e]">DMA1_Stream1_IRQHandler</a> from startup_stm32f2xx.o(.text) referenced from startup_stm32f2xx.o(RESET)
 <LI><a href="#[7f]">DMA1_Stream2_IRQHandler</a> from startup_stm32f2xx.o(.text) referenced from startup_stm32f2xx.o(RESET)
 <LI><a href="#[80]">DMA1_Stream3_IRQHandler</a> from momihw.o(.text) referenced from startup_stm32f2xx.o(RESET)
 <LI><a href="#[81]">DMA1_Stream4_IRQHandler</a> from startup_stm32f2xx.o(.text) referenced from startup_stm32f2xx.o(RESET)
 <LI><a href="#[82]">DMA1_Stream5_IRQHandler</a> from startup_stm32f2xx.o(.text) referenced from startup_stm32f2xx.o(RESET)
 <LI><a href="#[83]">DMA1_Stream6_IRQHandler</a> from startup_stm32f2xx.o(.text) referenced from startup_stm32f2xx.o(RESET)
 <LI><a href="#[a1]">DMA1_Stream7_IRQHandler</a> from startup_stm32f2xx.o(.text) referenced from startup_stm32f2xx.o(RESET)
 <LI><a href="#[aa]">DMA2_Stream0_IRQHandler</a> from startup_stm32f2xx.o(.text) referenced from startup_stm32f2xx.o(RESET)
 <LI><a href="#[ab]">DMA2_Stream1_IRQHandler</a> from startup_stm32f2xx.o(.text) referenced from startup_stm32f2xx.o(RESET)
 <LI><a href="#[ac]">DMA2_Stream2_IRQHandler</a> from startup_stm32f2xx.o(.text) referenced from startup_stm32f2xx.o(RESET)
 <LI><a href="#[ad]">DMA2_Stream3_IRQHandler</a> from startup_stm32f2xx.o(.text) referenced from startup_stm32f2xx.o(RESET)
 <LI><a href="#[ae]">DMA2_Stream4_IRQHandler</a> from startup_stm32f2xx.o(.text) referenced from startup_stm32f2xx.o(RESET)
 <LI><a href="#[b6]">DMA2_Stream5_IRQHandler</a> from startup_stm32f2xx.o(.text) referenced from startup_stm32f2xx.o(RESET)
 <LI><a href="#[b7]">DMA2_Stream6_IRQHandler</a> from auxcomhw.o(.text) referenced from startup_stm32f2xx.o(RESET)
 <LI><a href="#[b8]">DMA2_Stream7_IRQHandler</a> from pcdebughw.o(.text) referenced from startup_stm32f2xx.o(RESET)
 <LI><a href="#[6f]">DebugMon_Handler</a> from startup_stm32f2xx.o(.text) referenced from startup_stm32f2xx.o(RESET)
 <LI><a href="#[af]">ETH_IRQHandler</a> from startup_stm32f2xx.o(.text) referenced from startup_stm32f2xx.o(RESET)
 <LI><a href="#[b0]">ETH_WKUP_IRQHandler</a> from startup_stm32f2xx.o(.text) referenced from startup_stm32f2xx.o(RESET)
 <LI><a href="#[78]">EXTI0_IRQHandler</a> from collecthw.o(.text) referenced from startup_stm32f2xx.o(RESET)
 <LI><a href="#[9a]">EXTI15_10_IRQHandler</a> from startup_stm32f2xx.o(.text) referenced from startup_stm32f2xx.o(RESET)
 <LI><a href="#[79]">EXTI1_IRQHandler</a> from startup_stm32f2xx.o(.text) referenced from startup_stm32f2xx.o(RESET)
 <LI><a href="#[7a]">EXTI2_IRQHandler</a> from startup_stm32f2xx.o(.text) referenced from startup_stm32f2xx.o(RESET)
 <LI><a href="#[7b]">EXTI3_IRQHandler</a> from collecthw.o(.text) referenced from startup_stm32f2xx.o(RESET)
 <LI><a href="#[7c]">EXTI4_IRQHandler</a> from startup_stm32f2xx.o(.text) referenced from startup_stm32f2xx.o(RESET)
 <LI><a href="#[89]">EXTI9_5_IRQHandler</a> from collecthw.o(.text) referenced from startup_stm32f2xx.o(RESET)
 <LI><a href="#[76]">FLASH_IRQHandler</a> from startup_stm32f2xx.o(.text) referenced from startup_stm32f2xx.o(RESET)
 <LI><a href="#[a2]">FSMC_IRQHandler</a> from startup_stm32f2xx.o(.text) referenced from startup_stm32f2xx.o(RESET)
 <LI><a href="#[c2]">HASH_RNG_IRQHandler</a> from startup_stm32f2xx.o(.text) referenced from startup_stm32f2xx.o(RESET)
 <LI><a href="#[6a]">HardFault_Handler</a> from hardfaulthandler_1.o(OSKERNEL) referenced from startup_stm32f2xx.o(RESET)
 <LI><a href="#[92]">I2C1_ER_IRQHandler</a> from startup_stm32f2xx.o(.text) referenced from startup_stm32f2xx.o(RESET)
 <LI><a href="#[91]">I2C1_EV_IRQHandler</a> from startup_stm32f2xx.o(.text) referenced from startup_stm32f2xx.o(RESET)
 <LI><a href="#[94]">I2C2_ER_IRQHandler</a> from startup_stm32f2xx.o(.text) referenced from startup_stm32f2xx.o(RESET)
 <LI><a href="#[93]">I2C2_EV_IRQHandler</a> from startup_stm32f2xx.o(.text) referenced from startup_stm32f2xx.o(RESET)
 <LI><a href="#[bb]">I2C3_ER_IRQHandler</a> from startup_stm32f2xx.o(.text) referenced from startup_stm32f2xx.o(RESET)
 <LI><a href="#[ba]">I2C3_EV_IRQHandler</a> from startup_stm32f2xx.o(.text) referenced from startup_stm32f2xx.o(RESET)
 <LI><a href="#[0]">LVC_ProcessCanMsg_Default</a> from lvc.o(.text) referenced 2 times from lvc.o(.data)
 <LI><a href="#[0]">LVC_ProcessCanMsg_Default</a> from lvc.o(.text) referenced from lvc.o(.text)
 <LI><a href="#[1b0]">LVC_ProcessCanMsg_LTC</a> from lvc.o(.text) referenced from lvc.o(.text)
 <LI><a href="#[1]">LVC_ProduceCanMsg_Default</a> from lvc.o(.text) referenced 2 times from lvc.o(.data)
 <LI><a href="#[1]">LVC_ProduceCanMsg_Default</a> from lvc.o(.text) referenced from lvc.o(.text)
 <LI><a href="#[1b2]">LVC_ProduceCanMsg_LTC</a> from lvc.o(.text) referenced from lvc.o(.text)
 <LI><a href="#[6b]">MemManage_Handler</a> from startup_stm32f2xx.o(.text) referenced from startup_stm32f2xx.o(RESET)
 <LI><a href="#[69]">NMI_Handler</a> from startup_stm32f2xx.o(.text) referenced from startup_stm32f2xx.o(RESET)
 <LI><a href="#[b5]">OTG_FS_IRQHandler</a> from startup_stm32f2xx.o(.text) referenced from startup_stm32f2xx.o(RESET)
 <LI><a href="#[9c]">OTG_FS_WKUP_IRQHandler</a> from startup_stm32f2xx.o(.text) referenced from startup_stm32f2xx.o(RESET)
 <LI><a href="#[bd]">OTG_HS_EP1_IN_IRQHandler</a> from startup_stm32f2xx.o(.text) referenced from startup_stm32f2xx.o(RESET)
 <LI><a href="#[bc]">OTG_HS_EP1_OUT_IRQHandler</a> from startup_stm32f2xx.o(.text) referenced from startup_stm32f2xx.o(RESET)
 <LI><a href="#[bf]">OTG_HS_IRQHandler</a> from startup_stm32f2xx.o(.text) referenced from startup_stm32f2xx.o(RESET)
 <LI><a href="#[be]">OTG_HS_WKUP_IRQHandler</a> from startup_stm32f2xx.o(.text) referenced from startup_stm32f2xx.o(RESET)
 <LI><a href="#[73]">PVD_IRQHandler</a> from startup_stm32f2xx.o(.text) referenced from startup_stm32f2xx.o(RESET)
 <LI><a href="#[70]">PendSV_Handler</a> from port.o(.emb_text) referenced from startup_stm32f2xx.o(RESET)
 <LI><a href="#[77]">RCC_IRQHandler</a> from startup_stm32f2xx.o(.text) referenced from startup_stm32f2xx.o(RESET)
 <LI><a href="#[9b]">RTC_Alarm_IRQHandler</a> from startup_stm32f2xx.o(.text) referenced from startup_stm32f2xx.o(RESET)
 <LI><a href="#[75]">RTC_WKUP_IRQHandler</a> from startup_stm32f2xx.o(.text) referenced from startup_stm32f2xx.o(RESET)
 <LI><a href="#[68]">Reset_Handler</a> from startup_stm32f2xx.o(.text) referenced from startup_stm32f2xx.o(RESET)
 <LI><a href="#[a3]">SDIO_IRQHandler</a> from startup_stm32f2xx.o(.text) referenced from startup_stm32f2xx.o(RESET)
 <LI><a href="#[95]">SPI1_IRQHandler</a> from startup_stm32f2xx.o(.text) referenced from startup_stm32f2xx.o(RESET)
 <LI><a href="#[96]">SPI2_IRQHandler</a> from startup_stm32f2xx.o(.text) referenced from startup_stm32f2xx.o(RESET)
 <LI><a href="#[a5]">SPI3_IRQHandler</a> from startup_stm32f2xx.o(.text) referenced from startup_stm32f2xx.o(RESET)
 <LI><a href="#[6e]">SVC_Handler</a> from port.o(.emb_text) referenced from startup_stm32f2xx.o(RESET)
 <LI><a href="#[71]">SysTick_Handler</a> from cmsis_os2.o(.text) referenced from startup_stm32f2xx.o(RESET)
 <LI><a href="#[c4]">SystemInit</a> from system_stm32f2xx.o(.text) referenced from startup_stm32f2xx.o(.text)
 <LI><a href="#[74]">TAMP_STAMP_IRQHandler</a> from startup_stm32f2xx.o(.text) referenced from startup_stm32f2xx.o(RESET)
 <LI><a href="#[8a]">TIM1_BRK_TIM9_IRQHandler</a> from startup_stm32f2xx.o(.text) referenced from startup_stm32f2xx.o(RESET)
 <LI><a href="#[8d]">TIM1_CC_IRQHandler</a> from startup_stm32f2xx.o(.text) referenced from startup_stm32f2xx.o(RESET)
 <LI><a href="#[8c]">TIM1_TRG_COM_TIM11_IRQHandler</a> from startup_stm32f2xx.o(.text) referenced from startup_stm32f2xx.o(RESET)
 <LI><a href="#[8b]">TIM1_UP_TIM10_IRQHandler</a> from startup_stm32f2xx.o(.text) referenced from startup_stm32f2xx.o(RESET)
 <LI><a href="#[8e]">TIM2_IRQHandler</a> from startup_stm32f2xx.o(.text) referenced from startup_stm32f2xx.o(RESET)
 <LI><a href="#[8f]">TIM3_IRQHandler</a> from startup_stm32f2xx.o(.text) referenced from startup_stm32f2xx.o(RESET)
 <LI><a href="#[90]">TIM4_IRQHandler</a> from startup_stm32f2xx.o(.text) referenced from startup_stm32f2xx.o(RESET)
 <LI><a href="#[a4]">TIM5_IRQHandler</a> from startup_stm32f2xx.o(.text) referenced from startup_stm32f2xx.o(RESET)
 <LI><a href="#[a8]">TIM6_DAC_IRQHandler</a> from startup_stm32f2xx.o(.text) referenced from startup_stm32f2xx.o(RESET)
 <LI><a href="#[a9]">TIM7_IRQHandler</a> from startup_stm32f2xx.o(.text) referenced from startup_stm32f2xx.o(RESET)
 <LI><a href="#[9d]">TIM8_BRK_TIM12_IRQHandler</a> from startup_stm32f2xx.o(.text) referenced from startup_stm32f2xx.o(RESET)
 <LI><a href="#[a0]">TIM8_CC_IRQHandler</a> from startup_stm32f2xx.o(.text) referenced from startup_stm32f2xx.o(RESET)
 <LI><a href="#[9f]">TIM8_TRG_COM_TIM14_IRQHandler</a> from startup_stm32f2xx.o(.text) referenced from startup_stm32f2xx.o(RESET)
 <LI><a href="#[9e]">TIM8_UP_TIM13_IRQHandler</a> from startup_stm32f2xx.o(.text) referenced from startup_stm32f2xx.o(RESET)
 <LI><a href="#[d4]">TimerCallback</a> from cmsis_os2.o(.text) referenced from cmsis_os2.o(.text)
 <LI><a href="#[a6]">UART4_IRQHandler</a> from startup_stm32f2xx.o(.text) referenced from startup_stm32f2xx.o(RESET)
 <LI><a href="#[a7]">UART5_IRQHandler</a> from startup_stm32f2xx.o(.text) referenced from startup_stm32f2xx.o(RESET)
 <LI><a href="#[97]">USART1_IRQHandler</a> from pcdebughw.o(.text) referenced from startup_stm32f2xx.o(RESET)
 <LI><a href="#[98]">USART2_IRQHandler</a> from startup_stm32f2xx.o(.text) referenced from startup_stm32f2xx.o(RESET)
 <LI><a href="#[99]">USART3_IRQHandler</a> from momihw.o(.text) referenced from startup_stm32f2xx.o(RESET)
 <LI><a href="#[b9]">USART6_IRQHandler</a> from auxcomhw.o(.text) referenced from startup_stm32f2xx.o(RESET)
 <LI><a href="#[6d]">UsageFault_Handler</a> from startup_stm32f2xx.o(.text) referenced from startup_stm32f2xx.o(RESET)
 <LI><a href="#[72]">WWDG_IRQHandler</a> from startup_stm32f2xx.o(.text) referenced from startup_stm32f2xx.o(RESET)
 <LI><a href="#[c5]">__main</a> from entry.o(.ARM.Collect$$$$00000000) referenced from startup_stm32f2xx.o(.text)
 <LI><a href="#[d8]">_snputc</a> from printfa.o(i._snputc) referenced from printfa.o(i.__0vsnprintf)
 <LI><a href="#[5]">erase</a> from fal.o(.text) referenced 2 times from fal.o(.data)
 <LI><a href="#[c6]">fdb_lock</a> from parameters.o(.text) referenced from parameters.o(.text)
 <LI><a href="#[c7]">fdb_unlock</a> from parameters.o(.text) referenced from parameters.o(.text)
 <LI><a href="#[ca]">iKVDB_AllocKvCb</a> from flashdb.o(.text) referenced from flashdb.o(.text)
 <LI><a href="#[ce]">iKVDB_CheckAndRecoveryGcCb</a> from flashdb.o(.text) referenced from flashdb.o(.text)
 <LI><a href="#[cf]">iKVDB_CheckAndRecoveryKvCb</a> from flashdb.o(.text) referenced from flashdb.o(.text)
 <LI><a href="#[cd]">iKVDB_CheckSecHdrCb</a> from flashdb.o(.text) referenced from flashdb.o(.text)
 <LI><a href="#[cc]">iKVDB_DoGc</a> from flashdb.o(.text) referenced from flashdb.o(.text)
 <LI><a href="#[c8]">iKVDB_FindKvCb</a> from flashdb.o(.text) referenced from flashdb.o(.text)
 <LI><a href="#[cb]">iKVDB_GcCheckCb</a> from flashdb.o(.text) referenced from flashdb.o(.text)
 <LI><a href="#[d0]">iKVDB_PrintKvCb</a> from flashdb.o(.text) referenced from flashdb.o(.text)
 <LI><a href="#[c9]">iKVDB_SentorStatisticsCb</a> from flashdb.o(.text) referenced from flashdb.o(.text)
 <LI><a href="#[63]">iM2m_AnalyzeTlvMsg_A510</a> from m2mprotocol.o(.text) referenced 2 times from m2mprotocol.o(.data)
 <LI><a href="#[64]">iM2m_AnalyzeTlvMsg_A511</a> from m2mprotocol.o(.text) referenced 2 times from m2mprotocol.o(.data)
 <LI><a href="#[d3]">iTSDB_CheckSecHdrCb</a> from flashdb.o(.text) referenced from flashdb.o(.text)
 <LI><a href="#[d1]">iTSDB_FormatAllCb</a> from flashdb.o(.text) referenced from flashdb.o(.text)
 <LI><a href="#[d2]">iTSDB_QueryCountCb</a> from flashdb.o(.text) referenced from flashdb.o(.text)
 <LI><a href="#[7]">im2m_AnalyzeTlvMsg_0000</a> from m2mprotocol.o(.text) referenced 2 times from m2mprotocol.o(.data)
 <LI><a href="#[a]">im2m_AnalyzeTlvMsg_0002</a> from m2mprotocol.o(.text) referenced 2 times from m2mprotocol.o(.data)
 <LI><a href="#[c]">im2m_AnalyzeTlvMsg_0003</a> from m2mprotocol.o(.text) referenced 2 times from m2mprotocol.o(.data)
 <LI><a href="#[e]">im2m_AnalyzeTlvMsg_0004</a> from m2mprotocol.o(.text) referenced 2 times from m2mprotocol.o(.data)
 <LI><a href="#[10]">im2m_AnalyzeTlvMsg_0005</a> from m2mprotocol.o(.text) referenced 2 times from m2mprotocol.o(.data)
 <LI><a href="#[12]">im2m_AnalyzeTlvMsg_0006</a> from m2mprotocol.o(.text) referenced 2 times from m2mprotocol.o(.data)
 <LI><a href="#[14]">im2m_AnalyzeTlvMsg_0007</a> from m2mprotocol.o(.text) referenced 2 times from m2mprotocol.o(.data)
 <LI><a href="#[16]">im2m_AnalyzeTlvMsg_0008</a> from m2mprotocol.o(.text) referenced 2 times from m2mprotocol.o(.data)
 <LI><a href="#[18]">im2m_AnalyzeTlvMsg_0009</a> from m2mprotocol.o(.text) referenced 2 times from m2mprotocol.o(.data)
 <LI><a href="#[1a]">im2m_AnalyzeTlvMsg_000A</a> from m2mprotocol.o(.text) referenced 2 times from m2mprotocol.o(.data)
 <LI><a href="#[1c]">im2m_AnalyzeTlvMsg_000B</a> from m2mprotocol.o(.text) referenced 2 times from m2mprotocol.o(.data)
 <LI><a href="#[1e]">im2m_AnalyzeTlvMsg_000C</a> from m2mprotocol.o(.text) referenced 2 times from m2mprotocol.o(.data)
 <LI><a href="#[20]">im2m_AnalyzeTlvMsg_0106</a> from m2mprotocol.o(.text) referenced 2 times from m2mprotocol.o(.data)
 <LI><a href="#[22]">im2m_AnalyzeTlvMsg_0107</a> from m2mprotocol.o(.text) referenced 2 times from m2mprotocol.o(.data)
 <LI><a href="#[24]">im2m_AnalyzeTlvMsg_0108</a> from m2mprotocol.o(.text) referenced 2 times from m2mprotocol.o(.data)
 <LI><a href="#[26]">im2m_AnalyzeTlvMsg_010B</a> from m2mprotocol.o(.text) referenced 2 times from m2mprotocol.o(.data)
 <LI><a href="#[28]">im2m_AnalyzeTlvMsg_010C</a> from m2mprotocol.o(.text) referenced 2 times from m2mprotocol.o(.data)
 <LI><a href="#[2a]">im2m_AnalyzeTlvMsg_010D</a> from m2mprotocol.o(.text) referenced 2 times from m2mprotocol.o(.data)
 <LI><a href="#[2c]">im2m_AnalyzeTlvMsg_0110</a> from m2mprotocol.o(.text) referenced 2 times from m2mprotocol.o(.data)
 <LI><a href="#[2e]">im2m_AnalyzeTlvMsg_0111</a> from m2mprotocol.o(.text) referenced 2 times from m2mprotocol.o(.data)
 <LI><a href="#[30]">im2m_AnalyzeTlvMsg_0113</a> from m2mprotocol.o(.text) referenced 2 times from m2mprotocol.o(.data)
 <LI><a href="#[32]">im2m_AnalyzeTlvMsg_0114</a> from m2mprotocol.o(.text) referenced 2 times from m2mprotocol.o(.data)
 <LI><a href="#[34]">im2m_AnalyzeTlvMsg_0115</a> from m2mprotocol.o(.text) referenced 2 times from m2mprotocol.o(.data)
 <LI><a href="#[36]">im2m_AnalyzeTlvMsg_0116</a> from m2mprotocol.o(.text) referenced 2 times from m2mprotocol.o(.data)
 <LI><a href="#[38]">im2m_AnalyzeTlvMsg_0117</a> from m2mprotocol.o(.text) referenced 2 times from m2mprotocol.o(.data)
 <LI><a href="#[3a]">im2m_AnalyzeTlvMsg_0118</a> from m2mprotocol.o(.text) referenced 2 times from m2mprotocol.o(.data)
 <LI><a href="#[3c]">im2m_AnalyzeTlvMsg_0119</a> from m2mprotocol.o(.text) referenced 2 times from m2mprotocol.o(.data)
 <LI><a href="#[3e]">im2m_AnalyzeTlvMsg_011A</a> from m2mprotocol.o(.text) referenced 2 times from m2mprotocol.o(.data)
 <LI><a href="#[40]">im2m_AnalyzeTlvMsg_0201</a> from m2mprotocol.o(.text) referenced 2 times from m2mprotocol.o(.data)
 <LI><a href="#[42]">im2m_AnalyzeTlvMsg_0202</a> from m2mprotocol.o(.text) referenced 2 times from m2mprotocol.o(.data)
 <LI><a href="#[44]">im2m_AnalyzeTlvMsg_0203</a> from m2mprotocol.o(.text) referenced 2 times from m2mprotocol.o(.data)
 <LI><a href="#[46]">im2m_AnalyzeTlvMsg_0204</a> from m2mprotocol.o(.text) referenced 2 times from m2mprotocol.o(.data)
 <LI><a href="#[48]">im2m_AnalyzeTlvMsg_0205</a> from m2mprotocol.o(.text) referenced 2 times from m2mprotocol.o(.data)
 <LI><a href="#[4a]">im2m_AnalyzeTlvMsg_0206</a> from m2mprotocol.o(.text) referenced 2 times from m2mprotocol.o(.data)
 <LI><a href="#[4c]">im2m_AnalyzeTlvMsg_020A</a> from m2mprotocol.o(.text) referenced 2 times from m2mprotocol.o(.data)
 <LI><a href="#[4e]">im2m_AnalyzeTlvMsg_020B</a> from m2mprotocol.o(.text) referenced 2 times from m2mprotocol.o(.data)
 <LI><a href="#[4f]">im2m_AnalyzeTlvMsg_1002</a> from m2mprotocol.o(.text) referenced 2 times from m2mprotocol.o(.data)
 <LI><a href="#[50]">im2m_AnalyzeTlvMsg_1003</a> from m2mprotocol.o(.text) referenced 2 times from m2mprotocol.o(.data)
 <LI><a href="#[52]">im2m_AnalyzeTlvMsg_1005</a> from m2mprotocol.o(.text) referenced 2 times from m2mprotocol.o(.data)
 <LI><a href="#[54]">im2m_AnalyzeTlvMsg_100C</a> from m2mprotocol.o(.text) referenced 2 times from m2mprotocol.o(.data)
 <LI><a href="#[55]">im2m_AnalyzeTlvMsg_100E</a> from m2mprotocol.o(.text) referenced 2 times from m2mprotocol.o(.data)
 <LI><a href="#[57]">im2m_AnalyzeTlvMsg_2000</a> from m2mprotocol.o(.text) referenced 2 times from m2mprotocol.o(.data)
 <LI><a href="#[59]">im2m_AnalyzeTlvMsg_2001</a> from m2mprotocol.o(.text) referenced 2 times from m2mprotocol.o(.data)
 <LI><a href="#[5b]">im2m_AnalyzeTlvMsg_2002</a> from m2mprotocol.o(.text) referenced 2 times from m2mprotocol.o(.data)
 <LI><a href="#[5d]">im2m_AnalyzeTlvMsg_3016</a> from m2mprotocol.o(.text) referenced 2 times from m2mprotocol.o(.data)
 <LI><a href="#[5e]">im2m_AnalyzeTlvMsg_4000</a> from m2mprotocol.o(.text) referenced 2 times from m2mprotocol.o(.data)
 <LI><a href="#[5f]">im2m_AnalyzeTlvMsg_4001</a> from m2mprotocol.o(.text) referenced 2 times from m2mprotocol.o(.data)
 <LI><a href="#[60]">im2m_AnalyzeTlvMsg_4004</a> from m2mprotocol.o(.text) referenced 2 times from m2mprotocol.o(.data)
 <LI><a href="#[61]">im2m_AnalyzeTlvMsg_4008</a> from m2mprotocol.o(.text) referenced 2 times from m2mprotocol.o(.data)
 <LI><a href="#[62]">im2m_AnalyzeTlvMsg_4FFF</a> from m2mprotocol.o(.text) referenced 2 times from m2mprotocol.o(.data)
 <LI><a href="#[66]">im2m_AnalyzeTlvMsg_A1FE</a> from m2mprotocol.o(.text) referenced 2 times from m2mprotocol.o(.data)
 <LI><a href="#[67]">im2m_AnalyzeTlvMsg_A1FF</a> from m2mprotocol.o(.text) referenced 2 times from m2mprotocol.o(.data)
 <LI><a href="#[6]">im2m_BuildTlvMsg_0000</a> from m2mprotocol.o(.text) referenced 2 times from m2mprotocol.o(.data)
 <LI><a href="#[8]">im2m_BuildTlvMsg_0001</a> from m2mprotocol.o(.text) referenced 2 times from m2mprotocol.o(.data)
 <LI><a href="#[9]">im2m_BuildTlvMsg_0002</a> from m2mprotocol.o(.text) referenced 2 times from m2mprotocol.o(.data)
 <LI><a href="#[b]">im2m_BuildTlvMsg_0003</a> from m2mprotocol.o(.text) referenced 2 times from m2mprotocol.o(.data)
 <LI><a href="#[d]">im2m_BuildTlvMsg_0004</a> from m2mprotocol.o(.text) referenced 2 times from m2mprotocol.o(.data)
 <LI><a href="#[f]">im2m_BuildTlvMsg_0005</a> from m2mprotocol.o(.text) referenced 2 times from m2mprotocol.o(.data)
 <LI><a href="#[11]">im2m_BuildTlvMsg_0006</a> from m2mprotocol.o(.text) referenced 2 times from m2mprotocol.o(.data)
 <LI><a href="#[13]">im2m_BuildTlvMsg_0007</a> from m2mprotocol.o(.text) referenced 2 times from m2mprotocol.o(.data)
 <LI><a href="#[15]">im2m_BuildTlvMsg_0008</a> from m2mprotocol.o(.text) referenced 2 times from m2mprotocol.o(.data)
 <LI><a href="#[17]">im2m_BuildTlvMsg_0009</a> from m2mprotocol.o(.text) referenced 2 times from m2mprotocol.o(.data)
 <LI><a href="#[19]">im2m_BuildTlvMsg_000A</a> from m2mprotocol.o(.text) referenced 2 times from m2mprotocol.o(.data)
 <LI><a href="#[1b]">im2m_BuildTlvMsg_000B</a> from m2mprotocol.o(.text) referenced 2 times from m2mprotocol.o(.data)
 <LI><a href="#[1d]">im2m_BuildTlvMsg_000C</a> from m2mprotocol.o(.text) referenced 2 times from m2mprotocol.o(.data)
 <LI><a href="#[1f]">im2m_BuildTlvMsg_0106</a> from m2mprotocol.o(.text) referenced 2 times from m2mprotocol.o(.data)
 <LI><a href="#[21]">im2m_BuildTlvMsg_0107</a> from m2mprotocol.o(.text) referenced 2 times from m2mprotocol.o(.data)
 <LI><a href="#[23]">im2m_BuildTlvMsg_0108</a> from m2mprotocol.o(.text) referenced 2 times from m2mprotocol.o(.data)
 <LI><a href="#[25]">im2m_BuildTlvMsg_010B</a> from m2mprotocol.o(.text) referenced 2 times from m2mprotocol.o(.data)
 <LI><a href="#[27]">im2m_BuildTlvMsg_010C</a> from m2mprotocol.o(.text) referenced 2 times from m2mprotocol.o(.data)
 <LI><a href="#[29]">im2m_BuildTlvMsg_010D</a> from m2mprotocol.o(.text) referenced 2 times from m2mprotocol.o(.data)
 <LI><a href="#[2b]">im2m_BuildTlvMsg_0110</a> from m2mprotocol.o(.text) referenced 2 times from m2mprotocol.o(.data)
 <LI><a href="#[2d]">im2m_BuildTlvMsg_0111</a> from m2mprotocol.o(.text) referenced 2 times from m2mprotocol.o(.data)
 <LI><a href="#[2f]">im2m_BuildTlvMsg_0113</a> from m2mprotocol.o(.text) referenced 2 times from m2mprotocol.o(.data)
 <LI><a href="#[31]">im2m_BuildTlvMsg_0114</a> from m2mprotocol.o(.text) referenced 2 times from m2mprotocol.o(.data)
 <LI><a href="#[33]">im2m_BuildTlvMsg_0115</a> from m2mprotocol.o(.text) referenced 2 times from m2mprotocol.o(.data)
 <LI><a href="#[35]">im2m_BuildTlvMsg_0116</a> from m2mprotocol.o(.text) referenced 2 times from m2mprotocol.o(.data)
 <LI><a href="#[37]">im2m_BuildTlvMsg_0117</a> from m2mprotocol.o(.text) referenced 2 times from m2mprotocol.o(.data)
 <LI><a href="#[39]">im2m_BuildTlvMsg_0118</a> from m2mprotocol.o(.text) referenced 2 times from m2mprotocol.o(.data)
 <LI><a href="#[3b]">im2m_BuildTlvMsg_0119</a> from m2mprotocol.o(.text) referenced 2 times from m2mprotocol.o(.data)
 <LI><a href="#[3d]">im2m_BuildTlvMsg_011A</a> from m2mprotocol.o(.text) referenced 2 times from m2mprotocol.o(.data)
 <LI><a href="#[3f]">im2m_BuildTlvMsg_0201</a> from m2mprotocol.o(.text) referenced 2 times from m2mprotocol.o(.data)
 <LI><a href="#[41]">im2m_BuildTlvMsg_0202</a> from m2mprotocol.o(.text) referenced 2 times from m2mprotocol.o(.data)
 <LI><a href="#[43]">im2m_BuildTlvMsg_0203</a> from m2mprotocol.o(.text) referenced 2 times from m2mprotocol.o(.data)
 <LI><a href="#[45]">im2m_BuildTlvMsg_0204</a> from m2mprotocol.o(.text) referenced 2 times from m2mprotocol.o(.data)
 <LI><a href="#[47]">im2m_BuildTlvMsg_0205</a> from m2mprotocol.o(.text) referenced 2 times from m2mprotocol.o(.data)
 <LI><a href="#[49]">im2m_BuildTlvMsg_0206</a> from m2mprotocol.o(.text) referenced 2 times from m2mprotocol.o(.data)
 <LI><a href="#[4b]">im2m_BuildTlvMsg_020A</a> from m2mprotocol.o(.text) referenced 2 times from m2mprotocol.o(.data)
 <LI><a href="#[4d]">im2m_BuildTlvMsg_020B</a> from m2mprotocol.o(.text) referenced 2 times from m2mprotocol.o(.data)
 <LI><a href="#[51]">im2m_BuildTlvMsg_1005</a> from m2mprotocol.o(.text) referenced 2 times from m2mprotocol.o(.data)
 <LI><a href="#[53]">im2m_BuildTlvMsg_100C</a> from m2mprotocol.o(.text) referenced 2 times from m2mprotocol.o(.data)
 <LI><a href="#[56]">im2m_BuildTlvMsg_2000</a> from m2mprotocol.o(.text) referenced 2 times from m2mprotocol.o(.data)
 <LI><a href="#[58]">im2m_BuildTlvMsg_2001</a> from m2mprotocol.o(.text) referenced 2 times from m2mprotocol.o(.data)
 <LI><a href="#[5a]">im2m_BuildTlvMsg_2002</a> from m2mprotocol.o(.text) referenced 2 times from m2mprotocol.o(.data)
 <LI><a href="#[5c]">im2m_BuildTlvMsg_3016</a> from m2mprotocol.o(.text) referenced 2 times from m2mprotocol.o(.data)
 <LI><a href="#[65]">im2m_BuildTlvMsg_A1FE</a> from m2mprotocol.o(.text) referenced 2 times from m2mprotocol.o(.data)
 <LI><a href="#[2]">init</a> from fal.o(.text) referenced 2 times from fal.o(.data)
 <LI><a href="#[c3]">main</a> from main.o(.text) referenced from entry9a.o(.ARM.Collect$$$$0000000B)
 <LI><a href="#[d6]">prvIdleTask</a> from tasks.o(.text) referenced from tasks.o(.text)
 <LI><a href="#[d5]">prvTaskExitError</a> from port.o(.text) referenced from port.o(.text)
 <LI><a href="#[d7]">prvTimerTask</a> from timers.o(.text) referenced from timers.o(.text)
 <LI><a href="#[3]">read</a> from fal.o(.text) referenced 2 times from fal.o(.data)
 <LI><a href="#[dc]">retry_delay_100us</a> from sfud.o(.text) referenced from sfud.o(.text)
 <LI><a href="#[da]">spi_lock</a> from sfud.o(.text) referenced from sfud.o(.text)
 <LI><a href="#[db]">spi_unlock</a> from sfud.o(.text) referenced from sfud.o(.text)
 <LI><a href="#[d9]">spi_write_read</a> from sfud.o(.text) referenced from sfud.o(.text)
 <LI><a href="#[35f]">vEventGroupClearBitsCallback</a> from event_groups.o(.text) referenced from event_groups.o(.text)
 <LI><a href="#[361]">vEventGroupSetBitsCallback</a> from event_groups.o(.text) referenced from event_groups.o(.text)
 <LI><a href="#[4]">write</a> from fal.o(.text) referenced 2 times from fal.o(.data)
</UL>
<P>
<H3>
Global Symbols
</H3>
<P><STRONG><a name="[c5]"></a>__main</STRONG> (Thumb, 0 bytes, Stack size unknown bytes, entry.o(.ARM.Collect$$$$00000000))
<BR>[Address Reference Count : 1]<UL><LI> startup_stm32f2xx.o(.text)
</UL>
<P><STRONG><a name="[3eb]"></a>_main_stk</STRONG> (Thumb, 0 bytes, Stack size unknown bytes, entry2.o(.ARM.Collect$$$$00000001))

<P><STRONG><a name="[dd]"></a>_main_scatterload</STRONG> (Thumb, 0 bytes, Stack size unknown bytes, entry5.o(.ARM.Collect$$$$00000004))
<BR><BR>[Calls]<UL><LI><a href="#[de]">&gt;&gt;</a>&nbsp;&nbsp;&nbsp;__scatterload
</UL>

<P><STRONG><a name="[3b2]"></a>__main_after_scatterload</STRONG> (Thumb, 0 bytes, Stack size unknown bytes, entry5.o(.ARM.Collect$$$$00000004))
<BR><BR>[Called By]<UL><LI><a href="#[de]">&gt;&gt;</a>&nbsp;&nbsp;&nbsp;__scatterload
</UL>

<P><STRONG><a name="[3ec]"></a>_main_clock</STRONG> (Thumb, 0 bytes, Stack size unknown bytes, entry7b.o(.ARM.Collect$$$$00000008))

<P><STRONG><a name="[3ed]"></a>_main_cpp_init</STRONG> (Thumb, 0 bytes, Stack size unknown bytes, entry8b.o(.ARM.Collect$$$$0000000A))

<P><STRONG><a name="[3ee]"></a>_main_init</STRONG> (Thumb, 0 bytes, Stack size unknown bytes, entry9a.o(.ARM.Collect$$$$0000000B))

<P><STRONG><a name="[3ef]"></a>__rt_final_cpp</STRONG> (Thumb, 0 bytes, Stack size unknown bytes, entry10a.o(.ARM.Collect$$$$0000000D))

<P><STRONG><a name="[3f0]"></a>__rt_final_exit</STRONG> (Thumb, 0 bytes, Stack size unknown bytes, entry11a.o(.ARM.Collect$$$$0000000F))

<P><STRONG><a name="[6e]"></a>SVC_Handler</STRONG> (Thumb, 32 bytes, Stack size 0 bytes, port.o(.emb_text))
<BR>[Address Reference Count : 1]<UL><LI> startup_stm32f2xx.o(RESET)
</UL>
<P><STRONG><a name="[366]"></a>__asm___6_port_c_39a90d8d__prvStartFirstTask</STRONG> (Thumb, 28 bytes, Stack size 0 bytes, port.o(.emb_text))
<BR><BR>[Called By]<UL><LI><a href="#[364]">&gt;&gt;</a>&nbsp;&nbsp;&nbsp;xPortStartScheduler
</UL>

<P><STRONG><a name="[70]"></a>PendSV_Handler</STRONG> (Thumb, 72 bytes, Stack size 0 bytes, port.o(.emb_text))
<BR><BR>[Stack]<UL><LI>Max Depth = 16<LI>Call Chain = PendSV_Handler &rArr; vTaskSwitchContext
</UL>
<BR>[Calls]<UL><LI><a href="#[df]">&gt;&gt;</a>&nbsp;&nbsp;&nbsp;vTaskSwitchContext
</UL>
<BR>[Address Reference Count : 1]<UL><LI> startup_stm32f2xx.o(RESET)
</UL>
<P><STRONG><a name="[3f1]"></a>vPortGetIPSR</STRONG> (Thumb, 6 bytes, Stack size 0 bytes, port.o(.emb_text), UNUSED)

<P><STRONG><a name="[3b3]"></a>HardFaultHandler</STRONG> (Thumb, 194 bytes, Stack size 0 bytes, hardfaulthandler.o(.text))
<BR><BR>[Called By]<UL><LI><a href="#[6a]">&gt;&gt;</a>&nbsp;&nbsp;&nbsp;HardFault_Handler
</UL>

<P><STRONG><a name="[e0]"></a>AppThread_Start</STRONG> (Thumb, 84 bytes, Stack size 0 bytes, main.o(.text))
<BR><BR>[Stack]<UL><LI>Max Depth = 824<LI>Call Chain = AppThread_Start &rArr; Parm_FlashDbInit &rArr; FlashDB_KvdbInit &rArr; iKVDB_KvLoad &rArr; FlashDB_KvSetDefault &rArr; iKVDB_CreatKvBlob &rArr; iKVDB_NewKv &rArr; iKVDB_AllocKv &rArr; iKVDB_SentorIterator &rArr; iKVDB_ReadSectorInfo &rArr; iKVDB_ReadKv &rArr; iFDB_WriteStatus &rArr; PcDebug_Printf &rArr; osMutexRelease &rArr; xQueueGiveMutexRecursive &rArr; xQueueGenericSend &rArr; vTaskPlaceOnEventList &rArr; prvAddCurrentTaskToDelayedList &rArr; vListInsert
</UL>
<BR>[Calls]<UL><LI><a href="#[f2]">&gt;&gt;</a>&nbsp;&nbsp;&nbsp;tbox_state_machine
<LI><a href="#[ea]">&gt;&gt;</a>&nbsp;&nbsp;&nbsp;tbox_initialize
<LI><a href="#[e4]">&gt;&gt;</a>&nbsp;&nbsp;&nbsp;sfud_init (via Veneer)
<LI><a href="#[e3]">&gt;&gt;</a>&nbsp;&nbsp;&nbsp;rtc_Initialize
<LI><a href="#[e1]">&gt;&gt;</a>&nbsp;&nbsp;&nbsp;osDelay
<LI><a href="#[ed]">&gt;&gt;</a>&nbsp;&nbsp;&nbsp;iCloud_ServiceStart
<LI><a href="#[e7]">&gt;&gt;</a>&nbsp;&nbsp;&nbsp;iCloud_ServiceInit
<LI><a href="#[ec]">&gt;&gt;</a>&nbsp;&nbsp;&nbsp;PcDebug_ServiceStart
<LI><a href="#[e2]">&gt;&gt;</a>&nbsp;&nbsp;&nbsp;PcDebug_ServiceInit
<LI><a href="#[e5]">&gt;&gt;</a>&nbsp;&nbsp;&nbsp;Parm_FlashDbInit
<LI><a href="#[f0]">&gt;&gt;</a>&nbsp;&nbsp;&nbsp;Momi_ServiceStart
<LI><a href="#[e8]">&gt;&gt;</a>&nbsp;&nbsp;&nbsp;Momi_ServiceInit
<LI><a href="#[ee]">&gt;&gt;</a>&nbsp;&nbsp;&nbsp;Collect_ServiceStart
<LI><a href="#[e9]">&gt;&gt;</a>&nbsp;&nbsp;&nbsp;Collect_ServiceInit
<LI><a href="#[ef]">&gt;&gt;</a>&nbsp;&nbsp;&nbsp;Can_ServiceStart
<LI><a href="#[e6]">&gt;&gt;</a>&nbsp;&nbsp;&nbsp;Can_ServiceInit
<LI><a href="#[f1]">&gt;&gt;</a>&nbsp;&nbsp;&nbsp;AuxCom_ServiceStart
<LI><a href="#[eb]">&gt;&gt;</a>&nbsp;&nbsp;&nbsp;AuxCom_ServiceInit
</UL>
<BR>[Address Reference Count : 1]<UL><LI> main.o(.text)
</UL>
<P><STRONG><a name="[f3]"></a>IWDG_Init</STRONG> (Thumb, 34 bytes, Stack size 8 bytes, main.o(.text))
<BR><BR>[Stack]<UL><LI>Max Depth = 8<LI>Call Chain = IWDG_Init
</UL>
<BR>[Calls]<UL><LI><a href="#[f4]">&gt;&gt;</a>&nbsp;&nbsp;&nbsp;IWDG_WriteAccessCmd
<LI><a href="#[f6]">&gt;&gt;</a>&nbsp;&nbsp;&nbsp;IWDG_SetReload
<LI><a href="#[f5]">&gt;&gt;</a>&nbsp;&nbsp;&nbsp;IWDG_SetPrescaler
<LI><a href="#[f7]">&gt;&gt;</a>&nbsp;&nbsp;&nbsp;IWDG_ReloadCounter
<LI><a href="#[f8]">&gt;&gt;</a>&nbsp;&nbsp;&nbsp;IWDG_Enable
</UL>
<BR>[Called By]<UL><LI><a href="#[fc]">&gt;&gt;</a>&nbsp;&nbsp;&nbsp;system_Initialize
</UL>

<P><STRONG><a name="[f9]"></a>gpio_Initialize</STRONG> (Thumb, 312 bytes, Stack size 16 bytes, main.o(.text))
<BR><BR>[Stack]<UL><LI>Max Depth = 36<LI>Call Chain = gpio_Initialize &rArr; GPIO_Init
</UL>
<BR>[Calls]<UL><LI><a href="#[fa]">&gt;&gt;</a>&nbsp;&nbsp;&nbsp;RCC_AHB1PeriphClockCmd
<LI><a href="#[fb]">&gt;&gt;</a>&nbsp;&nbsp;&nbsp;GPIO_Init (via Veneer)
</UL>
<BR>[Called By]<UL><LI><a href="#[fc]">&gt;&gt;</a>&nbsp;&nbsp;&nbsp;system_Initialize
</UL>

<P><STRONG><a name="[fc]"></a>system_Initialize</STRONG> (Thumb, 34 bytes, Stack size 8 bytes, main.o(.text))
<BR><BR>[Stack]<UL><LI>Max Depth = 44<LI>Call Chain = system_Initialize &rArr; gpio_Initialize &rArr; GPIO_Init
</UL>
<BR>[Calls]<UL><LI><a href="#[fe]">&gt;&gt;</a>&nbsp;&nbsp;&nbsp;RCC_APB1PeriphClockCmd
<LI><a href="#[ff]">&gt;&gt;</a>&nbsp;&nbsp;&nbsp;PWR_BackupAccessCmd
<LI><a href="#[fd]">&gt;&gt;</a>&nbsp;&nbsp;&nbsp;NVIC_PriorityGroupConfig
<LI><a href="#[f9]">&gt;&gt;</a>&nbsp;&nbsp;&nbsp;gpio_Initialize
<LI><a href="#[f3]">&gt;&gt;</a>&nbsp;&nbsp;&nbsp;IWDG_Init
</UL>
<BR>[Called By]<UL><LI><a href="#[c3]">&gt;&gt;</a>&nbsp;&nbsp;&nbsp;main
</UL>

<P><STRONG><a name="[c3]"></a>main</STRONG> (Thumb, 36 bytes, Stack size 0 bytes, main.o(.text))
<BR><BR>[Stack]<UL><LI>Max Depth = 184<LI>Call Chain = main &rArr; osThreadNew &rArr; xTaskCreate &rArr; pvPortMalloc &rArr; xTaskResumeAll &rArr; xTaskIncrementTick
</UL>
<BR>[Calls]<UL><LI><a href="#[102]">&gt;&gt;</a>&nbsp;&nbsp;&nbsp;osThreadNew
<LI><a href="#[103]">&gt;&gt;</a>&nbsp;&nbsp;&nbsp;osKernelStart
<LI><a href="#[101]">&gt;&gt;</a>&nbsp;&nbsp;&nbsp;osKernelInitialize
<LI><a href="#[100]">&gt;&gt;</a>&nbsp;&nbsp;&nbsp;SystemCoreClockUpdate
<LI><a href="#[fc]">&gt;&gt;</a>&nbsp;&nbsp;&nbsp;system_Initialize
</UL>
<BR>[Address Reference Count : 1]<UL><LI> entry9a.o(.ARM.Collect$$$$0000000B)
</UL>
<P><STRONG><a name="[3f2]"></a>delay_ms</STRONG> (Thumb, 42 bytes, Stack size 0 bytes, main.o(.text), UNUSED)

<P><STRONG><a name="[2c2]"></a>delay_us</STRONG> (Thumb, 180 bytes, Stack size 8 bytes, main.o(.text))
<BR><BR>[Stack]<UL><LI>Max Depth = 8<LI>Call Chain = delay_us
</UL>
<BR>[Called By]<UL><LI><a href="#[2a9]">&gt;&gt;</a>&nbsp;&nbsp;&nbsp;i2c1_write_byte
<LI><a href="#[2aa]">&gt;&gt;</a>&nbsp;&nbsp;&nbsp;i2c1_wait_ack
<LI><a href="#[2ab]">&gt;&gt;</a>&nbsp;&nbsp;&nbsp;i2c1_stop
<LI><a href="#[2a8]">&gt;&gt;</a>&nbsp;&nbsp;&nbsp;i2c1_start
<LI><a href="#[2ad]">&gt;&gt;</a>&nbsp;&nbsp;&nbsp;i2c1_restart
<LI><a href="#[2ae]">&gt;&gt;</a>&nbsp;&nbsp;&nbsp;i2c1_read_byte
<LI><a href="#[2b0]">&gt;&gt;</a>&nbsp;&nbsp;&nbsp;i2c1_not_ack
<LI><a href="#[2af]">&gt;&gt;</a>&nbsp;&nbsp;&nbsp;i2c1_ack
</UL>

<P><STRONG><a name="[68]"></a>Reset_Handler</STRONG> (Thumb, 8 bytes, Stack size 0 bytes, startup_stm32f2xx.o(.text))
<BR>[Address Reference Count : 1]<UL><LI> startup_stm32f2xx.o(RESET)
</UL>
<P><STRONG><a name="[69]"></a>NMI_Handler</STRONG> (Thumb, 2 bytes, Stack size 0 bytes, startup_stm32f2xx.o(.text))
<BR><BR>[Calls]<UL><LI><a href="#[69]">&gt;&gt;</a>&nbsp;&nbsp;&nbsp;NMI_Handler
</UL>
<BR>[Called By]<UL><LI><a href="#[69]">&gt;&gt;</a>&nbsp;&nbsp;&nbsp;NMI_Handler
</UL>
<BR>[Address Reference Count : 1]<UL><LI> startup_stm32f2xx.o(RESET)
</UL>
<P><STRONG><a name="[6b]"></a>MemManage_Handler</STRONG> (Thumb, 2 bytes, Stack size 0 bytes, startup_stm32f2xx.o(.text))
<BR><BR>[Calls]<UL><LI><a href="#[6b]">&gt;&gt;</a>&nbsp;&nbsp;&nbsp;MemManage_Handler
</UL>
<BR>[Called By]<UL><LI><a href="#[6b]">&gt;&gt;</a>&nbsp;&nbsp;&nbsp;MemManage_Handler
</UL>
<BR>[Address Reference Count : 1]<UL><LI> startup_stm32f2xx.o(RESET)
</UL>
<P><STRONG><a name="[6c]"></a>BusFault_Handler</STRONG> (Thumb, 2 bytes, Stack size 0 bytes, startup_stm32f2xx.o(.text))
<BR><BR>[Calls]<UL><LI><a href="#[6c]">&gt;&gt;</a>&nbsp;&nbsp;&nbsp;BusFault_Handler
</UL>
<BR>[Called By]<UL><LI><a href="#[6c]">&gt;&gt;</a>&nbsp;&nbsp;&nbsp;BusFault_Handler
</UL>
<BR>[Address Reference Count : 1]<UL><LI> startup_stm32f2xx.o(RESET)
</UL>
<P><STRONG><a name="[6d]"></a>UsageFault_Handler</STRONG> (Thumb, 2 bytes, Stack size 0 bytes, startup_stm32f2xx.o(.text))
<BR><BR>[Calls]<UL><LI><a href="#[6d]">&gt;&gt;</a>&nbsp;&nbsp;&nbsp;UsageFault_Handler
</UL>
<BR>[Called By]<UL><LI><a href="#[6d]">&gt;&gt;</a>&nbsp;&nbsp;&nbsp;UsageFault_Handler
</UL>
<BR>[Address Reference Count : 1]<UL><LI> startup_stm32f2xx.o(RESET)
</UL>
<P><STRONG><a name="[6f]"></a>DebugMon_Handler</STRONG> (Thumb, 2 bytes, Stack size 0 bytes, startup_stm32f2xx.o(.text))
<BR><BR>[Calls]<UL><LI><a href="#[6f]">&gt;&gt;</a>&nbsp;&nbsp;&nbsp;DebugMon_Handler
</UL>
<BR>[Called By]<UL><LI><a href="#[6f]">&gt;&gt;</a>&nbsp;&nbsp;&nbsp;DebugMon_Handler
</UL>
<BR>[Address Reference Count : 1]<UL><LI> startup_stm32f2xx.o(RESET)
</UL>
<P><STRONG><a name="[84]"></a>ADC_IRQHandler</STRONG> (Thumb, 0 bytes, Stack size 0 bytes, startup_stm32f2xx.o(.text))
<BR><BR>[Calls]<UL><LI><a href="#[84]">&gt;&gt;</a>&nbsp;&nbsp;&nbsp;ADC_IRQHandler
</UL>
<BR>[Called By]<UL><LI><a href="#[84]">&gt;&gt;</a>&nbsp;&nbsp;&nbsp;ADC_IRQHandler
</UL>
<BR>[Address Reference Count : 1]<UL><LI> startup_stm32f2xx.o(RESET)
</UL>
<P><STRONG><a name="[88]"></a>CAN1_SCE_IRQHandler</STRONG> (Thumb, 0 bytes, Stack size 0 bytes, startup_stm32f2xx.o(.text))
<BR>[Address Reference Count : 1]<UL><LI> startup_stm32f2xx.o(RESET)
</UL>
<P><STRONG><a name="[85]"></a>CAN1_TX_IRQHandler</STRONG> (Thumb, 0 bytes, Stack size 0 bytes, startup_stm32f2xx.o(.text))
<BR>[Address Reference Count : 1]<UL><LI> startup_stm32f2xx.o(RESET)
</UL>
<P><STRONG><a name="[b4]"></a>CAN2_SCE_IRQHandler</STRONG> (Thumb, 0 bytes, Stack size 0 bytes, startup_stm32f2xx.o(.text))
<BR>[Address Reference Count : 1]<UL><LI> startup_stm32f2xx.o(RESET)
</UL>
<P><STRONG><a name="[b1]"></a>CAN2_TX_IRQHandler</STRONG> (Thumb, 0 bytes, Stack size 0 bytes, startup_stm32f2xx.o(.text))
<BR>[Address Reference Count : 1]<UL><LI> startup_stm32f2xx.o(RESET)
</UL>
<P><STRONG><a name="[c1]"></a>CRYP_IRQHandler</STRONG> (Thumb, 0 bytes, Stack size 0 bytes, startup_stm32f2xx.o(.text))
<BR>[Address Reference Count : 1]<UL><LI> startup_stm32f2xx.o(RESET)
</UL>
<P><STRONG><a name="[c0]"></a>DCMI_IRQHandler</STRONG> (Thumb, 0 bytes, Stack size 0 bytes, startup_stm32f2xx.o(.text))
<BR>[Address Reference Count : 1]<UL><LI> startup_stm32f2xx.o(RESET)
</UL>
<P><STRONG><a name="[7d]"></a>DMA1_Stream0_IRQHandler</STRONG> (Thumb, 0 bytes, Stack size 0 bytes, startup_stm32f2xx.o(.text))
<BR>[Address Reference Count : 1]<UL><LI> startup_stm32f2xx.o(RESET)
</UL>
<P><STRONG><a name="[7e]"></a>DMA1_Stream1_IRQHandler</STRONG> (Thumb, 0 bytes, Stack size 0 bytes, startup_stm32f2xx.o(.text))
<BR>[Address Reference Count : 1]<UL><LI> startup_stm32f2xx.o(RESET)
</UL>
<P><STRONG><a name="[7f]"></a>DMA1_Stream2_IRQHandler</STRONG> (Thumb, 0 bytes, Stack size 0 bytes, startup_stm32f2xx.o(.text))
<BR>[Address Reference Count : 1]<UL><LI> startup_stm32f2xx.o(RESET)
</UL>
<P><STRONG><a name="[81]"></a>DMA1_Stream4_IRQHandler</STRONG> (Thumb, 0 bytes, Stack size 0 bytes, startup_stm32f2xx.o(.text))
<BR>[Address Reference Count : 1]<UL><LI> startup_stm32f2xx.o(RESET)
</UL>
<P><STRONG><a name="[82]"></a>DMA1_Stream5_IRQHandler</STRONG> (Thumb, 0 bytes, Stack size 0 bytes, startup_stm32f2xx.o(.text))
<BR>[Address Reference Count : 1]<UL><LI> startup_stm32f2xx.o(RESET)
</UL>
<P><STRONG><a name="[83]"></a>DMA1_Stream6_IRQHandler</STRONG> (Thumb, 0 bytes, Stack size 0 bytes, startup_stm32f2xx.o(.text))
<BR>[Address Reference Count : 1]<UL><LI> startup_stm32f2xx.o(RESET)
</UL>
<P><STRONG><a name="[a1]"></a>DMA1_Stream7_IRQHandler</STRONG> (Thumb, 0 bytes, Stack size 0 bytes, startup_stm32f2xx.o(.text))
<BR>[Address Reference Count : 1]<UL><LI> startup_stm32f2xx.o(RESET)
</UL>
<P><STRONG><a name="[aa]"></a>DMA2_Stream0_IRQHandler</STRONG> (Thumb, 0 bytes, Stack size 0 bytes, startup_stm32f2xx.o(.text))
<BR>[Address Reference Count : 1]<UL><LI> startup_stm32f2xx.o(RESET)
</UL>
<P><STRONG><a name="[ab]"></a>DMA2_Stream1_IRQHandler</STRONG> (Thumb, 0 bytes, Stack size 0 bytes, startup_stm32f2xx.o(.text))
<BR>[Address Reference Count : 1]<UL><LI> startup_stm32f2xx.o(RESET)
</UL>
<P><STRONG><a name="[ac]"></a>DMA2_Stream2_IRQHandler</STRONG> (Thumb, 0 bytes, Stack size 0 bytes, startup_stm32f2xx.o(.text))
<BR>[Address Reference Count : 1]<UL><LI> startup_stm32f2xx.o(RESET)
</UL>
<P><STRONG><a name="[ad]"></a>DMA2_Stream3_IRQHandler</STRONG> (Thumb, 0 bytes, Stack size 0 bytes, startup_stm32f2xx.o(.text))
<BR>[Address Reference Count : 1]<UL><LI> startup_stm32f2xx.o(RESET)
</UL>
<P><STRONG><a name="[ae]"></a>DMA2_Stream4_IRQHandler</STRONG> (Thumb, 0 bytes, Stack size 0 bytes, startup_stm32f2xx.o(.text))
<BR>[Address Reference Count : 1]<UL><LI> startup_stm32f2xx.o(RESET)
</UL>
<P><STRONG><a name="[b6]"></a>DMA2_Stream5_IRQHandler</STRONG> (Thumb, 0 bytes, Stack size 0 bytes, startup_stm32f2xx.o(.text))
<BR>[Address Reference Count : 1]<UL><LI> startup_stm32f2xx.o(RESET)
</UL>
<P><STRONG><a name="[af]"></a>ETH_IRQHandler</STRONG> (Thumb, 0 bytes, Stack size 0 bytes, startup_stm32f2xx.o(.text))
<BR>[Address Reference Count : 1]<UL><LI> startup_stm32f2xx.o(RESET)
</UL>
<P><STRONG><a name="[b0]"></a>ETH_WKUP_IRQHandler</STRONG> (Thumb, 0 bytes, Stack size 0 bytes, startup_stm32f2xx.o(.text))
<BR>[Address Reference Count : 1]<UL><LI> startup_stm32f2xx.o(RESET)
</UL>
<P><STRONG><a name="[9a]"></a>EXTI15_10_IRQHandler</STRONG> (Thumb, 0 bytes, Stack size 0 bytes, startup_stm32f2xx.o(.text))
<BR>[Address Reference Count : 1]<UL><LI> startup_stm32f2xx.o(RESET)
</UL>
<P><STRONG><a name="[79]"></a>EXTI1_IRQHandler</STRONG> (Thumb, 0 bytes, Stack size 0 bytes, startup_stm32f2xx.o(.text))
<BR>[Address Reference Count : 1]<UL><LI> startup_stm32f2xx.o(RESET)
</UL>
<P><STRONG><a name="[7a]"></a>EXTI2_IRQHandler</STRONG> (Thumb, 0 bytes, Stack size 0 bytes, startup_stm32f2xx.o(.text))
<BR>[Address Reference Count : 1]<UL><LI> startup_stm32f2xx.o(RESET)
</UL>
<P><STRONG><a name="[7c]"></a>EXTI4_IRQHandler</STRONG> (Thumb, 0 bytes, Stack size 0 bytes, startup_stm32f2xx.o(.text))
<BR>[Address Reference Count : 1]<UL><LI> startup_stm32f2xx.o(RESET)
</UL>
<P><STRONG><a name="[76]"></a>FLASH_IRQHandler</STRONG> (Thumb, 0 bytes, Stack size 0 bytes, startup_stm32f2xx.o(.text))
<BR>[Address Reference Count : 1]<UL><LI> startup_stm32f2xx.o(RESET)
</UL>
<P><STRONG><a name="[a2]"></a>FSMC_IRQHandler</STRONG> (Thumb, 0 bytes, Stack size 0 bytes, startup_stm32f2xx.o(.text))
<BR>[Address Reference Count : 1]<UL><LI> startup_stm32f2xx.o(RESET)
</UL>
<P><STRONG><a name="[c2]"></a>HASH_RNG_IRQHandler</STRONG> (Thumb, 0 bytes, Stack size 0 bytes, startup_stm32f2xx.o(.text))
<BR>[Address Reference Count : 1]<UL><LI> startup_stm32f2xx.o(RESET)
</UL>
<P><STRONG><a name="[92]"></a>I2C1_ER_IRQHandler</STRONG> (Thumb, 0 bytes, Stack size 0 bytes, startup_stm32f2xx.o(.text))
<BR>[Address Reference Count : 1]<UL><LI> startup_stm32f2xx.o(RESET)
</UL>
<P><STRONG><a name="[91]"></a>I2C1_EV_IRQHandler</STRONG> (Thumb, 0 bytes, Stack size 0 bytes, startup_stm32f2xx.o(.text))
<BR>[Address Reference Count : 1]<UL><LI> startup_stm32f2xx.o(RESET)
</UL>
<P><STRONG><a name="[94]"></a>I2C2_ER_IRQHandler</STRONG> (Thumb, 0 bytes, Stack size 0 bytes, startup_stm32f2xx.o(.text))
<BR>[Address Reference Count : 1]<UL><LI> startup_stm32f2xx.o(RESET)
</UL>
<P><STRONG><a name="[93]"></a>I2C2_EV_IRQHandler</STRONG> (Thumb, 0 bytes, Stack size 0 bytes, startup_stm32f2xx.o(.text))
<BR>[Address Reference Count : 1]<UL><LI> startup_stm32f2xx.o(RESET)
</UL>
<P><STRONG><a name="[bb]"></a>I2C3_ER_IRQHandler</STRONG> (Thumb, 0 bytes, Stack size 0 bytes, startup_stm32f2xx.o(.text))
<BR>[Address Reference Count : 1]<UL><LI> startup_stm32f2xx.o(RESET)
</UL>
<P><STRONG><a name="[ba]"></a>I2C3_EV_IRQHandler</STRONG> (Thumb, 0 bytes, Stack size 0 bytes, startup_stm32f2xx.o(.text))
<BR>[Address Reference Count : 1]<UL><LI> startup_stm32f2xx.o(RESET)
</UL>
<P><STRONG><a name="[b5]"></a>OTG_FS_IRQHandler</STRONG> (Thumb, 0 bytes, Stack size 0 bytes, startup_stm32f2xx.o(.text))
<BR>[Address Reference Count : 1]<UL><LI> startup_stm32f2xx.o(RESET)
</UL>
<P><STRONG><a name="[9c]"></a>OTG_FS_WKUP_IRQHandler</STRONG> (Thumb, 0 bytes, Stack size 0 bytes, startup_stm32f2xx.o(.text))
<BR>[Address Reference Count : 1]<UL><LI> startup_stm32f2xx.o(RESET)
</UL>
<P><STRONG><a name="[bd]"></a>OTG_HS_EP1_IN_IRQHandler</STRONG> (Thumb, 0 bytes, Stack size 0 bytes, startup_stm32f2xx.o(.text))
<BR>[Address Reference Count : 1]<UL><LI> startup_stm32f2xx.o(RESET)
</UL>
<P><STRONG><a name="[bc]"></a>OTG_HS_EP1_OUT_IRQHandler</STRONG> (Thumb, 0 bytes, Stack size 0 bytes, startup_stm32f2xx.o(.text))
<BR>[Address Reference Count : 1]<UL><LI> startup_stm32f2xx.o(RESET)
</UL>
<P><STRONG><a name="[bf]"></a>OTG_HS_IRQHandler</STRONG> (Thumb, 0 bytes, Stack size 0 bytes, startup_stm32f2xx.o(.text))
<BR>[Address Reference Count : 1]<UL><LI> startup_stm32f2xx.o(RESET)
</UL>
<P><STRONG><a name="[be]"></a>OTG_HS_WKUP_IRQHandler</STRONG> (Thumb, 0 bytes, Stack size 0 bytes, startup_stm32f2xx.o(.text))
<BR>[Address Reference Count : 1]<UL><LI> startup_stm32f2xx.o(RESET)
</UL>
<P><STRONG><a name="[73]"></a>PVD_IRQHandler</STRONG> (Thumb, 0 bytes, Stack size 0 bytes, startup_stm32f2xx.o(.text))
<BR>[Address Reference Count : 1]<UL><LI> startup_stm32f2xx.o(RESET)
</UL>
<P><STRONG><a name="[77]"></a>RCC_IRQHandler</STRONG> (Thumb, 0 bytes, Stack size 0 bytes, startup_stm32f2xx.o(.text))
<BR>[Address Reference Count : 1]<UL><LI> startup_stm32f2xx.o(RESET)
</UL>
<P><STRONG><a name="[9b]"></a>RTC_Alarm_IRQHandler</STRONG> (Thumb, 0 bytes, Stack size 0 bytes, startup_stm32f2xx.o(.text))
<BR>[Address Reference Count : 1]<UL><LI> startup_stm32f2xx.o(RESET)
</UL>
<P><STRONG><a name="[75]"></a>RTC_WKUP_IRQHandler</STRONG> (Thumb, 0 bytes, Stack size 0 bytes, startup_stm32f2xx.o(.text))
<BR>[Address Reference Count : 1]<UL><LI> startup_stm32f2xx.o(RESET)
</UL>
<P><STRONG><a name="[a3]"></a>SDIO_IRQHandler</STRONG> (Thumb, 0 bytes, Stack size 0 bytes, startup_stm32f2xx.o(.text))
<BR>[Address Reference Count : 1]<UL><LI> startup_stm32f2xx.o(RESET)
</UL>
<P><STRONG><a name="[95]"></a>SPI1_IRQHandler</STRONG> (Thumb, 0 bytes, Stack size 0 bytes, startup_stm32f2xx.o(.text))
<BR>[Address Reference Count : 1]<UL><LI> startup_stm32f2xx.o(RESET)
</UL>
<P><STRONG><a name="[96]"></a>SPI2_IRQHandler</STRONG> (Thumb, 0 bytes, Stack size 0 bytes, startup_stm32f2xx.o(.text))
<BR>[Address Reference Count : 1]<UL><LI> startup_stm32f2xx.o(RESET)
</UL>
<P><STRONG><a name="[a5]"></a>SPI3_IRQHandler</STRONG> (Thumb, 0 bytes, Stack size 0 bytes, startup_stm32f2xx.o(.text))
<BR>[Address Reference Count : 1]<UL><LI> startup_stm32f2xx.o(RESET)
</UL>
<P><STRONG><a name="[74]"></a>TAMP_STAMP_IRQHandler</STRONG> (Thumb, 0 bytes, Stack size 0 bytes, startup_stm32f2xx.o(.text))
<BR>[Address Reference Count : 1]<UL><LI> startup_stm32f2xx.o(RESET)
</UL>
<P><STRONG><a name="[8a]"></a>TIM1_BRK_TIM9_IRQHandler</STRONG> (Thumb, 0 bytes, Stack size 0 bytes, startup_stm32f2xx.o(.text))
<BR>[Address Reference Count : 1]<UL><LI> startup_stm32f2xx.o(RESET)
</UL>
<P><STRONG><a name="[8d]"></a>TIM1_CC_IRQHandler</STRONG> (Thumb, 0 bytes, Stack size 0 bytes, startup_stm32f2xx.o(.text))
<BR>[Address Reference Count : 1]<UL><LI> startup_stm32f2xx.o(RESET)
</UL>
<P><STRONG><a name="[8c]"></a>TIM1_TRG_COM_TIM11_IRQHandler</STRONG> (Thumb, 0 bytes, Stack size 0 bytes, startup_stm32f2xx.o(.text))
<BR>[Address Reference Count : 1]<UL><LI> startup_stm32f2xx.o(RESET)
</UL>
<P><STRONG><a name="[8b]"></a>TIM1_UP_TIM10_IRQHandler</STRONG> (Thumb, 0 bytes, Stack size 0 bytes, startup_stm32f2xx.o(.text))
<BR>[Address Reference Count : 1]<UL><LI> startup_stm32f2xx.o(RESET)
</UL>
<P><STRONG><a name="[8e]"></a>TIM2_IRQHandler</STRONG> (Thumb, 0 bytes, Stack size 0 bytes, startup_stm32f2xx.o(.text))
<BR>[Address Reference Count : 1]<UL><LI> startup_stm32f2xx.o(RESET)
</UL>
<P><STRONG><a name="[8f]"></a>TIM3_IRQHandler</STRONG> (Thumb, 0 bytes, Stack size 0 bytes, startup_stm32f2xx.o(.text))
<BR>[Address Reference Count : 1]<UL><LI> startup_stm32f2xx.o(RESET)
</UL>
<P><STRONG><a name="[90]"></a>TIM4_IRQHandler</STRONG> (Thumb, 0 bytes, Stack size 0 bytes, startup_stm32f2xx.o(.text))
<BR>[Address Reference Count : 1]<UL><LI> startup_stm32f2xx.o(RESET)
</UL>
<P><STRONG><a name="[a4]"></a>TIM5_IRQHandler</STRONG> (Thumb, 0 bytes, Stack size 0 bytes, startup_stm32f2xx.o(.text))
<BR>[Address Reference Count : 1]<UL><LI> startup_stm32f2xx.o(RESET)
</UL>
<P><STRONG><a name="[a8]"></a>TIM6_DAC_IRQHandler</STRONG> (Thumb, 0 bytes, Stack size 0 bytes, startup_stm32f2xx.o(.text))
<BR>[Address Reference Count : 1]<UL><LI> startup_stm32f2xx.o(RESET)
</UL>
<P><STRONG><a name="[a9]"></a>TIM7_IRQHandler</STRONG> (Thumb, 0 bytes, Stack size 0 bytes, startup_stm32f2xx.o(.text))
<BR>[Address Reference Count : 1]<UL><LI> startup_stm32f2xx.o(RESET)
</UL>
<P><STRONG><a name="[9d]"></a>TIM8_BRK_TIM12_IRQHandler</STRONG> (Thumb, 0 bytes, Stack size 0 bytes, startup_stm32f2xx.o(.text))
<BR>[Address Reference Count : 1]<UL><LI> startup_stm32f2xx.o(RESET)
</UL>
<P><STRONG><a name="[a0]"></a>TIM8_CC_IRQHandler</STRONG> (Thumb, 0 bytes, Stack size 0 bytes, startup_stm32f2xx.o(.text))
<BR>[Address Reference Count : 1]<UL><LI> startup_stm32f2xx.o(RESET)
</UL>
<P><STRONG><a name="[9f]"></a>TIM8_TRG_COM_TIM14_IRQHandler</STRONG> (Thumb, 0 bytes, Stack size 0 bytes, startup_stm32f2xx.o(.text))
<BR>[Address Reference Count : 1]<UL><LI> startup_stm32f2xx.o(RESET)
</UL>
<P><STRONG><a name="[9e]"></a>TIM8_UP_TIM13_IRQHandler</STRONG> (Thumb, 0 bytes, Stack size 0 bytes, startup_stm32f2xx.o(.text))
<BR>[Address Reference Count : 1]<UL><LI> startup_stm32f2xx.o(RESET)
</UL>
<P><STRONG><a name="[a6]"></a>UART4_IRQHandler</STRONG> (Thumb, 0 bytes, Stack size 0 bytes, startup_stm32f2xx.o(.text))
<BR>[Address Reference Count : 1]<UL><LI> startup_stm32f2xx.o(RESET)
</UL>
<P><STRONG><a name="[a7]"></a>UART5_IRQHandler</STRONG> (Thumb, 0 bytes, Stack size 0 bytes, startup_stm32f2xx.o(.text))
<BR>[Address Reference Count : 1]<UL><LI> startup_stm32f2xx.o(RESET)
</UL>
<P><STRONG><a name="[98]"></a>USART2_IRQHandler</STRONG> (Thumb, 0 bytes, Stack size 0 bytes, startup_stm32f2xx.o(.text))
<BR>[Address Reference Count : 1]<UL><LI> startup_stm32f2xx.o(RESET)
</UL>
<P><STRONG><a name="[72]"></a>WWDG_IRQHandler</STRONG> (Thumb, 0 bytes, Stack size 0 bytes, startup_stm32f2xx.o(.text))
<BR>[Address Reference Count : 1]<UL><LI> startup_stm32f2xx.o(RESET)
</UL>
<P><STRONG><a name="[c4]"></a>SystemInit</STRONG> (Thumb, 74 bytes, Stack size 8 bytes, system_stm32f2xx.o(.text))
<BR><BR>[Stack]<UL><LI>Max Depth = 20<LI>Call Chain = SystemInit &rArr; SetSysClock
</UL>
<BR>[Calls]<UL><LI><a href="#[104]">&gt;&gt;</a>&nbsp;&nbsp;&nbsp;SetSysClock
</UL>
<BR>[Address Reference Count : 1]<UL><LI> startup_stm32f2xx.o(.text)
</UL>
<P><STRONG><a name="[100]"></a>SystemCoreClockUpdate</STRONG> (Thumb, 174 bytes, Stack size 16 bytes, system_stm32f2xx.o(.text))
<BR><BR>[Stack]<UL><LI>Max Depth = 16<LI>Call Chain = SystemCoreClockUpdate
</UL>
<BR>[Called By]<UL><LI><a href="#[c3]">&gt;&gt;</a>&nbsp;&nbsp;&nbsp;main
</UL>

<P><STRONG><a name="[112]"></a>adc_nb_sample_init</STRONG> (Thumb, 26 bytes, Stack size 0 bytes, collecthw.o(.text))
<BR><BR>[Called By]<UL><LI><a href="#[105]">&gt;&gt;</a>&nbsp;&nbsp;&nbsp;ADC_Initialize
</UL>

<P><STRONG><a name="[105]"></a>ADC_Initialize</STRONG> (Thumb, 292 bytes, Stack size 112 bytes, collecthw.o(.text))
<BR><BR>[Stack]<UL><LI>Max Depth = 132<LI>Call Chain = ADC_Initialize &rArr; ADC_RegularChannelConfig
</UL>
<BR>[Calls]<UL><LI><a href="#[106]">&gt;&gt;</a>&nbsp;&nbsp;&nbsp;RCC_APB2PeriphClockCmd
<LI><a href="#[108]">&gt;&gt;</a>&nbsp;&nbsp;&nbsp;DMA_Init
<LI><a href="#[107]">&gt;&gt;</a>&nbsp;&nbsp;&nbsp;DMA_DeInit
<LI><a href="#[109]">&gt;&gt;</a>&nbsp;&nbsp;&nbsp;DMA_Cmd
<LI><a href="#[10c]">&gt;&gt;</a>&nbsp;&nbsp;&nbsp;ADC_TempSensorVrefintCmd
<LI><a href="#[111]">&gt;&gt;</a>&nbsp;&nbsp;&nbsp;ADC_SoftwareStartConv
<LI><a href="#[10d]">&gt;&gt;</a>&nbsp;&nbsp;&nbsp;ADC_RegularChannelConfig
<LI><a href="#[10b]">&gt;&gt;</a>&nbsp;&nbsp;&nbsp;ADC_Init
<LI><a href="#[10e]">&gt;&gt;</a>&nbsp;&nbsp;&nbsp;ADC_DMARequestAfterLastTransferCmd
<LI><a href="#[10f]">&gt;&gt;</a>&nbsp;&nbsp;&nbsp;ADC_DMACmd
<LI><a href="#[10a]">&gt;&gt;</a>&nbsp;&nbsp;&nbsp;ADC_CommonInit
<LI><a href="#[110]">&gt;&gt;</a>&nbsp;&nbsp;&nbsp;ADC_Cmd
<LI><a href="#[112]">&gt;&gt;</a>&nbsp;&nbsp;&nbsp;adc_nb_sample_init
<LI><a href="#[fa]">&gt;&gt;</a>&nbsp;&nbsp;&nbsp;RCC_AHB1PeriphClockCmd
<LI><a href="#[fb]">&gt;&gt;</a>&nbsp;&nbsp;&nbsp;GPIO_Init (via Veneer)
</UL>
<BR>[Called By]<UL><LI><a href="#[11c]">&gt;&gt;</a>&nbsp;&nbsp;&nbsp;CollectHw_Init
</UL>

<P><STRONG><a name="[132]"></a>adc_push_dma_sample</STRONG> (Thumb, 88 bytes, Stack size 12 bytes, collecthw.o(.text))
<BR><BR>[Stack]<UL><LI>Max Depth = 12<LI>Call Chain = adc_push_dma_sample
</UL>
<BR>[Called By]<UL><LI><a href="#[131]">&gt;&gt;</a>&nbsp;&nbsp;&nbsp;COLT_Do100msTasks
</UL>

<P><STRONG><a name="[113]"></a>RTC_WAKE_UP_GPIO_EXTI_Initialize</STRONG> (Thumb, 114 bytes, Stack size 24 bytes, collecthw.o(.text))
<BR><BR>[Stack]<UL><LI>Max Depth = 44<LI>Call Chain = RTC_WAKE_UP_GPIO_EXTI_Initialize &rArr; GPIO_Init
</UL>
<BR>[Calls]<UL><LI><a href="#[114]">&gt;&gt;</a>&nbsp;&nbsp;&nbsp;SYSCFG_EXTILineConfig
<LI><a href="#[106]">&gt;&gt;</a>&nbsp;&nbsp;&nbsp;RCC_APB2PeriphClockCmd
<LI><a href="#[116]">&gt;&gt;</a>&nbsp;&nbsp;&nbsp;NVIC_Init
<LI><a href="#[115]">&gt;&gt;</a>&nbsp;&nbsp;&nbsp;EXTI_Init
<LI><a href="#[fa]">&gt;&gt;</a>&nbsp;&nbsp;&nbsp;RCC_AHB1PeriphClockCmd
<LI><a href="#[fb]">&gt;&gt;</a>&nbsp;&nbsp;&nbsp;GPIO_Init (via Veneer)
</UL>
<BR>[Called By]<UL><LI><a href="#[11c]">&gt;&gt;</a>&nbsp;&nbsp;&nbsp;CollectHw_Init
</UL>

<P><STRONG><a name="[78]"></a>EXTI0_IRQHandler</STRONG> (Thumb, 18 bytes, Stack size 8 bytes, collecthw.o(.text))
<BR><BR>[Stack]<UL><LI>Max Depth = 8<LI>Call Chain = EXTI0_IRQHandler
</UL>
<BR>[Calls]<UL><LI><a href="#[117]">&gt;&gt;</a>&nbsp;&nbsp;&nbsp;EXTI_GetITStatus
<LI><a href="#[118]">&gt;&gt;</a>&nbsp;&nbsp;&nbsp;EXTI_ClearITPendingBit
</UL>
<BR>[Address Reference Count : 1]<UL><LI> startup_stm32f2xx.o(RESET)
</UL>
<P><STRONG><a name="[3f3]"></a>Openbox_GPIO_EXTI_Initialize</STRONG> (Thumb, 2 bytes, Stack size 0 bytes, collecthw.o(.text), UNUSED)

<P><STRONG><a name="[7b]"></a>EXTI3_IRQHandler</STRONG> (Thumb, 34 bytes, Stack size 8 bytes, collecthw.o(.text))
<BR><BR>[Stack]<UL><LI>Max Depth = 8<LI>Call Chain = EXTI3_IRQHandler
</UL>
<BR>[Calls]<UL><LI><a href="#[119]">&gt;&gt;</a>&nbsp;&nbsp;&nbsp;Tbox_ResetSleepTime
<LI><a href="#[117]">&gt;&gt;</a>&nbsp;&nbsp;&nbsp;EXTI_GetITStatus
<LI><a href="#[118]">&gt;&gt;</a>&nbsp;&nbsp;&nbsp;EXTI_ClearITPendingBit
</UL>
<BR>[Address Reference Count : 1]<UL><LI> startup_stm32f2xx.o(RESET)
</UL>
<P><STRONG><a name="[11a]"></a>RING_WAKE_GPIO_EXTI_Initialize</STRONG> (Thumb, 118 bytes, Stack size 24 bytes, collecthw.o(.text), UNUSED)
<BR><BR>[Calls]<UL><LI><a href="#[114]">&gt;&gt;</a>&nbsp;&nbsp;&nbsp;SYSCFG_EXTILineConfig
<LI><a href="#[106]">&gt;&gt;</a>&nbsp;&nbsp;&nbsp;RCC_APB2PeriphClockCmd
<LI><a href="#[116]">&gt;&gt;</a>&nbsp;&nbsp;&nbsp;NVIC_Init
<LI><a href="#[115]">&gt;&gt;</a>&nbsp;&nbsp;&nbsp;EXTI_Init
<LI><a href="#[fa]">&gt;&gt;</a>&nbsp;&nbsp;&nbsp;RCC_AHB1PeriphClockCmd
<LI><a href="#[fb]">&gt;&gt;</a>&nbsp;&nbsp;&nbsp;GPIO_Init (via Veneer)
</UL>

<P><STRONG><a name="[11b]"></a>ACC_IN_GPIO_EXTI_Initialize</STRONG> (Thumb, 114 bytes, Stack size 24 bytes, collecthw.o(.text))
<BR><BR>[Stack]<UL><LI>Max Depth = 44<LI>Call Chain = ACC_IN_GPIO_EXTI_Initialize &rArr; GPIO_Init
</UL>
<BR>[Calls]<UL><LI><a href="#[114]">&gt;&gt;</a>&nbsp;&nbsp;&nbsp;SYSCFG_EXTILineConfig
<LI><a href="#[106]">&gt;&gt;</a>&nbsp;&nbsp;&nbsp;RCC_APB2PeriphClockCmd
<LI><a href="#[116]">&gt;&gt;</a>&nbsp;&nbsp;&nbsp;NVIC_Init
<LI><a href="#[115]">&gt;&gt;</a>&nbsp;&nbsp;&nbsp;EXTI_Init
<LI><a href="#[fa]">&gt;&gt;</a>&nbsp;&nbsp;&nbsp;RCC_AHB1PeriphClockCmd
<LI><a href="#[fb]">&gt;&gt;</a>&nbsp;&nbsp;&nbsp;GPIO_Init (via Veneer)
</UL>
<BR>[Called By]<UL><LI><a href="#[11c]">&gt;&gt;</a>&nbsp;&nbsp;&nbsp;CollectHw_Init
</UL>

<P><STRONG><a name="[89]"></a>EXTI9_5_IRQHandler</STRONG> (Thumb, 34 bytes, Stack size 8 bytes, collecthw.o(.text))
<BR><BR>[Stack]<UL><LI>Max Depth = 8<LI>Call Chain = EXTI9_5_IRQHandler
</UL>
<BR>[Calls]<UL><LI><a href="#[119]">&gt;&gt;</a>&nbsp;&nbsp;&nbsp;Tbox_ResetSleepTime
<LI><a href="#[117]">&gt;&gt;</a>&nbsp;&nbsp;&nbsp;EXTI_GetITStatus
<LI><a href="#[118]">&gt;&gt;</a>&nbsp;&nbsp;&nbsp;EXTI_ClearITPendingBit
</UL>
<BR>[Address Reference Count : 1]<UL><LI> startup_stm32f2xx.o(RESET)
</UL>
<P><STRONG><a name="[11c]"></a>CollectHw_Init</STRONG> (Thumb, 16 bytes, Stack size 8 bytes, collecthw.o(.text))
<BR><BR>[Stack]<UL><LI>Max Depth = 140<LI>Call Chain = CollectHw_Init &rArr; ADC_Initialize &rArr; ADC_RegularChannelConfig
</UL>
<BR>[Calls]<UL><LI><a href="#[11b]">&gt;&gt;</a>&nbsp;&nbsp;&nbsp;ACC_IN_GPIO_EXTI_Initialize
<LI><a href="#[113]">&gt;&gt;</a>&nbsp;&nbsp;&nbsp;RTC_WAKE_UP_GPIO_EXTI_Initialize
<LI><a href="#[105]">&gt;&gt;</a>&nbsp;&nbsp;&nbsp;ADC_Initialize
</UL>
<BR>[Called By]<UL><LI><a href="#[e9]">&gt;&gt;</a>&nbsp;&nbsp;&nbsp;Collect_ServiceInit
</UL>

<P><STRONG><a name="[135]"></a>COLT_CheckBatteryStatus</STRONG> (Thumb, 116 bytes, Stack size 0 bytes, collect.o(.text))
<BR><BR>[Called By]<UL><LI><a href="#[134]">&gt;&gt;</a>&nbsp;&nbsp;&nbsp;COLT_Do1sTasks
</UL>

<P><STRONG><a name="[136]"></a>COLT_CheckMainPowerStatus</STRONG> (Thumb, 240 bytes, Stack size 0 bytes, collect.o(.text))
<BR><BR>[Called By]<UL><LI><a href="#[134]">&gt;&gt;</a>&nbsp;&nbsp;&nbsp;COLT_Do1sTasks
</UL>

<P><STRONG><a name="[137]"></a>COLT_ControlBatteryCharge</STRONG> (Thumb, 166 bytes, Stack size 0 bytes, collect.o(.text))
<BR><BR>[Called By]<UL><LI><a href="#[134]">&gt;&gt;</a>&nbsp;&nbsp;&nbsp;COLT_Do1sTasks
</UL>

<P><STRONG><a name="[11e]"></a>COLT_GetAccStatus</STRONG> (Thumb, 10 bytes, Stack size 0 bytes, collect.o(.text))
<BR><BR>[Called By]<UL><LI><a href="#[11d]">&gt;&gt;</a>&nbsp;&nbsp;&nbsp;COLT_CheckAccOffEvent
<LI><a href="#[262]">&gt;&gt;</a>&nbsp;&nbsp;&nbsp;Momi_ProduceSendMsg
<LI><a href="#[1b2]">&gt;&gt;</a>&nbsp;&nbsp;&nbsp;LVC_ProduceCanMsg_LTC
<LI><a href="#[17c]">&gt;&gt;</a>&nbsp;&nbsp;&nbsp;ZxStsEngine_StateMachine
<LI><a href="#[161]">&gt;&gt;</a>&nbsp;&nbsp;&nbsp;Can_CheckCommState
<LI><a href="#[294]">&gt;&gt;</a>&nbsp;&nbsp;&nbsp;tbox_working
<LI><a href="#[28a]">&gt;&gt;</a>&nbsp;&nbsp;&nbsp;Tbox_CheckPowerOffMachine
<LI><a href="#[64]">&gt;&gt;</a>&nbsp;&nbsp;&nbsp;iM2m_AnalyzeTlvMsg_A511
<LI><a href="#[63]">&gt;&gt;</a>&nbsp;&nbsp;&nbsp;iM2m_AnalyzeTlvMsg_A510
<LI><a href="#[26b]">&gt;&gt;</a>&nbsp;&nbsp;&nbsp;im2m_BuildDeviceStatus
</UL>

<P><STRONG><a name="[11d]"></a>COLT_CheckAccOffEvent</STRONG> (Thumb, 112 bytes, Stack size 8 bytes, collect.o(.text))
<BR><BR>[Stack]<UL><LI>Max Depth = 152<LI>Call Chain = COLT_CheckAccOffEvent &rArr; PcDebug_SendString &rArr; USART1_TransmitData &rArr; osSemaphoreAcquire &rArr; xQueueSemaphoreTake &rArr; vTaskPlaceOnEventList &rArr; prvAddCurrentTaskToDelayedList &rArr; vListInsert
</UL>
<BR>[Calls]<UL><LI><a href="#[11f]">&gt;&gt;</a>&nbsp;&nbsp;&nbsp;PcDebug_SendString
<LI><a href="#[11e]">&gt;&gt;</a>&nbsp;&nbsp;&nbsp;COLT_GetAccStatus
</UL>
<BR>[Called By]<UL><LI><a href="#[131]">&gt;&gt;</a>&nbsp;&nbsp;&nbsp;COLT_Do100msTasks
</UL>

<P><STRONG><a name="[133]"></a>COLT_CheckAccStatus</STRONG> (Thumb, 90 bytes, Stack size 0 bytes, collect.o(.text))
<BR><BR>[Called By]<UL><LI><a href="#[131]">&gt;&gt;</a>&nbsp;&nbsp;&nbsp;COLT_Do100msTasks
</UL>

<P><STRONG><a name="[3f4]"></a>COLT_GetMicroTemperature</STRONG> (Thumb, 44 bytes, Stack size 0 bytes, collect.o(.text), UNUSED)

<P><STRONG><a name="[123]"></a>COLT_GetGpsAntennaStatus</STRONG> (Thumb, 8 bytes, Stack size 0 bytes, collect.o(.text))
<BR><BR>[Called By]<UL><LI><a href="#[120]">&gt;&gt;</a>&nbsp;&nbsp;&nbsp;COLT_ManageLedStatus
<LI><a href="#[1ac]">&gt;&gt;</a>&nbsp;&nbsp;&nbsp;LVC_CheckPassiveState
</UL>

<P><STRONG><a name="[122]"></a>COLT_Get4gGpsStatus</STRONG> (Thumb, 8 bytes, Stack size 0 bytes, collect.o(.text))
<BR><BR>[Called By]<UL><LI><a href="#[12d]">&gt;&gt;</a>&nbsp;&nbsp;&nbsp;COLT_CorrectRtcStatus
<LI><a href="#[120]">&gt;&gt;</a>&nbsp;&nbsp;&nbsp;COLT_ManageLedStatus
</UL>

<P><STRONG><a name="[121]"></a>COLT_GetGpsPositioningStatus</STRONG> (Thumb, 8 bytes, Stack size 0 bytes, collect.o(.text))
<BR><BR>[Called By]<UL><LI><a href="#[120]">&gt;&gt;</a>&nbsp;&nbsp;&nbsp;COLT_ManageLedStatus
</UL>

<P><STRONG><a name="[120]"></a>COLT_ManageLedStatus</STRONG> (Thumb, 162 bytes, Stack size 8 bytes, collect.o(.text))
<BR><BR>[Stack]<UL><LI>Max Depth = 8<LI>Call Chain = COLT_ManageLedStatus
</UL>
<BR>[Calls]<UL><LI><a href="#[125]">&gt;&gt;</a>&nbsp;&nbsp;&nbsp;CAN2_GetRecvState
<LI><a href="#[124]">&gt;&gt;</a>&nbsp;&nbsp;&nbsp;CAN1_GetRecvState
<LI><a href="#[121]">&gt;&gt;</a>&nbsp;&nbsp;&nbsp;COLT_GetGpsPositioningStatus
<LI><a href="#[122]">&gt;&gt;</a>&nbsp;&nbsp;&nbsp;COLT_Get4gGpsStatus
<LI><a href="#[123]">&gt;&gt;</a>&nbsp;&nbsp;&nbsp;COLT_GetGpsAntennaStatus
</UL>
<BR>[Called By]<UL><LI><a href="#[134]">&gt;&gt;</a>&nbsp;&nbsp;&nbsp;COLT_Do1sTasks
</UL>

<P><STRONG><a name="[126]"></a>COLT_CheckGpsAntennaIsOk</STRONG> (Thumb, 388 bytes, Stack size 8 bytes, collect.o(.text))
<BR><BR>[Stack]<UL><LI>Max Depth = 152<LI>Call Chain = COLT_CheckGpsAntennaIsOk &rArr; PcDebug_SendString &rArr; USART1_TransmitData &rArr; osSemaphoreAcquire &rArr; xQueueSemaphoreTake &rArr; vTaskPlaceOnEventList &rArr; prvAddCurrentTaskToDelayedList &rArr; vListInsert
</UL>
<BR>[Calls]<UL><LI><a href="#[11f]">&gt;&gt;</a>&nbsp;&nbsp;&nbsp;PcDebug_SendString
</UL>
<BR>[Called By]<UL><LI><a href="#[134]">&gt;&gt;</a>&nbsp;&nbsp;&nbsp;COLT_Do1sTasks
</UL>

<P><STRONG><a name="[127]"></a>COLT_CumulateOfflineTimeInWork</STRONG> (Thumb, 90 bytes, Stack size 8 bytes, collect.o(.text))
<BR><BR>[Stack]<UL><LI>Max Depth = 208<LI>Call Chain = COLT_CumulateOfflineTimeInWork &rArr; Parm_SaveTboxOfflineTime &rArr; sfud_write &rArr; aai_write &rArr; page256_or_1_byte_write &rArr; set_write_enabled &rArr; sfud_read_status
</UL>
<BR>[Calls]<UL><LI><a href="#[128]">&gt;&gt;</a>&nbsp;&nbsp;&nbsp;Parm_SaveTboxOfflineTime
</UL>
<BR>[Called By]<UL><LI><a href="#[12b]">&gt;&gt;</a>&nbsp;&nbsp;&nbsp;CTL_Do1sTasks
</UL>

<P><STRONG><a name="[29d]"></a>COLT_CumulateOfflineTimeInSleep</STRONG> (Thumb, 24 bytes, Stack size 0 bytes, collect.o(.text))
<BR><BR>[Called By]<UL><LI><a href="#[295]">&gt;&gt;</a>&nbsp;&nbsp;&nbsp;tbox_sleep
</UL>

<P><STRONG><a name="[271]"></a>COLT_GetBoxOpenStatus</STRONG> (Thumb, 6 bytes, Stack size 0 bytes, collect.o(.text))
<BR><BR>[Called By]<UL><LI><a href="#[26b]">&gt;&gt;</a>&nbsp;&nbsp;&nbsp;im2m_BuildDeviceStatus
</UL>

<P><STRONG><a name="[24a]"></a>COLT_GetMainPowerVoltage</STRONG> (Thumb, 6 bytes, Stack size 0 bytes, collect.o(.text))
<BR><BR>[Called By]<UL><LI><a href="#[249]">&gt;&gt;</a>&nbsp;&nbsp;&nbsp;iMomi_BuildAdSwitch
</UL>

<P><STRONG><a name="[24b]"></a>COLT_GetBatVoltage</STRONG> (Thumb, 6 bytes, Stack size 0 bytes, collect.o(.text))
<BR><BR>[Called By]<UL><LI><a href="#[249]">&gt;&gt;</a>&nbsp;&nbsp;&nbsp;iMomi_BuildAdSwitch
</UL>

<P><STRONG><a name="[26f]"></a>COLT_GetBatLowStatus</STRONG> (Thumb, 10 bytes, Stack size 0 bytes, collect.o(.text))
<BR><BR>[Called By]<UL><LI><a href="#[26b]">&gt;&gt;</a>&nbsp;&nbsp;&nbsp;im2m_BuildDeviceStatus
</UL>

<P><STRONG><a name="[26e]"></a>COLT_GetBatChargeStatus</STRONG> (Thumb, 10 bytes, Stack size 0 bytes, collect.o(.text))
<BR><BR>[Called By]<UL><LI><a href="#[26b]">&gt;&gt;</a>&nbsp;&nbsp;&nbsp;im2m_BuildDeviceStatus
</UL>

<P><STRONG><a name="[26c]"></a>COLT_GetMainPowerStatus</STRONG> (Thumb, 10 bytes, Stack size 0 bytes, collect.o(.text))
<BR><BR>[Called By]<UL><LI><a href="#[295]">&gt;&gt;</a>&nbsp;&nbsp;&nbsp;tbox_sleep
<LI><a href="#[26b]">&gt;&gt;</a>&nbsp;&nbsp;&nbsp;im2m_BuildDeviceStatus
</UL>

<P><STRONG><a name="[26d]"></a>COLT_GetMainPowerLowStatus</STRONG> (Thumb, 10 bytes, Stack size 0 bytes, collect.o(.text))
<BR><BR>[Called By]<UL><LI><a href="#[295]">&gt;&gt;</a>&nbsp;&nbsp;&nbsp;tbox_sleep
<LI><a href="#[26b]">&gt;&gt;</a>&nbsp;&nbsp;&nbsp;im2m_BuildDeviceStatus
</UL>

<P><STRONG><a name="[1b3]"></a>COLT_GetMainPowerFullStatus</STRONG> (Thumb, 34 bytes, Stack size 0 bytes, collect.o(.text))
<BR><BR>[Called By]<UL><LI><a href="#[1b2]">&gt;&gt;</a>&nbsp;&nbsp;&nbsp;LVC_ProduceCanMsg_LTC
<LI><a href="#[64]">&gt;&gt;</a>&nbsp;&nbsp;&nbsp;iM2m_AnalyzeTlvMsg_A511
<LI><a href="#[63]">&gt;&gt;</a>&nbsp;&nbsp;&nbsp;iM2m_AnalyzeTlvMsg_A510
</UL>

<P><STRONG><a name="[3f5]"></a>COLT_GetGpsAntShortStatus</STRONG> (Thumb, 6 bytes, Stack size 0 bytes, collect.o(.text), UNUSED)

<P><STRONG><a name="[3f6]"></a>COLT_GetGpsAntOpenStatus</STRONG> (Thumb, 6 bytes, Stack size 0 bytes, collect.o(.text), UNUSED)

<P><STRONG><a name="[1ad]"></a>COLT_GetSimCardStatus</STRONG> (Thumb, 8 bytes, Stack size 0 bytes, collect.o(.text))
<BR><BR>[Called By]<UL><LI><a href="#[1ac]">&gt;&gt;</a>&nbsp;&nbsp;&nbsp;LVC_CheckPassiveState
</UL>

<P><STRONG><a name="[24c]"></a>COLT_GetSwitch1Status</STRONG> (Thumb, 6 bytes, Stack size 0 bytes, collect.o(.text))
<BR><BR>[Called By]<UL><LI><a href="#[249]">&gt;&gt;</a>&nbsp;&nbsp;&nbsp;iMomi_BuildAdSwitch
</UL>

<P><STRONG><a name="[24d]"></a>COLT_GetSwitch2Status</STRONG> (Thumb, 6 bytes, Stack size 0 bytes, collect.o(.text))
<BR><BR>[Called By]<UL><LI><a href="#[249]">&gt;&gt;</a>&nbsp;&nbsp;&nbsp;iMomi_BuildAdSwitch
</UL>

<P><STRONG><a name="[24e]"></a>COLT_GetSwitch3Status</STRONG> (Thumb, 6 bytes, Stack size 0 bytes, collect.o(.text))
<BR><BR>[Called By]<UL><LI><a href="#[249]">&gt;&gt;</a>&nbsp;&nbsp;&nbsp;iMomi_BuildAdSwitch
</UL>

<P><STRONG><a name="[270]"></a>COLT_GetVehicleTowingStatus</STRONG> (Thumb, 4 bytes, Stack size 0 bytes, collect.o(.text))
<BR><BR>[Called By]<UL><LI><a href="#[26b]">&gt;&gt;</a>&nbsp;&nbsp;&nbsp;im2m_BuildDeviceStatus
</UL>

<P><STRONG><a name="[129]"></a>COLT_ReadInternalWdtState</STRONG> (Thumb, 50 bytes, Stack size 8 bytes, collect.o(.text))
<BR><BR>[Stack]<UL><LI>Max Depth = 8<LI>Call Chain = COLT_ReadInternalWdtState
</UL>
<BR>[Calls]<UL><LI><a href="#[12a]">&gt;&gt;</a>&nbsp;&nbsp;&nbsp;FLASH_OB_GetUser (via Veneer)
</UL>
<BR>[Called By]<UL><LI><a href="#[e7]">&gt;&gt;</a>&nbsp;&nbsp;&nbsp;iCloud_ServiceInit
</UL>

<P><STRONG><a name="[273]"></a>COLT_GetTotalWorkTime</STRONG> (Thumb, 6 bytes, Stack size 0 bytes, collect.o(.text))
<BR><BR>[Called By]<UL><LI><a href="#[5c]">&gt;&gt;</a>&nbsp;&nbsp;&nbsp;im2m_BuildTlvMsg_3016
</UL>

<P><STRONG><a name="[274]"></a>COLT_SetTotalWorkTime</STRONG> (Thumb, 6 bytes, Stack size 0 bytes, collect.o(.text))
<BR><BR>[Called By]<UL><LI><a href="#[5d]">&gt;&gt;</a>&nbsp;&nbsp;&nbsp;im2m_AnalyzeTlvMsg_3016
</UL>

<P><STRONG><a name="[3f7]"></a>COLT_InitTotalWorkTime</STRONG> (Thumb, 2 bytes, Stack size 0 bytes, collect.o(.text), UNUSED)

<P><STRONG><a name="[3f8]"></a>COLT_CumulateTotalWorkTime</STRONG> (Thumb, 2 bytes, Stack size 0 bytes, collect.o(.text), UNUSED)

<P><STRONG><a name="[279]"></a>CTL_SetRestartDelayTime</STRONG> (Thumb, 6 bytes, Stack size 0 bytes, collect.o(.text))
<BR><BR>[Called By]<UL><LI><a href="#[5f]">&gt;&gt;</a>&nbsp;&nbsp;&nbsp;im2m_AnalyzeTlvMsg_4001
<LI><a href="#[5e]">&gt;&gt;</a>&nbsp;&nbsp;&nbsp;im2m_AnalyzeTlvMsg_4000
</UL>

<P><STRONG><a name="[27a]"></a>CTL_SetPwroffDelayTime</STRONG> (Thumb, 6 bytes, Stack size 0 bytes, collect.o(.text))
<BR><BR>[Called By]<UL><LI><a href="#[61]">&gt;&gt;</a>&nbsp;&nbsp;&nbsp;im2m_AnalyzeTlvMsg_4008
</UL>

<P><STRONG><a name="[12b]"></a>CTL_Do1sTasks</STRONG> (Thumb, 160 bytes, Stack size 8 bytes, collect.o(.text))
<BR><BR>[Stack]<UL><LI>Max Depth = 216<LI>Call Chain = CTL_Do1sTasks &rArr; COLT_CumulateOfflineTimeInWork &rArr; Parm_SaveTboxOfflineTime &rArr; sfud_write &rArr; aai_write &rArr; page256_or_1_byte_write &rArr; set_write_enabled &rArr; sfud_read_status
</UL>
<BR>[Calls]<UL><LI><a href="#[12c]">&gt;&gt;</a>&nbsp;&nbsp;&nbsp;am18x5_PswControl
<LI><a href="#[11f]">&gt;&gt;</a>&nbsp;&nbsp;&nbsp;PcDebug_SendString
<LI><a href="#[127]">&gt;&gt;</a>&nbsp;&nbsp;&nbsp;COLT_CumulateOfflineTimeInWork
<LI><a href="#[e1]">&gt;&gt;</a>&nbsp;&nbsp;&nbsp;osDelay
</UL>
<BR>[Called By]<UL><LI><a href="#[139]">&gt;&gt;</a>&nbsp;&nbsp;&nbsp;Do1sTasks
</UL>

<P><STRONG><a name="[12e]"></a>COLT_GetRtcStatus</STRONG> (Thumb, 8 bytes, Stack size 0 bytes, collect.o(.text))
<BR><BR>[Called By]<UL><LI><a href="#[12d]">&gt;&gt;</a>&nbsp;&nbsp;&nbsp;COLT_CorrectRtcStatus
</UL>

<P><STRONG><a name="[12f]"></a>COLT_SetRtcStatus</STRONG> (Thumb, 8 bytes, Stack size 0 bytes, collect.o(.text))
<BR><BR>[Called By]<UL><LI><a href="#[138]">&gt;&gt;</a>&nbsp;&nbsp;&nbsp;Do1hourTasks
<LI><a href="#[12d]">&gt;&gt;</a>&nbsp;&nbsp;&nbsp;COLT_CorrectRtcStatus
<LI><a href="#[e9]">&gt;&gt;</a>&nbsp;&nbsp;&nbsp;Collect_ServiceInit
</UL>

<P><STRONG><a name="[12d]"></a>COLT_CorrectRtcStatus</STRONG> (Thumb, 34 bytes, Stack size 8 bytes, collect.o(.text))
<BR><BR>[Stack]<UL><LI>Max Depth = 208<LI>Call Chain = COLT_CorrectRtcStatus &rArr; RTC_CorrectTime &rArr; am18x5_SetDateTime &rArr; am18x5_SetTime &rArr; am1805_burst_write &rArr; mcu_i2c_write &rArr; osSemaphoreRelease &rArr; xQueueGenericSend &rArr; vTaskPlaceOnEventList &rArr; prvAddCurrentTaskToDelayedList &rArr; vListInsert
</UL>
<BR>[Calls]<UL><LI><a href="#[130]">&gt;&gt;</a>&nbsp;&nbsp;&nbsp;RTC_CorrectTime
<LI><a href="#[11f]">&gt;&gt;</a>&nbsp;&nbsp;&nbsp;PcDebug_SendString
<LI><a href="#[12f]">&gt;&gt;</a>&nbsp;&nbsp;&nbsp;COLT_SetRtcStatus
<LI><a href="#[12e]">&gt;&gt;</a>&nbsp;&nbsp;&nbsp;COLT_GetRtcStatus
<LI><a href="#[122]">&gt;&gt;</a>&nbsp;&nbsp;&nbsp;COLT_Get4gGpsStatus
</UL>
<BR>[Called By]<UL><LI><a href="#[134]">&gt;&gt;</a>&nbsp;&nbsp;&nbsp;COLT_Do1sTasks
</UL>

<P><STRONG><a name="[131]"></a>COLT_Do100msTasks</STRONG> (Thumb, 16 bytes, Stack size 8 bytes, collect.o(.text))
<BR><BR>[Stack]<UL><LI>Max Depth = 160<LI>Call Chain = COLT_Do100msTasks &rArr; COLT_CheckAccOffEvent &rArr; PcDebug_SendString &rArr; USART1_TransmitData &rArr; osSemaphoreAcquire &rArr; xQueueSemaphoreTake &rArr; vTaskPlaceOnEventList &rArr; prvAddCurrentTaskToDelayedList &rArr; vListInsert
</UL>
<BR>[Calls]<UL><LI><a href="#[133]">&gt;&gt;</a>&nbsp;&nbsp;&nbsp;COLT_CheckAccStatus
<LI><a href="#[11d]">&gt;&gt;</a>&nbsp;&nbsp;&nbsp;COLT_CheckAccOffEvent
<LI><a href="#[132]">&gt;&gt;</a>&nbsp;&nbsp;&nbsp;adc_push_dma_sample
</UL>
<BR>[Called By]<UL><LI><a href="#[13c]">&gt;&gt;</a>&nbsp;&nbsp;&nbsp;Do100msTasks
</UL>

<P><STRONG><a name="[134]"></a>COLT_Do1sTasks</STRONG> (Thumb, 28 bytes, Stack size 8 bytes, collect.o(.text))
<BR><BR>[Stack]<UL><LI>Max Depth = 216<LI>Call Chain = COLT_Do1sTasks &rArr; COLT_CorrectRtcStatus &rArr; RTC_CorrectTime &rArr; am18x5_SetDateTime &rArr; am18x5_SetTime &rArr; am1805_burst_write &rArr; mcu_i2c_write &rArr; osSemaphoreRelease &rArr; xQueueGenericSend &rArr; vTaskPlaceOnEventList &rArr; prvAddCurrentTaskToDelayedList &rArr; vListInsert
</UL>
<BR>[Calls]<UL><LI><a href="#[12d]">&gt;&gt;</a>&nbsp;&nbsp;&nbsp;COLT_CorrectRtcStatus
<LI><a href="#[126]">&gt;&gt;</a>&nbsp;&nbsp;&nbsp;COLT_CheckGpsAntennaIsOk
<LI><a href="#[120]">&gt;&gt;</a>&nbsp;&nbsp;&nbsp;COLT_ManageLedStatus
<LI><a href="#[137]">&gt;&gt;</a>&nbsp;&nbsp;&nbsp;COLT_ControlBatteryCharge
<LI><a href="#[136]">&gt;&gt;</a>&nbsp;&nbsp;&nbsp;COLT_CheckMainPowerStatus
<LI><a href="#[135]">&gt;&gt;</a>&nbsp;&nbsp;&nbsp;COLT_CheckBatteryStatus
</UL>
<BR>[Called By]<UL><LI><a href="#[139]">&gt;&gt;</a>&nbsp;&nbsp;&nbsp;Do1sTasks
</UL>

<P><STRONG><a name="[147]"></a>TIM_InitializeAllTimer</STRONG> (Thumb, 34 bytes, Stack size 0 bytes, collect.o(.text))
<BR><BR>[Called By]<UL><LI><a href="#[e9]">&gt;&gt;</a>&nbsp;&nbsp;&nbsp;Collect_ServiceInit
</UL>

<P><STRONG><a name="[146]"></a>do_10ms</STRONG> (Thumb, 408 bytes, Stack size 0 bytes, collect.o(.text))
<BR><BR>[Called By]<UL><LI><a href="#[145]">&gt;&gt;</a>&nbsp;&nbsp;&nbsp;AppThread_Collect
</UL>

<P><STRONG><a name="[138]"></a>Do1hourTasks</STRONG> (Thumb, 10 bytes, Stack size 4 bytes, collect.o(.text))
<BR><BR>[Stack]<UL><LI>Max Depth = 4<LI>Call Chain = Do1hourTasks
</UL>
<BR>[Calls]<UL><LI><a href="#[12f]">&gt;&gt;</a>&nbsp;&nbsp;&nbsp;COLT_SetRtcStatus
</UL>
<BR>[Called By]<UL><LI><a href="#[142]">&gt;&gt;</a>&nbsp;&nbsp;&nbsp;check_timer_tasks
</UL>

<P><STRONG><a name="[144]"></a>Do1minuteTasks</STRONG> (Thumb, 2 bytes, Stack size 0 bytes, collect.o(.text))
<BR><BR>[Called By]<UL><LI><a href="#[142]">&gt;&gt;</a>&nbsp;&nbsp;&nbsp;check_timer_tasks
</UL>

<P><STRONG><a name="[143]"></a>Do5sTasks</STRONG> (Thumb, 2 bytes, Stack size 0 bytes, collect.o(.text))
<BR><BR>[Called By]<UL><LI><a href="#[142]">&gt;&gt;</a>&nbsp;&nbsp;&nbsp;check_timer_tasks
</UL>

<P><STRONG><a name="[139]"></a>Do1sTasks</STRONG> (Thumb, 20 bytes, Stack size 8 bytes, collect.o(.text))
<BR><BR>[Stack]<UL><LI>Max Depth = 240<LI>Call Chain = Do1sTasks &rArr; rtcSoft_Update &rArr; RTC_GetBjTime &rArr; am18x5_GetDateTime &rArr; am18x5_GetTime &rArr; am1805_burst_read &rArr; mcu_i2c_read &rArr; osSemaphoreRelease &rArr; xQueueGenericSend &rArr; vTaskPlaceOnEventList &rArr; prvAddCurrentTaskToDelayedList &rArr; vListInsert
</UL>
<BR>[Calls]<UL><LI><a href="#[13b]">&gt;&gt;</a>&nbsp;&nbsp;&nbsp;rtcSoft_Update
<LI><a href="#[13a]">&gt;&gt;</a>&nbsp;&nbsp;&nbsp;Can_Do1sTasks
<LI><a href="#[134]">&gt;&gt;</a>&nbsp;&nbsp;&nbsp;COLT_Do1sTasks
<LI><a href="#[12b]">&gt;&gt;</a>&nbsp;&nbsp;&nbsp;CTL_Do1sTasks
</UL>
<BR>[Called By]<UL><LI><a href="#[142]">&gt;&gt;</a>&nbsp;&nbsp;&nbsp;check_timer_tasks
</UL>

<P><STRONG><a name="[13c]"></a>Do100msTasks</STRONG> (Thumb, 24 bytes, Stack size 8 bytes, collect.o(.text))
<BR><BR>[Stack]<UL><LI>Max Depth = 168<LI>Call Chain = Do100msTasks &rArr; COLT_Do100msTasks &rArr; COLT_CheckAccOffEvent &rArr; PcDebug_SendString &rArr; USART1_TransmitData &rArr; osSemaphoreAcquire &rArr; xQueueSemaphoreTake &rArr; vTaskPlaceOnEventList &rArr; prvAddCurrentTaskToDelayedList &rArr; vListInsert
</UL>
<BR>[Calls]<UL><LI><a href="#[13d]">&gt;&gt;</a>&nbsp;&nbsp;&nbsp;Can_Do100msTasks
<LI><a href="#[131]">&gt;&gt;</a>&nbsp;&nbsp;&nbsp;COLT_Do100msTasks
</UL>
<BR>[Called By]<UL><LI><a href="#[142]">&gt;&gt;</a>&nbsp;&nbsp;&nbsp;check_timer_tasks
</UL>

<P><STRONG><a name="[13e]"></a>Do10msTasks</STRONG> (Thumb, 16 bytes, Stack size 8 bytes, collect.o(.text))
<BR><BR>[Stack]<UL><LI>Max Depth = 20<LI>Call Chain = Do10msTasks &rArr; led_state_machine
</UL>
<BR>[Calls]<UL><LI><a href="#[140]">&gt;&gt;</a>&nbsp;&nbsp;&nbsp;rtcSoft_Run
<LI><a href="#[13f]">&gt;&gt;</a>&nbsp;&nbsp;&nbsp;led_state_machine
<LI><a href="#[141]">&gt;&gt;</a>&nbsp;&nbsp;&nbsp;Can_Do10msTasks
</UL>
<BR>[Called By]<UL><LI><a href="#[142]">&gt;&gt;</a>&nbsp;&nbsp;&nbsp;check_timer_tasks
</UL>

<P><STRONG><a name="[142]"></a>check_timer_tasks</STRONG> (Thumb, 160 bytes, Stack size 8 bytes, collect.o(.text))
<BR><BR>[Stack]<UL><LI>Max Depth = 248<LI>Call Chain = check_timer_tasks &rArr; Do1sTasks &rArr; rtcSoft_Update &rArr; RTC_GetBjTime &rArr; am18x5_GetDateTime &rArr; am18x5_GetTime &rArr; am1805_burst_read &rArr; mcu_i2c_read &rArr; osSemaphoreRelease &rArr; xQueueGenericSend &rArr; vTaskPlaceOnEventList &rArr; prvAddCurrentTaskToDelayedList &rArr; vListInsert
</UL>
<BR>[Calls]<UL><LI><a href="#[13e]">&gt;&gt;</a>&nbsp;&nbsp;&nbsp;Do10msTasks
<LI><a href="#[13c]">&gt;&gt;</a>&nbsp;&nbsp;&nbsp;Do100msTasks
<LI><a href="#[139]">&gt;&gt;</a>&nbsp;&nbsp;&nbsp;Do1sTasks
<LI><a href="#[143]">&gt;&gt;</a>&nbsp;&nbsp;&nbsp;Do5sTasks
<LI><a href="#[144]">&gt;&gt;</a>&nbsp;&nbsp;&nbsp;Do1minuteTasks
<LI><a href="#[138]">&gt;&gt;</a>&nbsp;&nbsp;&nbsp;Do1hourTasks
</UL>
<BR>[Called By]<UL><LI><a href="#[145]">&gt;&gt;</a>&nbsp;&nbsp;&nbsp;AppThread_Collect
</UL>

<P><STRONG><a name="[145]"></a>AppThread_Collect</STRONG> (Thumb, 18 bytes, Stack size 0 bytes, collect.o(.text))
<BR><BR>[Stack]<UL><LI>Max Depth = 248<LI>Call Chain = AppThread_Collect &rArr; check_timer_tasks &rArr; Do1sTasks &rArr; rtcSoft_Update &rArr; RTC_GetBjTime &rArr; am18x5_GetDateTime &rArr; am18x5_GetTime &rArr; am1805_burst_read &rArr; mcu_i2c_read &rArr; osSemaphoreRelease &rArr; xQueueGenericSend &rArr; vTaskPlaceOnEventList &rArr; prvAddCurrentTaskToDelayedList &rArr; vListInsert
</UL>
<BR>[Calls]<UL><LI><a href="#[142]">&gt;&gt;</a>&nbsp;&nbsp;&nbsp;check_timer_tasks
<LI><a href="#[146]">&gt;&gt;</a>&nbsp;&nbsp;&nbsp;do_10ms
<LI><a href="#[e1]">&gt;&gt;</a>&nbsp;&nbsp;&nbsp;osDelay
</UL>
<BR>[Address Reference Count : 1]<UL><LI> collect.o(.text)
</UL>
<P><STRONG><a name="[e9]"></a>Collect_ServiceInit</STRONG> (Thumb, 40 bytes, Stack size 8 bytes, collect.o(.text))
<BR><BR>[Stack]<UL><LI>Max Depth = 232<LI>Call Chain = Collect_ServiceInit &rArr; Parm_ReadTboxOfflineTime &rArr; sfud_write &rArr; aai_write &rArr; page256_or_1_byte_write &rArr; set_write_enabled &rArr; sfud_read_status
</UL>
<BR>[Calls]<UL><LI><a href="#[148]">&gt;&gt;</a>&nbsp;&nbsp;&nbsp;Parm_ReadTboxOfflineTime
<LI><a href="#[147]">&gt;&gt;</a>&nbsp;&nbsp;&nbsp;TIM_InitializeAllTimer
<LI><a href="#[12f]">&gt;&gt;</a>&nbsp;&nbsp;&nbsp;COLT_SetRtcStatus
<LI><a href="#[11c]">&gt;&gt;</a>&nbsp;&nbsp;&nbsp;CollectHw_Init
</UL>
<BR>[Called By]<UL><LI><a href="#[e0]">&gt;&gt;</a>&nbsp;&nbsp;&nbsp;AppThread_Start
</UL>

<P><STRONG><a name="[ee]"></a>Collect_ServiceStart</STRONG> (Thumb, 20 bytes, Stack size 8 bytes, collect.o(.text))
<BR><BR>[Stack]<UL><LI>Max Depth = 192<LI>Call Chain = Collect_ServiceStart &rArr; osThreadNew &rArr; xTaskCreate &rArr; pvPortMalloc &rArr; xTaskResumeAll &rArr; xTaskIncrementTick
</UL>
<BR>[Calls]<UL><LI><a href="#[102]">&gt;&gt;</a>&nbsp;&nbsp;&nbsp;osThreadNew
</UL>
[...]
<LI><a href="#[308]">&gt;&gt;</a>&nbsp;&nbsp;&nbsp;osThreadYield
<LI><a href="#[306]">&gt;&gt;</a>&nbsp;&nbsp;&nbsp;osThreadGetPriority
<LI><a href="#[304]">&gt;&gt;</a>&nbsp;&nbsp;&nbsp;osThreadSetPriority
<LI><a href="#[302]">&gt;&gt;</a>&nbsp;&nbsp;&nbsp;osThreadGetStackSpace
<LI><a href="#[300]">&gt;&gt;</a>&nbsp;&nbsp;&nbsp;osThreadGetState
<LI><a href="#[2fc]">&gt;&gt;</a>&nbsp;&nbsp;&nbsp;osThreadGetName
<LI><a href="#[2f6]">&gt;&gt;</a>&nbsp;&nbsp;&nbsp;osKernelGetSysTimerCount
<LI><a href="#[2f3]">&gt;&gt;</a>&nbsp;&nbsp;&nbsp;osKernelGetTickCount
<LI><a href="#[2f2]">&gt;&gt;</a>&nbsp;&nbsp;&nbsp;osKernelRestoreLock
</UL>

<P><STRONG><a name="[35e]"></a>prvTestWaitCondition</STRONG> (Thumb, 30 bytes, Stack size 8 bytes, event_groups.o(.text), UNUSED)
<BR><BR>[Called By]<UL><LI><a href="#[338]">&gt;&gt;</a>&nbsp;&nbsp;&nbsp;xEventGroupWaitBits
</UL>

<P><STRONG><a name="[363]"></a>prvInsertBlockIntoFreeList</STRONG> (Thumb, 96 bytes, Stack size 8 bytes, heap_4.o(.text))
<BR><BR>[Stack]<UL><LI>Max Depth = 8<LI>Call Chain = prvInsertBlockIntoFreeList
</UL>
<BR>[Called By]<UL><LI><a href="#[315]">&gt;&gt;</a>&nbsp;&nbsp;&nbsp;vPortFree
<LI><a href="#[313]">&gt;&gt;</a>&nbsp;&nbsp;&nbsp;pvPortMalloc
</UL>

<P><STRONG><a name="[362]"></a>prvHeapInit</STRONG> (Thumb, 98 bytes, Stack size 12 bytes, heap_4.o(.text))
<BR><BR>[Stack]<UL><LI>Max Depth = 12<LI>Call Chain = prvHeapInit
</UL>
<BR>[Called By]<UL><LI><a href="#[313]">&gt;&gt;</a>&nbsp;&nbsp;&nbsp;pvPortMalloc
</UL>

<P><STRONG><a name="[d5]"></a>prvTaskExitError</STRONG> (Thumb, 22 bytes, Stack size 0 bytes, port.o(.text))
<BR>[Address Reference Count : 1]<UL><LI> port.o(.text)
</UL>
<P><STRONG><a name="[369]"></a>prvInitialiseNewQueue</STRONG> (Thumb, 42 bytes, Stack size 24 bytes, queue.o(.text))
<BR><BR>[Stack]<UL><LI>Max Depth = 56<LI>Call Chain = prvInitialiseNewQueue &rArr; xQueueGenericReset &rArr; xTaskRemoveFromEventList
</UL>
<BR>[Calls]<UL><LI><a href="#[355]">&gt;&gt;</a>&nbsp;&nbsp;&nbsp;xQueueGenericReset
</UL>
<BR>[Called By]<UL><LI><a href="#[345]">&gt;&gt;</a>&nbsp;&nbsp;&nbsp;xQueueGenericCreateStatic
<LI><a href="#[346]">&gt;&gt;</a>&nbsp;&nbsp;&nbsp;xQueueGenericCreate
</UL>

<P><STRONG><a name="[36a]"></a>prvUnlockQueue</STRONG> (Thumb, 126 bytes, Stack size 16 bytes, queue.o(.text))
<BR><BR>[Stack]<UL><LI>Max Depth = 32<LI>Call Chain = prvUnlockQueue &rArr; xTaskRemoveFromEventList
</UL>
<BR>[Calls]<UL><LI><a href="#[35d]">&gt;&gt;</a>&nbsp;&nbsp;&nbsp;vPortExitCritical
<LI><a href="#[35c]">&gt;&gt;</a>&nbsp;&nbsp;&nbsp;vPortEnterCritical
<LI><a href="#[368]">&gt;&gt;</a>&nbsp;&nbsp;&nbsp;xTaskRemoveFromEventList
<LI><a href="#[36b]">&gt;&gt;</a>&nbsp;&nbsp;&nbsp;vTaskMissedYield
</UL>
<BR>[Called By]<UL><LI><a href="#[33e]">&gt;&gt;</a>&nbsp;&nbsp;&nbsp;xQueueSemaphoreTake
<LI><a href="#[350]">&gt;&gt;</a>&nbsp;&nbsp;&nbsp;xQueueReceive
<LI><a href="#[340]">&gt;&gt;</a>&nbsp;&nbsp;&nbsp;xQueueGenericSend
<LI><a href="#[37b]">&gt;&gt;</a>&nbsp;&nbsp;&nbsp;vQueueWaitForMessageRestricted
<LI><a href="#[379]">&gt;&gt;</a>&nbsp;&nbsp;&nbsp;xQueuePeek
</UL>

<P><STRONG><a name="[36c]"></a>prvIsQueueFull</STRONG> (Thumb, 30 bytes, Stack size 16 bytes, queue.o(.text))
<BR><BR>[Stack]<UL><LI>Max Depth = 16<LI>Call Chain = prvIsQueueFull
</UL>
<BR>[Calls]<UL><LI><a href="#[35d]">&gt;&gt;</a>&nbsp;&nbsp;&nbsp;vPortExitCritical
<LI><a href="#[35c]">&gt;&gt;</a>&nbsp;&nbsp;&nbsp;vPortEnterCritical
</UL>
<BR>[Called By]<UL><LI><a href="#[340]">&gt;&gt;</a>&nbsp;&nbsp;&nbsp;xQueueGenericSend
</UL>

<P><STRONG><a name="[36d]"></a>prvCopyDataToQueue</STRONG> (Thumb, 126 bytes, Stack size 24 bytes, queue.o(.text))
<BR><BR>[Stack]<UL><LI>Max Depth = 40<LI>Call Chain = prvCopyDataToQueue &rArr; xTaskPriorityDisinherit
</UL>
<BR>[Calls]<UL><LI><a href="#[1bc]">&gt;&gt;</a>&nbsp;&nbsp;&nbsp;__aeabi_memcpy
<LI><a href="#[36e]">&gt;&gt;</a>&nbsp;&nbsp;&nbsp;xTaskPriorityDisinherit
</UL>
<BR>[Called By]<UL><LI><a href="#[34f]">&gt;&gt;</a>&nbsp;&nbsp;&nbsp;xQueueGenericSendFromISR
<LI><a href="#[340]">&gt;&gt;</a>&nbsp;&nbsp;&nbsp;xQueueGenericSend
</UL>

<P><STRONG><a name="[372]"></a>prvInitialiseMutex</STRONG> (Thumb, 30 bytes, Stack size 8 bytes, queue.o(.text), UNUSED)
<BR><BR>[Calls]<UL><LI><a href="#[340]">&gt;&gt;</a>&nbsp;&nbsp;&nbsp;xQueueGenericSend
</UL>
<BR>[Called By]<UL><LI><a href="#[33b]">&gt;&gt;</a>&nbsp;&nbsp;&nbsp;xQueueCreateMutexStatic
<LI><a href="#[33c]">&gt;&gt;</a>&nbsp;&nbsp;&nbsp;xQueueCreateMutex
</UL>

<P><STRONG><a name="[376]"></a>prvGetDisinheritPriorityAfterTimeout</STRONG> (Thumb, 20 bytes, Stack size 0 bytes, queue.o(.text))
<BR><BR>[Called By]<UL><LI><a href="#[33e]">&gt;&gt;</a>&nbsp;&nbsp;&nbsp;xQueueSemaphoreTake
</UL>

<P><STRONG><a name="[373]"></a>prvIsQueueEmpty</STRONG> (Thumb, 32 bytes, Stack size 16 bytes, queue.o(.text))
<BR><BR>[Stack]<UL><LI>Max Depth = 16<LI>Call Chain = prvIsQueueEmpty
</UL>
<BR>[Calls]<UL><LI><a href="#[35d]">&gt;&gt;</a>&nbsp;&nbsp;&nbsp;vPortExitCritical
<LI><a href="#[35c]">&gt;&gt;</a>&nbsp;&nbsp;&nbsp;vPortEnterCritical
</UL>
<BR>[Called By]<UL><LI><a href="#[33e]">&gt;&gt;</a>&nbsp;&nbsp;&nbsp;xQueueSemaphoreTake
<LI><a href="#[350]">&gt;&gt;</a>&nbsp;&nbsp;&nbsp;xQueueReceive
<LI><a href="#[379]">&gt;&gt;</a>&nbsp;&nbsp;&nbsp;xQueuePeek
</UL>

<P><STRONG><a name="[378]"></a>prvCopyDataFromQueue</STRONG> (Thumb, 42 bytes, Stack size 16 bytes, queue.o(.text))
<BR><BR>[Stack]<UL><LI>Max Depth = 24<LI>Call Chain = prvCopyDataFromQueue &rArr; __aeabi_memcpy
</UL>
<BR>[Calls]<UL><LI><a href="#[1bc]">&gt;&gt;</a>&nbsp;&nbsp;&nbsp;__aeabi_memcpy
</UL>
<BR>[Called By]<UL><LI><a href="#[349]">&gt;&gt;</a>&nbsp;&nbsp;&nbsp;xQueueReceiveFromISR
<LI><a href="#[350]">&gt;&gt;</a>&nbsp;&nbsp;&nbsp;xQueueReceive
<LI><a href="#[37a]">&gt;&gt;</a>&nbsp;&nbsp;&nbsp;xQueuePeekFromISR
<LI><a href="#[379]">&gt;&gt;</a>&nbsp;&nbsp;&nbsp;xQueuePeek
</UL>

<P><STRONG><a name="[37d]"></a>prvInitialiseTaskLists</STRONG> (Thumb, 70 bytes, Stack size 8 bytes, tasks.o(.text))
<BR><BR>[Stack]<UL><LI>Max Depth = 8<LI>Call Chain = prvInitialiseTaskLists
</UL>
<BR>[Calls]<UL><LI><a href="#[357]">&gt;&gt;</a>&nbsp;&nbsp;&nbsp;vListInitialise
</UL>
<BR>[Called By]<UL><LI><a href="#[37e]">&gt;&gt;</a>&nbsp;&nbsp;&nbsp;prvAddNewTaskToReadyList
</UL>

<P><STRONG><a name="[37e]"></a>prvAddNewTaskToReadyList</STRONG> (Thumb, 154 bytes, Stack size 8 bytes, tasks.o(.text))
<BR><BR>[Stack]<UL><LI>Max Depth = 16<LI>Call Chain = prvAddNewTaskToReadyList &rArr; prvInitialiseTaskLists
</UL>
<BR>[Calls]<UL><LI><a href="#[37f]">&gt;&gt;</a>&nbsp;&nbsp;&nbsp;vListInsertEnd
<LI><a href="#[35d]">&gt;&gt;</a>&nbsp;&nbsp;&nbsp;vPortExitCritical
<LI><a href="#[35c]">&gt;&gt;</a>&nbsp;&nbsp;&nbsp;vPortEnterCritical
<LI><a href="#[37d]">&gt;&gt;</a>&nbsp;&nbsp;&nbsp;prvInitialiseTaskLists
</UL>
<BR>[Called By]<UL><LI><a href="#[2fa]">&gt;&gt;</a>&nbsp;&nbsp;&nbsp;xTaskCreateStatic
<LI><a href="#[2fb]">&gt;&gt;</a>&nbsp;&nbsp;&nbsp;xTaskCreate
</UL>

<P><STRONG><a name="[380]"></a>prvInitialiseNewTask</STRONG> (Thumb, 154 bytes, Stack size 40 bytes, tasks.o(.text))
<BR><BR>[Stack]<UL><LI>Max Depth = 40<LI>Call Chain = prvInitialiseNewTask
</UL>
<BR>[Calls]<UL><LI><a href="#[382]">&gt;&gt;</a>&nbsp;&nbsp;&nbsp;pxPortInitialiseStack
<LI><a href="#[381]">&gt;&gt;</a>&nbsp;&nbsp;&nbsp;vListInitialiseItem
<LI><a href="#[164]">&gt;&gt;</a>&nbsp;&nbsp;&nbsp;__aeabi_memset
</UL>
<BR>[Called By]<UL><LI><a href="#[2fa]">&gt;&gt;</a>&nbsp;&nbsp;&nbsp;xTaskCreateStatic
<LI><a href="#[2fb]">&gt;&gt;</a>&nbsp;&nbsp;&nbsp;xTaskCreate
</UL>

<P><STRONG><a name="[385]"></a>prvResetNextTaskUnblockTime</STRONG> (Thumb, 42 bytes, Stack size 0 bytes, tasks.o(.text))
<BR><BR>[Called By]<UL><LI><a href="#[367]">&gt;&gt;</a>&nbsp;&nbsp;&nbsp;xTaskIncrementTick
<LI><a href="#[2f1]">&gt;&gt;</a>&nbsp;&nbsp;&nbsp;xTaskResumeAll
<LI><a href="#[30a]">&gt;&gt;</a>&nbsp;&nbsp;&nbsp;vTaskSuspend
<LI><a href="#[30e]">&gt;&gt;</a>&nbsp;&nbsp;&nbsp;vTaskDelete
</UL>

<P><STRONG><a name="[383]"></a>prvDeleteTCB</STRONG> (Thumb, 40 bytes, Stack size 8 bytes, tasks.o(.text))
<BR><BR>[Stack]<UL><LI>Max Depth = 64<LI>Call Chain = prvDeleteTCB &rArr; vPortFree &rArr; xTaskResumeAll &rArr; xTaskIncrementTick
</UL>
<BR>[Calls]<UL><LI><a href="#[315]">&gt;&gt;</a>&nbsp;&nbsp;&nbsp;vPortFree
</UL>
<BR>[Called By]<UL><LI><a href="#[30e]">&gt;&gt;</a>&nbsp;&nbsp;&nbsp;vTaskDelete
<LI><a href="#[38c]">&gt;&gt;</a>&nbsp;&nbsp;&nbsp;prvCheckTasksWaitingTermination
</UL>

<P><STRONG><a name="[387]"></a>prvAddCurrentTaskToDelayedList</STRONG> (Thumb, 100 bytes, Stack size 24 bytes, tasks.o(.text))
<BR><BR>[Stack]<UL><LI>Max Depth = 32<LI>Call Chain = prvAddCurrentTaskToDelayedList &rArr; vListInsert
</UL>
<BR>[Calls]<UL><LI><a href="#[384]">&gt;&gt;</a>&nbsp;&nbsp;&nbsp;uxListRemove
<LI><a href="#[388]">&gt;&gt;</a>&nbsp;&nbsp;&nbsp;vListInsert
<LI><a href="#[37f]">&gt;&gt;</a>&nbsp;&nbsp;&nbsp;vListInsertEnd
</UL>
<BR>[Called By]<UL><LI><a href="#[35a]">&gt;&gt;</a>&nbsp;&nbsp;&nbsp;vTaskPlaceOnUnorderedEventList
<LI><a href="#[31c]">&gt;&gt;</a>&nbsp;&nbsp;&nbsp;xTaskNotifyWait
<LI><a href="#[31f]">&gt;&gt;</a>&nbsp;&nbsp;&nbsp;vTaskDelayUntil
<LI><a href="#[31d]">&gt;&gt;</a>&nbsp;&nbsp;&nbsp;vTaskDelay
<LI><a href="#[395]">&gt;&gt;</a>&nbsp;&nbsp;&nbsp;ulTaskNotifyTake
<LI><a href="#[37c]">&gt;&gt;</a>&nbsp;&nbsp;&nbsp;vTaskPlaceOnEventListRestricted
<LI><a href="#[371]">&gt;&gt;</a>&nbsp;&nbsp;&nbsp;vTaskPlaceOnEventList
</UL>

<P><STRONG><a name="[38a]"></a>prvTaskIsTaskSuspended</STRONG> (Thumb, 56 bytes, Stack size 8 bytes, tasks.o(.text), UNUSED)
<BR><BR>[Called By]<UL><LI><a href="#[30c]">&gt;&gt;</a>&nbsp;&nbsp;&nbsp;vTaskResume
<LI><a href="#[38b]">&gt;&gt;</a>&nbsp;&nbsp;&nbsp;xTaskResumeFromISR
</UL>

<P><STRONG><a name="[38c]"></a>prvCheckTasksWaitingTermination</STRONG> (Thumb, 60 bytes, Stack size 8 bytes, tasks.o(.text))
<BR><BR>[Stack]<UL><LI>Max Depth = 72<LI>Call Chain = prvCheckTasksWaitingTermination &rArr; prvDeleteTCB &rArr; vPortFree &rArr; xTaskResumeAll &rArr; xTaskIncrementTick
</UL>
<BR>[Calls]<UL><LI><a href="#[384]">&gt;&gt;</a>&nbsp;&nbsp;&nbsp;uxListRemove
<LI><a href="#[35d]">&gt;&gt;</a>&nbsp;&nbsp;&nbsp;vPortExitCritical
<LI><a href="#[35c]">&gt;&gt;</a>&nbsp;&nbsp;&nbsp;vPortEnterCritical
<LI><a href="#[383]">&gt;&gt;</a>&nbsp;&nbsp;&nbsp;prvDeleteTCB
</UL>
<BR>[Called By]<UL><LI><a href="#[d6]">&gt;&gt;</a>&nbsp;&nbsp;&nbsp;prvIdleTask
</UL>

<P><STRONG><a name="[d6]"></a>prvIdleTask</STRONG> (Thumb, 32 bytes, Stack size 0 bytes, tasks.o(.text))
<BR><BR>[Stack]<UL><LI>Max Depth = 72<LI>Call Chain = prvIdleTask &rArr; prvCheckTasksWaitingTermination &rArr; prvDeleteTCB &rArr; vPortFree &rArr; xTaskResumeAll &rArr; xTaskIncrementTick
</UL>
<BR>[Calls]<UL><LI><a href="#[38c]">&gt;&gt;</a>&nbsp;&nbsp;&nbsp;prvCheckTasksWaitingTermination
</UL>
<BR>[Address Reference Count : 1]<UL><LI> tasks.o(.text)
</UL>
<P><STRONG><a name="[392]"></a>prvTaskCheckFreeStackSpace</STRONG> (Thumb, 22 bytes, Stack size 0 bytes, tasks.o(.text), UNUSED)
<BR><BR>[Called By]<UL><LI><a href="#[303]">&gt;&gt;</a>&nbsp;&nbsp;&nbsp;uxTaskGetStackHighWaterMark
<LI><a href="#[391]">&gt;&gt;</a>&nbsp;&nbsp;&nbsp;vTaskGetInfo
</UL>

<P><STRONG><a name="[393]"></a>prvListTasksWithinSingleList</STRONG> (Thumb, 106 bytes, Stack size 32 bytes, tasks.o(.text), UNUSED)
<BR><BR>[Calls]<UL><LI><a href="#[391]">&gt;&gt;</a>&nbsp;&nbsp;&nbsp;vTaskGetInfo
</UL>
<BR>[Called By]<UL><LI><a href="#[314]">&gt;&gt;</a>&nbsp;&nbsp;&nbsp;uxTaskGetSystemState
</UL>

<P><STRONG><a name="[398]"></a>prvInsertTimerInActiveList</STRONG> (Thumb, 80 bytes, Stack size 24 bytes, timers.o(.text))
<BR><BR>[Stack]<UL><LI>Max Depth = 32<LI>Call Chain = prvInsertTimerInActiveList &rArr; vListInsert
</UL>
<BR>[Calls]<UL><LI><a href="#[388]">&gt;&gt;</a>&nbsp;&nbsp;&nbsp;vListInsert
</UL>
<BR>[Called By]<UL><LI><a href="#[39c]">&gt;&gt;</a>&nbsp;&nbsp;&nbsp;prvProcessExpiredTimer
<LI><a href="#[39b]">&gt;&gt;</a>&nbsp;&nbsp;&nbsp;prvProcessReceivedCommands
</UL>

<P><STRONG><a name="[399]"></a>prvSwitchTimerLists</STRONG> (Thumb, 126 bytes, Stack size 32 bytes, timers.o(.text))
<BR><BR>[Stack]<UL><LI>Max Depth = 184<LI>Call Chain = prvSwitchTimerLists &rArr; xTimerGenericCommand &rArr; xQueueGenericSend &rArr; vTaskPlaceOnEventList &rArr; prvAddCurrentTaskToDelayedList &rArr; vListInsert
</UL>
<BR>[Calls]<UL><LI><a href="#[384]">&gt;&gt;</a>&nbsp;&nbsp;&nbsp;uxListRemove
<LI><a href="#[388]">&gt;&gt;</a>&nbsp;&nbsp;&nbsp;vListInsert
<LI><a href="#[327]">&gt;&gt;</a>&nbsp;&nbsp;&nbsp;xTimerGenericCommand
</UL>
<BR>[Called By]<UL><LI><a href="#[39a]">&gt;&gt;</a>&nbsp;&nbsp;&nbsp;prvSampleTimeNow
</UL>

<P><STRONG><a name="[39a]"></a>prvSampleTimeNow</STRONG> (Thumb, 40 bytes, Stack size 16 bytes, timers.o(.text))
<BR><BR>[Stack]<UL><LI>Max Depth = 200<LI>Call Chain = prvSampleTimeNow &rArr; prvSwitchTimerLists &rArr; xTimerGenericCommand &rArr; xQueueGenericSend &rArr; vTaskPlaceOnEventList &rArr; prvAddCurrentTaskToDelayedList &rArr; vListInsert
</UL>
<BR>[Calls]<UL><LI><a href="#[2f5]">&gt;&gt;</a>&nbsp;&nbsp;&nbsp;xTaskGetTickCount
<LI><a href="#[399]">&gt;&gt;</a>&nbsp;&nbsp;&nbsp;prvSwitchTimerLists
</UL>
<BR>[Called By]<UL><LI><a href="#[39d]">&gt;&gt;</a>&nbsp;&nbsp;&nbsp;prvProcessTimerOrBlockTask
<LI><a href="#[39b]">&gt;&gt;</a>&nbsp;&nbsp;&nbsp;prvProcessReceivedCommands
</UL>

<P><STRONG><a name="[39b]"></a>prvProcessReceivedCommands</STRONG> (Thumb, 264 bytes, Stack size 48 bytes, timers.o(.text))
<BR><BR>[Stack]<UL><LI>Max Depth = 248<LI>Call Chain = prvProcessReceivedCommands &rArr; prvSampleTimeNow &rArr; prvSwitchTimerLists &rArr; xTimerGenericCommand &rArr; xQueueGenericSend &rArr; vTaskPlaceOnEventList &rArr; prvAddCurrentTaskToDelayedList &rArr; vListInsert
</UL>
<BR>[Calls]<UL><LI><a href="#[384]">&gt;&gt;</a>&nbsp;&nbsp;&nbsp;uxListRemove
<LI><a href="#[327]">&gt;&gt;</a>&nbsp;&nbsp;&nbsp;xTimerGenericCommand
<LI><a href="#[350]">&gt;&gt;</a>&nbsp;&nbsp;&nbsp;xQueueReceive
<LI><a href="#[315]">&gt;&gt;</a>&nbsp;&nbsp;&nbsp;vPortFree
<LI><a href="#[39a]">&gt;&gt;</a>&nbsp;&nbsp;&nbsp;prvSampleTimeNow
<LI><a href="#[398]">&gt;&gt;</a>&nbsp;&nbsp;&nbsp;prvInsertTimerInActiveList
</UL>
<BR>[Called By]<UL><LI><a href="#[d7]">&gt;&gt;</a>&nbsp;&nbsp;&nbsp;prvTimerTask
</UL>

<P><STRONG><a name="[39c]"></a>prvProcessExpiredTimer</STRONG> (Thumb, 86 bytes, Stack size 24 bytes, timers.o(.text))
<BR><BR>[Stack]<UL><LI>Max Depth = 176<LI>Call Chain = prvProcessExpiredTimer &rArr; xTimerGenericCommand &rArr; xQueueGenericSend &rArr; vTaskPlaceOnEventList &rArr; prvAddCurrentTaskToDelayedList &rArr; vListInsert
</UL>
<BR>[Calls]<UL><LI><a href="#[384]">&gt;&gt;</a>&nbsp;&nbsp;&nbsp;uxListRemove
<LI><a href="#[327]">&gt;&gt;</a>&nbsp;&nbsp;&nbsp;xTimerGenericCommand
<LI><a href="#[398]">&gt;&gt;</a>&nbsp;&nbsp;&nbsp;prvInsertTimerInActiveList
</UL>
<BR>[Called By]<UL><LI><a href="#[39d]">&gt;&gt;</a>&nbsp;&nbsp;&nbsp;prvProcessTimerOrBlockTask
</UL>

<P><STRONG><a name="[39d]"></a>prvProcessTimerOrBlockTask</STRONG> (Thumb, 102 bytes, Stack size 24 bytes, timers.o(.text))
<BR><BR>[Stack]<UL><LI>Max Depth = 224<LI>Call Chain = prvProcessTimerOrBlockTask &rArr; prvSampleTimeNow &rArr; prvSwitchTimerLists &rArr; xTimerGenericCommand &rArr; xQueueGenericSend &rArr; vTaskPlaceOnEventList &rArr; prvAddCurrentTaskToDelayedList &rArr; vListInsert
</UL>
<BR>[Calls]<UL><LI><a href="#[2f1]">&gt;&gt;</a>&nbsp;&nbsp;&nbsp;xTaskResumeAll
<LI><a href="#[2f0]">&gt;&gt;</a>&nbsp;&nbsp;&nbsp;vTaskSuspendAll
<LI><a href="#[39c]">&gt;&gt;</a>&nbsp;&nbsp;&nbsp;prvProcessExpiredTimer
<LI><a href="#[39a]">&gt;&gt;</a>&nbsp;&nbsp;&nbsp;prvSampleTimeNow
<LI><a href="#[37b]">&gt;&gt;</a>&nbsp;&nbsp;&nbsp;vQueueWaitForMessageRestricted
</UL>
<BR>[Called By]<UL><LI><a href="#[d7]">&gt;&gt;</a>&nbsp;&nbsp;&nbsp;prvTimerTask
</UL>

<P><STRONG><a name="[39e]"></a>prvGetNextExpireTime</STRONG> (Thumb, 36 bytes, Stack size 0 bytes, timers.o(.text))
<BR><BR>[Called By]<UL><LI><a href="#[d7]">&gt;&gt;</a>&nbsp;&nbsp;&nbsp;prvTimerTask
</UL>

<P><STRONG><a name="[d7]"></a>prvTimerTask</STRONG> (Thumb, 26 bytes, Stack size 8 bytes, timers.o(.text))
<BR><BR>[Stack]<UL><LI>Max Depth = 256<LI>Call Chain = prvTimerTask &rArr; prvProcessReceivedCommands &rArr; prvSampleTimeNow &rArr; prvSwitchTimerLists &rArr; xTimerGenericCommand &rArr; xQueueGenericSend &rArr; vTaskPlaceOnEventList &rArr; prvAddCurrentTaskToDelayedList &rArr; vListInsert
</UL>
<BR>[Calls]<UL><LI><a href="#[39e]">&gt;&gt;</a>&nbsp;&nbsp;&nbsp;prvGetNextExpireTime
<LI><a href="#[39d]">&gt;&gt;</a>&nbsp;&nbsp;&nbsp;prvProcessTimerOrBlockTask
<LI><a href="#[39b]">&gt;&gt;</a>&nbsp;&nbsp;&nbsp;prvProcessReceivedCommands
</UL>
<BR>[Address Reference Count : 1]<UL><LI> timers.o(.text)
</UL>
<P><STRONG><a name="[39f]"></a>prvCheckForValidListAndQueue</STRONG> (Thumb, 62 bytes, Stack size 8 bytes, timers.o(.text))
<BR><BR>[Stack]<UL><LI>Max Depth = 96<LI>Call Chain = prvCheckForValidListAndQueue &rArr; xQueueGenericCreateStatic &rArr; prvInitialiseNewQueue &rArr; xQueueGenericReset &rArr; xTaskRemoveFromEventList
</UL>
<BR>[Calls]<UL><LI><a href="#[35d]">&gt;&gt;</a>&nbsp;&nbsp;&nbsp;vPortExitCritical
<LI><a href="#[35c]">&gt;&gt;</a>&nbsp;&nbsp;&nbsp;vPortEnterCritical
<LI><a href="#[357]">&gt;&gt;</a>&nbsp;&nbsp;&nbsp;vListInitialise
<LI><a href="#[345]">&gt;&gt;</a>&nbsp;&nbsp;&nbsp;xQueueGenericCreateStatic
</UL>
<BR>[Called By]<UL><LI><a href="#[3a1]">&gt;&gt;</a>&nbsp;&nbsp;&nbsp;prvInitialiseNewTimer
<LI><a href="#[38e]">&gt;&gt;</a>&nbsp;&nbsp;&nbsp;xTimerCreateTimerTask
</UL>

<P><STRONG><a name="[3a1]"></a>prvInitialiseNewTimer</STRONG> (Thumb, 110 bytes, Stack size 32 bytes, timers.o(.text), UNUSED)
<BR><BR>[Calls]<UL><LI><a href="#[381]">&gt;&gt;</a>&nbsp;&nbsp;&nbsp;vListInitialiseItem
<LI><a href="#[39f]">&gt;&gt;</a>&nbsp;&nbsp;&nbsp;prvCheckForValidListAndQueue
</UL>
<BR>[Called By]<UL><LI><a href="#[322]">&gt;&gt;</a>&nbsp;&nbsp;&nbsp;xTimerCreateStatic
<LI><a href="#[323]">&gt;&gt;</a>&nbsp;&nbsp;&nbsp;xTimerCreate
</UL>

<P><STRONG><a name="[3b6]"></a>_fp_digits</STRONG> (Thumb, 366 bytes, Stack size 64 bytes, printfa.o(i._fp_digits), UNUSED)
<BR><BR>[Calls]<UL><LI><a href="#[3a6]">&gt;&gt;</a>&nbsp;&nbsp;&nbsp;__aeabi_uldivmod
<LI><a href="#[3af]">&gt;&gt;</a>&nbsp;&nbsp;&nbsp;__aeabi_dmul
<LI><a href="#[3b0]">&gt;&gt;</a>&nbsp;&nbsp;&nbsp;__aeabi_ddiv
<LI><a href="#[3a9]">&gt;&gt;</a>&nbsp;&nbsp;&nbsp;__aeabi_dadd
<LI><a href="#[3b1]">&gt;&gt;</a>&nbsp;&nbsp;&nbsp;__aeabi_d2ulz
<LI><a href="#[3b7]">&gt;&gt;</a>&nbsp;&nbsp;&nbsp;__aeabi_cdrcmple
</UL>
<BR>[Called By]<UL><LI><a href="#[3b5]">&gt;&gt;</a>&nbsp;&nbsp;&nbsp;_printf_core
</UL>

<P><STRONG><a name="[3b5]"></a>_printf_core</STRONG> (Thumb, 1744 bytes, Stack size 136 bytes, printfa.o(i._printf_core), UNUSED)
<BR><BR>[Calls]<UL><LI><a href="#[3a6]">&gt;&gt;</a>&nbsp;&nbsp;&nbsp;__aeabi_uldivmod
<LI><a href="#[3ba]">&gt;&gt;</a>&nbsp;&nbsp;&nbsp;__aeabi_uidivmod
<LI><a href="#[3b8]">&gt;&gt;</a>&nbsp;&nbsp;&nbsp;_printf_pre_padding
<LI><a href="#[3b9]">&gt;&gt;</a>&nbsp;&nbsp;&nbsp;_printf_post_padding
<LI><a href="#[3b6]">&gt;&gt;</a>&nbsp;&nbsp;&nbsp;_fp_digits
</UL>
<BR>[Called By]<UL><LI><a href="#[3b4]">&gt;&gt;</a>&nbsp;&nbsp;&nbsp;__0vsnprintf
</UL>

<P><STRONG><a name="[3b9]"></a>_printf_post_padding</STRONG> (Thumb, 36 bytes, Stack size 24 bytes, printfa.o(i._printf_post_padding), UNUSED)
<BR><BR>[Called By]<UL><LI><a href="#[3b5]">&gt;&gt;</a>&nbsp;&nbsp;&nbsp;_printf_core
</UL>

<P><STRONG><a name="[3b8]"></a>_printf_pre_padding</STRONG> (Thumb, 46 bytes, Stack size 24 bytes, printfa.o(i._printf_pre_padding), UNUSED)
<BR><BR>[Called By]<UL><LI><a href="#[3b5]">&gt;&gt;</a>&nbsp;&nbsp;&nbsp;_printf_core
</UL>

<P><STRONG><a name="[d8]"></a>_snputc</STRONG> (Thumb, 22 bytes, Stack size 0 bytes, printfa.o(i._snputc))
<BR>[Address Reference Count : 1]<UL><LI> printfa.o(i.__0vsnprintf)
</UL><P>
<H3>
Undefined Global Symbols
</H3><HR></body></html>
