Component: ARM Compiler 5.06 update 4 (build 422) Tool: armlink [4d35d2]

==============================================================================

Section Cross References

    hardfaulthandler.o(.text) refers to hardfaulthandler.o(.bss) for HardFaultRegs
    hardfaulthandler.o(.text) refers to hardfaulthandler.o(.data) for _Continue
    hardfaulthandler_1.o(OSKERNEL) refers to hardfaulthandler.o(.text) for HardFaultHandler
    main.o(.text) refers to cmsis_os2.o(.text) for osDelay
    main.o(.text) refers to pcdebug.o(.text) for PcDebug_ServiceInit
    main.o(.text) refers to rtc.o(.text) for rtc_Initialize
    main.o(.text) refers to sfud.o(.text) for sfud_init
    main.o(.text) refers to can.o(.text) for Can_ServiceInit
    main.o(.text) refers to icloud_machine.o(.text) for iCloud_ServiceInit
    main.o(.text) refers to momiprotocol.o(.text) for Momi_ServiceInit
    main.o(.text) refers to collect.o(.text) for Collect_ServiceInit
    main.o(.text) refers to tbox_machine.o(.text) for tbox_initialize
    main.o(.text) refers to stm32f2xx_iwdg.o(.text) for IWDG_WriteAccessCmd
    main.o(.text) refers to stm32f2xx_rcc.o(.text) for RCC_AHB1PeriphClockCmd
    main.o(.text) refers to stm32f2xx_gpio.o(.text) for GPIO_Init
    main.o(.text) refers to misc.o(.text) for NVIC_PriorityGroupConfig
    main.o(.text) refers to stm32f2xx_pwr.o(.text) for PWR_BackupAccessCmd
    main.o(.text) refers to system_stm32f2xx.o(.text) for SystemCoreClockUpdate
    main.o(.text) refers to main.o(.constdata) for AppThreadAttr_Start
    main.o(.text) refers to main.o(.data) for tid_AppStart
    startup_stm32f2xx.o(RESET) refers to startup_stm32f2xx.o(STACK) for __initial_sp
    startup_stm32f2xx.o(RESET) refers to startup_stm32f2xx.o(.text) for Reset_Handler
    startup_stm32f2xx.o(RESET) refers to hardfaulthandler_1.o(OSKERNEL) for HardFault_Handler
    startup_stm32f2xx.o(RESET) refers to port.o(.emb_text) for SVC_Handler
    startup_stm32f2xx.o(RESET) refers to cmsis_os2.o(.text) for SysTick_Handler
    startup_stm32f2xx.o(RESET) refers to collecthw.o(.text) for EXTI0_IRQHandler
    startup_stm32f2xx.o(RESET) refers to momihw.o(.text) for DMA1_Stream3_IRQHandler
    startup_stm32f2xx.o(RESET) refers to canhw.o(.text) for CAN1_RX0_IRQHandler
    startup_stm32f2xx.o(RESET) refers to pcdebughw.o(.text) for USART1_IRQHandler
    startup_stm32f2xx.o(.text) refers to system_stm32f2xx.o(.text) for SystemInit
    startup_stm32f2xx.o(.text) refers to entry.o(.ARM.Collect$$$$00000000) for __main
    system_stm32f2xx.o(.text) refers to system_stm32f2xx.o(.data) for SystemCoreClock
    collecthw.o(.text) refers to stm32f2xx_rcc.o(.text) for RCC_AHB1PeriphClockCmd
    collecthw.o(.text) refers to stm32f2xx_dma.o(.text) for DMA_DeInit
    collecthw.o(.text) refers to stm32f2xx_gpio.o(.text) for GPIO_Init
    collecthw.o(.text) refers to stm32f2xx_adc.o(.text) for ADC_CommonInit
    collecthw.o(.text) refers to stm32f2xx_syscfg.o(.text) for SYSCFG_EXTILineConfig
    collecthw.o(.text) refers to stm32f2xx_exti.o(.text) for EXTI_Init
    collecthw.o(.text) refers to misc.o(.text) for NVIC_Init
    collecthw.o(.text) refers to tbox_machine.o(.text) for Tbox_ResetSleepTime
    collecthw.o(.text) refers to collecthw.o(.bss) for adc_buffers
    collecthw.o(.text) refers to collecthw.o(.data) for adc_dma_buffers
    collect.o(.text) refers to pcdebug.o(.text) for PcDebug_SendString
    collect.o(.text) refers to can.o(.text) for CAN_GetRecvState
    collect.o(.text) refers to collecthw.o(.bss) for adc_buffers
    collect.o(.text) refers to collect.o(.bss) for colt_info
    collect.o(.text) refers to collect.o(.data) for battery_high_debounce_cnt
    collect.o(.text) refers to tbox_machine.o(.data) for tbox_state
    collect.o(.text) refers to led.o(.bss) for led_control
    collect.o(.text) refers to stm32f2xx_flash.o(.text) for FLASH_OB_GetUser
    collect.o(.text) refers to parameters.o(.text) for BKP_SaveTotalWorkTimeInfo
    collect.o(.text) refers to stm32f2xx_rtc.o(.text) for RTC_ReadBackupRegister
    collect.o(.text) refers to cmsis_os2.o(.text) for osDelay
    collect.o(.text) refers to am1805.o(.text) for am18x5_PswControl
    collect.o(.text) refers to rtc.o(.text) for RTC_CorrectTime
    collect.o(.text) refers to collecthw.o(.text) for adc_push_dma_sample
    collect.o(.text) refers to rtc.o(.data) for lte_gps_time
    collect.o(.text) refers to led.o(.text) for led_state_machine
    collect.o(.text) refers to rtc.o(.bss) for st_soft_time
    collect.o(.text) refers to collect.o(.constdata) for AppThreadAttr_Collect
    canhw.o(.text) refers to stm32f2xx_rcc.o(.text) for RCC_AHB1PeriphClockCmd
    canhw.o(.text) refers to stm32f2xx_gpio.o(.text) for GPIO_Init
    canhw.o(.text) refers to can.o(.text) for can_msg_queue_reset
    canhw.o(.text) refers to cmsis_os2.o(.text) for osSemaphoreNew
    canhw.o(.text) refers to stm32f2xx_can.o(.text) for CAN_DeInit
    canhw.o(.text) refers to misc.o(.text) for NVIC_Init
[...]
    am18x5_DisableAlarm                      0x0800cd6d   Thumb Code    40  am1805.o(.text)
    am18x5_GetDateTime                       0x0800cd95   Thumb Code    52  am1805.o(.text)
    am18x5_SetDateTime                       0x0800cdc9   Thumb Code    38  am1805.o(.text)
    am18x5_Initialize                        0x0800cdef   Thumb Code    64  am1805.o(.text)
    i2c1_Initialize                          0x0800ce3d   Thumb Code    80  i2c1.o(.text)
    i2c1_idle                                0x0800ce8d   Thumb Code     2  i2c1.o(.text)
    i2c1_start                               0x0800ce8f   Thumb Code    56  i2c1.o(.text)
    i2c1_restart                             0x0800cec7   Thumb Code    56  i2c1.o(.text)
    i2c1_stop                                0x0800ceff   Thumb Code    42  i2c1.o(.text)
    i2c1_abort                               0x0800cf29   Thumb Code     2  i2c1.o(.text)
    i2c1_wait_ack                            0x0800cf2b   Thumb Code    94  i2c1.o(.text)
    i2c1_ack                                 0x0800cf89   Thumb Code    58  i2c1.o(.text)
    i2c1_not_ack                             0x0800cfc3   Thumb Code    56  i2c1.o(.text)
    i2c1_write_byte                          0x0800cffb   Thumb Code    92  i2c1.o(.text)
    i2c1_read_byte                           0x0800d057   Thumb Code    86  i2c1.o(.text)
    i2c1_LD_write_byte                       0x0800d0ad   Thumb Code    70  i2c1.o(.text)
    i2c1_LD_read_byte                        0x0800d0f3   Thumb Code    86  i2c1.o(.text)
    i2c1_LD_read_bytes                       0x0800d149   Thumb Code   126  i2c1.o(.text)
    i2c1_LD_write_bytes                      0x0800d1c7   Thumb Code   106  i2c1.o(.text)
    RTC_ConvertDataTimeToSeconds             0x0800d231   Thumb Code   150  rtc.o(.text)
    RTC_ConvertSecondsToDateTime             0x0800d2c7   Thumb Code   210  rtc.o(.text)
    RTC_GetBjTime                            0x0800d399   Thumb Code    28  rtc.o(.text)
    RTC_CorrectTime                          0x0800d3b5   Thumb Code    12  rtc.o(.text)
    RTC_CovertUtcToBjt                       0x0800d3c1   Thumb Code   182  rtc.o(.text)
    RTC_ConvertBjToUtc                       0x0800d477   Thumb Code   160  rtc.o(.text)
    RTC_GetUtcTime                           0x0800d517   Thumb Code    88  rtc.o(.text)
    rtcSoft_Init                             0x0800d56f   Thumb Code    34  rtc.o(.text)
    rtcSoft_Run                              0x0800d591   Thumb Code    12  rtc.o(.text)
    rtcSoft_Update                           0x0800d59d   Thumb Code   190  rtc.o(.text)
    rtc_Initialize                           0x0800d65b   Thumb Code     8  rtc.o(.text)
    led_on_off                               0x0800d681   Thumb Code   142  led.o(.text)
    led_state_machine                        0x0800d70f   Thumb Code   704  led.o(.text)
    turn_on_all_leds                         0x0800d9cf   Thumb Code    36  led.o(.text)
    turn_off_all_leds                        0x0800d9f3   Thumb Code    26  led.o(.text)
    GetCrc32                                 0x0800da19   Thumb Code    44  crc32.o(.text)
    GetCrc32_Stream_Init                     0x0800da45   Thumb Code     6  crc32.o(.text)
    GetCrc32_Stream_Update                   0x0800da4b   Thumb Code    36  crc32.o(.text)
    GetCrc32_Stream_Final                    0x0800da6f   Thumb Code     6  crc32.o(.text)
    ADC_DeInit                               0x0800da79   Thumb Code    22  stm32f2xx_adc.o(.text)
    ADC_Init                                 0x0800da8f   Thumb Code    74  stm32f2xx_adc.o(.text)
    ADC_StructInit                           0x0800dad9   Thumb Code    20  stm32f2xx_adc.o(.text)
    ADC_CommonInit                           0x0800daed   Thumb Code    34  stm32f2xx_adc.o(.text)
    ADC_CommonStructInit                     0x0800db0f   Thumb Code    12  stm32f2xx_adc.o(.text)
    ADC_Cmd                                  0x0800db1b   Thumb Code    22  stm32f2xx_adc.o(.text)
    ADC_AnalogWatchdogCmd                    0x0800db31   Thumb Code    16  stm32f2xx_adc.o(.text)
    ADC_AnalogWatchdogThresholdsConfig       0x0800db41   Thumb Code     6  stm32f2xx_adc.o(.text)
    ADC_AnalogWatchdogSingleChannelConfig    0x0800db47   Thumb Code    16  stm32f2xx_adc.o(.text)
    ADC_TempSensorVrefintCmd                 0x0800db57   Thumb Code    34  stm32f2xx_adc.o(.text)
    ADC_VBATCmd                              0x0800db79   Thumb Code    34  stm32f2xx_adc.o(.text)
    ADC_RegularChannelConfig                 0x0800db9b   Thumb Code   184  stm32f2xx_adc.o(.text)
    ADC_SoftwareStartConv                    0x0800dc53   Thumb Code    10  stm32f2xx_adc.o(.text)
    ADC_GetSoftwareStartConvStatus           0x0800dc5d   Thumb Code    20  stm32f2xx_adc.o(.text)
    ADC_EOCOnEachRegularChannelCmd           0x0800dc71   Thumb Code    22  stm32f2xx_adc.o(.text)
    ADC_ContinuousModeCmd                    0x0800dc87   Thumb Code    22  stm32f2xx_adc.o(.text)
    ADC_DiscModeChannelCountConfig           0x0800dc9d   Thumb Code    24  stm32f2xx_adc.o(.text)
    ADC_DiscModeCmd                          0x0800dcb5   Thumb Code    22  stm32f2xx_adc.o(.text)
    ADC_GetConversionValue                   0x0800dccb   Thumb Code     8  stm32f2xx_adc.o(.text)
    ADC_GetMultiModeConversionValue          0x0800dcd3   Thumb Code     8  stm32f2xx_adc.o(.text)
    ADC_DMACmd                               0x0800dcdb   Thumb Code    22  stm32f2xx_adc.o(.text)
    ADC_DMARequestAfterLastTransferCmd       0x0800dcf1   Thumb Code    22  stm32f2xx_adc.o(.text)
    ADC_MultiModeDMARequestAfterLastTransferCmd 0x0800dd07   Thumb Code    34  stm32f2xx_adc.o(.text)
    ADC_InjectedChannelConfig                0x0800dd29   Thumb Code   130  stm32f2xx_adc.o(.text)
    ADC_InjectedSequencerLengthConfig        0x0800ddab   Thumb Code    24  stm32f2xx_adc.o(.text)
    ADC_SetInjectedOffset                    0x0800ddc3   Thumb Code    20  stm32f2xx_adc.o(.text)
    ADC_ExternalTrigInjectedConvConfig       0x0800ddd7   Thumb Code    16  stm32f2xx_adc.o(.text)
    ADC_ExternalTrigInjectedConvEdgeConfig   0x0800dde7   Thumb Code    16  stm32f2xx_adc.o(.text)
    ADC_SoftwareStartInjectedConv            0x0800ddf7   Thumb Code    10  stm32f2xx_adc.o(.text)
    ADC_GetSoftwareStartInjectedConvCmdStatus 0x0800de01   Thumb Code    20  stm32f2xx_adc.o(.text)
    ADC_AutoInjectedConvCmd                  0x0800de15   Thumb Code    22  stm32f2xx_adc.o(.text)
    ADC_InjectedDiscModeCmd                  0x0800de2b   Thumb Code    22  stm32f2xx_adc.o(.text)
    ADC_GetInjectedConversionValue           0x0800de41   Thumb Code    28  stm32f2xx_adc.o(.text)
    ADC_ITConfig                             0x0800de5d   Thumb Code    56  stm32f2xx_adc.o(.text)
    ADC_GetFlagStatus                        0x0800de95   Thumb Code    18  stm32f2xx_adc.o(.text)
    ADC_ClearFlag                            0x0800dea7   Thumb Code     6  stm32f2xx_adc.o(.text)
    ADC_GetITStatus                          0x0800dead   Thumb Code    38  stm32f2xx_adc.o(.text)
    ADC_ClearITPendingBit                    0x0800ded3   Thumb Code    10  stm32f2xx_adc.o(.text)
    CAN_DeInit                               0x0800dedd   Thumb Code    50  stm32f2xx_can.o(.text)
    CAN_Init                                 0x0800df0f   Thumb Code   276  stm32f2xx_can.o(.text)
    CAN_FilterInit                           0x0800e023   Thumb Code   258  stm32f2xx_can.o(.text)
    CAN_StructInit                           0x0800e125   Thumb Code    32  stm32f2xx_can.o(.text)
    CAN_SlaveStartBank                       0x0800e145   Thumb Code    48  stm32f2xx_can.o(.text)
    CAN_DBGFreeze                            0x0800e175   Thumb Code    22  stm32f2xx_can.o(.text)
    CAN_TTComModeCmd                         0x0800e18b   Thumb Code   118  stm32f2xx_can.o(.text)
    CAN_Transmit                             0x0800e201   Thumb Code   304  stm32f2xx_can.o(.text)
    CAN_TransmitStatus                       0x0800e331   Thumb Code   138  stm32f2xx_can.o(.text)
    CAN_CancelTransmit                       0x0800e3bb   Thumb Code    48  stm32f2xx_can.o(.text)
    CAN_Receive                              0x0800e3eb   Thumb Code   240  stm32f2xx_can.o(.text)
    CAN_FIFORelease                          0x0800e4db   Thumb Code    22  stm32f2xx_can.o(.text)
    CAN_MessagePending                       0x0800e4f1   Thumb Code    30  stm32f2xx_can.o(.text)
    CAN_OperatingModeRequest                 0x0800e50f   Thumb Code   162  stm32f2xx_can.o(.text)
    CAN_Sleep                                0x0800e5b1   Thumb Code    30  stm32f2xx_can.o(.text)
    CAN_WakeUp                               0x0800e5cf   Thumb Code    48  stm32f2xx_can.o(.text)
    CAN_GetLastErrorCode                     0x0800e5ff   Thumb Code    12  stm32f2xx_can.o(.text)
    CAN_GetReceiveErrorCounter               0x0800e60b   Thumb Code    10  stm32f2xx_can.o(.text)
    CAN_GetLSBTransmitErrorCounter           0x0800e615   Thumb Code    12  stm32f2xx_can.o(.text)
    CAN_ITConfig                             0x0800e621   Thumb Code    18  stm32f2xx_can.o(.text)
    CAN_GetFlagStatus                        0x0800e633   Thumb Code   120  stm32f2xx_can.o(.text)
    CAN_ClearFlag                            0x0800e6ab   Thumb Code    52  stm32f2xx_can.o(.text)
    CAN_GetITStatus                          0x0800e6f1   Thumb Code   310  stm32f2xx_can.o(.text)
    CAN_ClearITPendingBit                    0x0800e827   Thumb Code   162  stm32f2xx_can.o(.text)
    DMA_DeInit                               0x0800e8cd   Thumb Code   324  stm32f2xx_dma.o(.text)
    DMA_Init                                 0x0800ea11   Thumb Code    82  stm32f2xx_dma.o(.text)
    DMA_StructInit                           0x0800ea63   Thumb Code    34  stm32f2xx_dma.o(.text)
    DMA_Cmd                                  0x0800ea85   Thumb Code    22  stm32f2xx_dma.o(.text)
    DMA_PeriphIncOffsetSizeConfig            0x0800ea9b   Thumb Code    22  stm32f2xx_dma.o(.text)
    DMA_FlowControllerConfig                 0x0800eab1   Thumb Code    22  stm32f2xx_dma.o(.text)
    DMA_SetCurrDataCounter                   0x0800eac7   Thumb Code     4  stm32f2xx_dma.o(.text)
    DMA_GetCurrDataCounter                   0x0800eacb   Thumb Code     8  stm32f2xx_dma.o(.text)
    DMA_DoubleBufferModeConfig               0x0800ead3   Thumb Code    24  stm32f2xx_dma.o(.text)
    DMA_DoubleBufferModeCmd                  0x0800eaeb   Thumb Code    22  stm32f2xx_dma.o(.text)
    DMA_MemoryTargetConfig                   0x0800eb01   Thumb Code    10  stm32f2xx_dma.o(.text)
    DMA_GetCurrentMemoryTarget               0x0800eb0b   Thumb Code    20  stm32f2xx_dma.o(.text)
    DMA_GetCmdStatus                         0x0800eb1f   Thumb Code    20  stm32f2xx_dma.o(.text)
    DMA_GetFIFOStatus                        0x0800eb33   Thumb Code    12  stm32f2xx_dma.o(.text)
    DMA_GetFlagStatus                        0x0800eb3f   Thumb Code    56  stm32f2xx_dma.o(.text)
    DMA_ClearFlag                            0x0800eb77   Thumb Code    40  stm32f2xx_dma.o(.text)
    DMA_ITConfig                             0x0800eb9f   Thumb Code    58  stm32f2xx_dma.o(.text)
    DMA_GetITStatus                          0x0800ebd9   Thumb Code    84  stm32f2xx_dma.o(.text)
    DMA_ClearITPendingBit                    0x0800ec2d   Thumb Code    40  stm32f2xx_dma.o(.text)
    EXTI_DeInit                              0x0800ec75   Thumb Code    28  stm32f2xx_exti.o(.text)
    EXTI_Init                                0x0800ec91   Thumb Code   142  stm32f2xx_exti.o(.text)
    EXTI_StructInit                          0x0800ed1f   Thumb Code    16  stm32f2xx_exti.o(.text)
    EXTI_GenerateSWInterrupt                 0x0800ed2f   Thumb Code    16  stm32f2xx_exti.o(.text)
    EXTI_GetFlagStatus                       0x0800ed3f   Thumb Code    22  stm32f2xx_exti.o(.text)
    EXTI_ClearFlag                           0x0800ed55   Thumb Code     8  stm32f2xx_exti.o(.text)
    EXTI_GetITStatus                         0x0800ed5d   Thumb Code    34  stm32f2xx_exti.o(.text)
    EXTI_ClearITPendingBit                   0x0800ed7f   Thumb Code     8  stm32f2xx_exti.o(.text)
    IWDG_WriteAccessCmd                      0x0800ed91   Thumb Code     6  stm32f2xx_iwdg.o(.text)
    IWDG_SetPrescaler                        0x0800ed97   Thumb Code     6  stm32f2xx_iwdg.o(.text)
    IWDG_SetReload                           0x0800ed9d   Thumb Code     6  stm32f2xx_iwdg.o(.text)
    IWDG_ReloadCounter                       0x0800eda3   Thumb Code    10  stm32f2xx_iwdg.o(.text)
    IWDG_Enable                              0x0800edad   Thumb Code    10  stm32f2xx_iwdg.o(.text)
    IWDG_GetFlagStatus                       0x0800edb7   Thumb Code    20  stm32f2xx_iwdg.o(.text)
    PWR_DeInit                               0x0800edd1   Thumb Code    22  stm32f2xx_pwr.o(.text)
    PWR_BackupAccessCmd                      0x0800ede7   Thumb Code     6  stm32f2xx_pwr.o(.text)
    PWR_PVDLevelConfig                       0x0800eded   Thumb Code    18  stm32f2xx_pwr.o(.text)
    PWR_PVDCmd                               0x0800edff   Thumb Code     6  stm32f2xx_pwr.o(.text)
    PWR_WakeUpPinCmd                         0x0800ee05   Thumb Code     8  stm32f2xx_pwr.o(.text)
    PWR_BackupRegulatorCmd                   0x0800ee0d   Thumb Code     8  stm32f2xx_pwr.o(.text)
    PWR_FlashPowerDownCmd                    0x0800ee15   Thumb Code     6  stm32f2xx_pwr.o(.text)
    PWR_EnterSTOPMode                        0x0800ee1b   Thumb Code    54  stm32f2xx_pwr.o(.text)
    PWR_EnterSTANDBYMode                     0x0800ee51   Thumb Code    42  stm32f2xx_pwr.o(.text)
    PWR_GetFlagStatus                        0x0800ee7b   Thumb Code    20  stm32f2xx_pwr.o(.text)
    PWR_ClearFlag                            0x0800ee8f   Thumb Code    14  stm32f2xx_pwr.o(.text)
    RCC_DeInit                               0x0800eea9   Thumb Code    60  stm32f2xx_rcc.o(.text)
    RCC_HSEConfig                            0x0800eee5   Thumb Code    14  stm32f2xx_rcc.o(.text)
    RCC_GetFlagStatus                        0x0800eef3   Thumb Code    60  stm32f2xx_rcc.o(.text)
    RCC_WaitForHSEStartUp                    0x0800ef2f   Thumb Code    56  stm32f2xx_rcc.o(.text)
    RCC_AdjustHSICalibrationValue            0x0800ef67   Thumb Code    20  stm32f2xx_rcc.o(.text)
    RCC_HSICmd                               0x0800ef7b   Thumb Code     6  stm32f2xx_rcc.o(.text)
    RCC_LSEConfig                            0x0800ef81   Thumb Code    46  stm32f2xx_rcc.o(.text)
    RCC_LSICmd                               0x0800efaf   Thumb Code     6  stm32f2xx_rcc.o(.text)
    RCC_PLLConfig                            0x0800efb5   Thumb Code    32  stm32f2xx_rcc.o(.text)
    RCC_PLLCmd                               0x0800efd5   Thumb Code     6  stm32f2xx_rcc.o(.text)
    RCC_PLLI2SConfig                         0x0800efdb   Thumb Code    14  stm32f2xx_rcc.o(.text)
    RCC_PLLI2SCmd                            0x0800efe9   Thumb Code     6  stm32f2xx_rcc.o(.text)
    RCC_ClockSecuritySystemCmd               0x0800efef   Thumb Code     6  stm32f2xx_rcc.o(.text)
    RCC_MCO1Config                           0x0800eff5   Thumb Code    28  stm32f2xx_rcc.o(.text)
    RCC_MCO2Config                           0x0800f011   Thumb Code    28  stm32f2xx_rcc.o(.text)
    RCC_SYSCLKConfig                         0x0800f02d   Thumb Code    20  stm32f2xx_rcc.o(.text)
    RCC_GetSYSCLKSource                      0x0800f041   Thumb Code    12  stm32f2xx_rcc.o(.text)
    RCC_HCLKConfig                           0x0800f04d   Thumb Code    20  stm32f2xx_rcc.o(.text)
    RCC_PCLK1Config                          0x0800f061   Thumb Code    20  stm32f2xx_rcc.o(.text)
    RCC_PCLK2Config                          0x0800f075   Thumb Code    22  stm32f2xx_rcc.o(.text)
    RCC_GetClocksFreq                        0x0800f08b   Thumb Code   222  stm32f2xx_rcc.o(.text)
    RCC_RTCCLKConfig                         0x0800f169   Thumb Code    54  stm32f2xx_rcc.o(.text)
    RCC_RTCCLKCmd                            0x0800f19f   Thumb Code     8  stm32f2xx_rcc.o(.text)
    RCC_BackupResetCmd                       0x0800f1a7   Thumb Code     8  stm32f2xx_rcc.o(.text)
    RCC_I2SCLKConfig                         0x0800f1af   Thumb Code     6  stm32f2xx_rcc.o(.text)
    RCC_AHB1PeriphClockCmd                   0x0800f1b5   Thumb Code    34  stm32f2xx_rcc.o(.text)
    RCC_AHB2PeriphClockCmd                   0x0800f1d7   Thumb Code    34  stm32f2xx_rcc.o(.text)
    RCC_AHB3PeriphClockCmd                   0x0800f1f9   Thumb Code    34  stm32f2xx_rcc.o(.text)
    RCC_APB1PeriphClockCmd                   0x0800f21b   Thumb Code    34  stm32f2xx_rcc.o(.text)
    RCC_APB2PeriphClockCmd                   0x0800f23d   Thumb Code    34  stm32f2xx_rcc.o(.text)
    RCC_AHB1PeriphResetCmd                   0x0800f25f   Thumb Code    34  stm32f2xx_rcc.o(.text)
    RCC_AHB2PeriphResetCmd                   0x0800f281   Thumb Code    72  stm32f2xx_rcc.o(.text)
    RCC_AHB3PeriphResetCmd                   0x0800f2c9   Thumb Code    34  stm32f2xx_rcc.o(.text)
    RCC_APB1PeriphResetCmd                   0x0800f2eb   Thumb Code    34  stm32f2xx_rcc.o(.text)
    RCC_APB2PeriphResetCmd                   0x0800f30d   Thumb Code    34  stm32f2xx_rcc.o(.text)
    RCC_AHB1PeriphClockLPModeCmd             0x0800f32f   Thumb Code    34  stm32f2xx_rcc.o(.text)
    RCC_AHB2PeriphClockLPModeCmd             0x0800f351   Thumb Code    34  stm32f2xx_rcc.o(.text)
    RCC_AHB3PeriphClockLPModeCmd             0x0800f373   Thumb Code    34  stm32f2xx_rcc.o(.text)
    RCC_APB1PeriphClockLPModeCmd             0x0800f395   Thumb Code    34  stm32f2xx_rcc.o(.text)
    RCC_APB2PeriphClockLPModeCmd             0x0800f3b7   Thumb Code    34  stm32f2xx_rcc.o(.text)
    RCC_ITConfig                             0x0800f3d9   Thumb Code    34  stm32f2xx_rcc.o(.text)
    RCC_ClearFlag                            0x0800f3fb   Thumb Code    18  stm32f2xx_rcc.o(.text)
    RCC_GetITStatus                          0x0800f40d   Thumb Code    22  stm32f2xx_rcc.o(.text)
    RCC_ClearITPendingBit                    0x0800f423   Thumb Code     8  stm32f2xx_rcc.o(.text)
    SYSCFG_DeInit                            0x0800f431   Thumb Code    22  stm32f2xx_syscfg.o(.text)
    SYSCFG_MemoryRemapConfig                 0x0800f447   Thumb Code     6  stm32f2xx_syscfg.o(.text)
    SYSCFG_EXTILineConfig                    0x0800f44d   Thumb Code    66  stm32f2xx_syscfg.o(.text)
    SYSCFG_ETH_MediaInterfaceConfig          0x0800f48f   Thumb Code     6  stm32f2xx_syscfg.o(.text)
    SYSCFG_CompensationCellCmd               0x0800f495   Thumb Code     6  stm32f2xx_syscfg.o(.text)
    SYSCFG_GetCompensationCellStatus         0x0800f49b   Thumb Code    22  stm32f2xx_syscfg.o(.text)
    USART_DeInit                             0x0800f4bd   Thumb Code   156  stm32f2xx_usart.o(.text)
    USART_Init                               0x0800f559   Thumb Code   204  stm32f2xx_usart.o(.text)
    USART_StructInit                         0x0800f625   Thumb Code    24  stm32f2xx_usart.o(.text)
    USART_ClockInit                          0x0800f63d   Thumb Code    32  stm32f2xx_usart.o(.text)
    USART_ClockStructInit                    0x0800f65d   Thumb Code    12  stm32f2xx_usart.o(.text)
    USART_Cmd                                0x0800f669   Thumb Code    24  stm32f2xx_usart.o(.text)
    USART_SetPrescaler                       0x0800f681   Thumb Code    16  stm32f2xx_usart.o(.text)
    USART_OverSampling8Cmd                   0x0800f691   Thumb Code    22  stm32f2xx_usart.o(.text)
    USART_OneBitMethodCmd                    0x0800f6a7   Thumb Code    24  stm32f2xx_usart.o(.text)
    USART_SendData                           0x0800f6bf   Thumb Code     8  stm32f2xx_usart.o(.text)
    USART_ReceiveData                        0x0800f6c7   Thumb Code    10  stm32f2xx_usart.o(.text)
    USART_SetAddress                         0x0800f6d1   Thumb Code    18  stm32f2xx_usart.o(.text)
    USART_ReceiverWakeUpCmd                  0x0800f6e3   Thumb Code    24  stm32f2xx_usart.o(.text)
    USART_WakeUpConfig                       0x0800f6fb   Thumb Code    18  stm32f2xx_usart.o(.text)
    USART_LINBreakDetectLengthConfig         0x0800f70d   Thumb Code    18  stm32f2xx_usart.o(.text)
    USART_LINCmd                             0x0800f71f   Thumb Code    24  stm32f2xx_usart.o(.text)
    USART_SendBreak                          0x0800f737   Thumb Code    10  stm32f2xx_usart.o(.text)
    USART_HalfDuplexCmd                      0x0800f741   Thumb Code    24  stm32f2xx_usart.o(.text)
    USART_SetGuardTime                       0x0800f759   Thumb Code    16  stm32f2xx_usart.o(.text)
    USART_SmartCardCmd                       0x0800f769   Thumb Code    24  stm32f2xx_usart.o(.text)
    USART_SmartCardNACKCmd                   0x0800f781   Thumb Code    24  stm32f2xx_usart.o(.text)
    USART_IrDAConfig                         0x0800f799   Thumb Code    18  stm32f2xx_usart.o(.text)
    USART_IrDACmd                            0x0800f7ab   Thumb Code    24  stm32f2xx_usart.o(.text)
    USART_DMACmd                             0x0800f7c3   Thumb Code    18  stm32f2xx_usart.o(.text)
    USART_ITConfig                           0x0800f7d5   Thumb Code    74  stm32f2xx_usart.o(.text)
    USART_GetFlagStatus                      0x0800f81f   Thumb Code    26  stm32f2xx_usart.o(.text)
    USART_ClearFlag                          0x0800f839   Thumb Code    18  stm32f2xx_usart.o(.text)
    USART_GetITStatus                        0x0800f84b   Thumb Code   110  stm32f2xx_usart.o(.text)
    USART_ClearITPendingBit                  0x0800f8b9   Thumb Code    30  stm32f2xx_usart.o(.text)
    NVIC_PriorityGroupConfig                 0x0800f8d9   Thumb Code    10  misc.o(.text)
    NVIC_Init                                0x0800f8e3   Thumb Code   106  misc.o(.text)
    NVIC_SetVectorTable                      0x0800f94d   Thumb Code    14  misc.o(.text)
    NVIC_SystemLPConfig                      0x0800f95b   Thumb Code    34  misc.o(.text)
    SysTick_CLKSourceConfig                  0x0800f97d   Thumb Code    40  misc.o(.text)
    RTC_WaitForSynchro                       0x0800f9b9   Thumb Code    92  stm32f2xx_rtc.o(.text)
    RTC_EnterInitMode                        0x0800fa15   Thumb Code    84  stm32f2xx_rtc.o(.text)
    RTC_DeInit                               0x0800fa69   Thumb Code   182  stm32f2xx_rtc.o(.text)
    RTC_ExitInitMode                         0x0800fb1f   Thumb Code    18  stm32f2xx_rtc.o(.text)
    RTC_Init                                 0x0800fb31   Thumb Code    94  stm32f2xx_rtc.o(.text)
    RTC_StructInit                           0x0800fb8f   Thumb Code    14  stm32f2xx_rtc.o(.text)
    RTC_WriteProtectionCmd                   0x0800fb9d   Thumb Code    22  stm32f2xx_rtc.o(.text)
    RTC_RefClockCmd                          0x0800fbb3   Thumb Code    76  stm32f2xx_rtc.o(.text)
    RTC_SetTime                              0x0800fc31   Thumb Code   184  stm32f2xx_rtc.o(.text)
    RTC_TimeStructInit                       0x0800fce9   Thumb Code    12  stm32f2xx_rtc.o(.text)
    RTC_GetTime                              0x0800fcf5   Thumb Code    74  stm32f2xx_rtc.o(.text)
    RTC_SetDate                              0x0800fd3f   Thumb Code   190  stm32f2xx_rtc.o(.text)
    RTC_DateStructInit                       0x0800fdfd   Thumb Code    14  stm32f2xx_rtc.o(.text)
    RTC_GetDate                              0x0800fe0b   Thumb Code    68  stm32f2xx_rtc.o(.text)
    RTC_SetAlarm                             0x0800fe4f   Thumb Code   234  stm32f2xx_rtc.o(.text)
    RTC_AlarmStructInit                      0x0800ff39   Thumb Code    22  stm32f2xx_rtc.o(.text)
    RTC_GetAlarm                             0x0800ff4f   Thumb Code   114  stm32f2xx_rtc.o(.text)
    RTC_AlarmCmd                             0x0800ffc1   Thumb Code   116  stm32f2xx_rtc.o(.text)
    RTC_WakeUpClockConfig                    0x08010035   Thumb Code    46  stm32f2xx_rtc.o(.text)
    RTC_SetWakeUpCounter                     0x08010063   Thumb Code    24  stm32f2xx_rtc.o(.text)
    RTC_GetWakeUpCounter                     0x0801007b   Thumb Code    10  stm32f2xx_rtc.o(.text)
    RTC_WakeUpCmd                            0x08010085   Thumb Code   120  stm32f2xx_rtc.o(.text)
    RTC_DayLightSavingConfig                 0x080100fd   Thumb Code    54  stm32f2xx_rtc.o(.text)
    RTC_GetStoreOperation                    0x08010133   Thumb Code    12  stm32f2xx_rtc.o(.text)
    RTC_OutputConfig                         0x0801013f   Thumb Code    54  stm32f2xx_rtc.o(.text)
    RTC_CoarseCalibConfig                    0x08010175   Thumb Code    56  stm32f2xx_rtc.o(.text)
    RTC_CoarseCalibCmd                       0x080101ad   Thumb Code    82  stm32f2xx_rtc.o(.text)
    RTC_CalibOutputCmd                       0x080101ff   Thumb Code    50  stm32f2xx_rtc.o(.text)
    RTC_TimeStampCmd                         0x08010231   Thumb Code    52  stm32f2xx_rtc.o(.text)
    RTC_GetTimeStamp                         0x08010265   Thumb Code   144  stm32f2xx_rtc.o(.text)
    RTC_TamperTriggerConfig                  0x080102f5   Thumb Code    38  stm32f2xx_rtc.o(.text)
    RTC_TamperCmd                            0x0801031b   Thumb Code    34  stm32f2xx_rtc.o(.text)
    RTC_WriteBackupRegister                  0x0801033d   Thumb Code    26  stm32f2xx_rtc.o(.text)
    RTC_ReadBackupRegister                   0x08010357   Thumb Code    28  stm32f2xx_rtc.o(.text)
    RTC_TamperPinSelection                   0x08010373   Thumb Code    26  stm32f2xx_rtc.o(.text)
    RTC_TimeStampPinSelection                0x0801038d   Thumb Code    26  stm32f2xx_rtc.o(.text)
    RTC_OutputTypeConfig                     0x080103a7   Thumb Code    26  stm32f2xx_rtc.o(.text)
    RTC_ITConfig                             0x080103c1   Thumb Code    90  stm32f2xx_rtc.o(.text)
    RTC_GetFlagStatus                        0x0801041b   Thumb Code    36  stm32f2xx_rtc.o(.text)
    RTC_ClearFlag                            0x0801043f   Thumb Code    28  stm32f2xx_rtc.o(.text)
    RTC_GetITStatus                          0x0801045b   Thumb Code    58  stm32f2xx_rtc.o(.text)
    RTC_ClearITPendingBit                    0x08010495   Thumb Code    32  stm32f2xx_rtc.o(.text)
    SysTick_Handler                          0x080104c1   Thumb Code    22  cmsis_os2.o(.text)
    osKernelInitialize                       0x080104d7   Thumb Code    58  cmsis_os2.o(.text)
    osKernelGetInfo                          0x08010511   Thumb Code    40  cmsis_os2.o(.text)
    osKernelGetState                         0x08010539   Thumb Code    48  cmsis_os2.o(.text)
    osKernelStart                            0x08010569   Thumb Code   102  cmsis_os2.o(.text)
    osKernelLock                             0x080105cf   Thumb Code    76  cmsis_os2.o(.text)
    osKernelUnlock                           0x0801061b   Thumb Code    88  cmsis_os2.o(.text)
    osKernelRestoreLock                      0x08010673   Thumb Code   108  cmsis_os2.o(.text)
    osKernelGetTickCount                     0x080106df   Thumb Code    46  cmsis_os2.o(.text)
    osKernelGetTickFreq                      0x0801070d   Thumb Code     6  cmsis_os2.o(.text)
    osKernelGetSysTimerCount                 0x08010713   Thumb Code    66  cmsis_os2.o(.text)
    osKernelGetSysTimerFreq                  0x08010755   Thumb Code     6  cmsis_os2.o(.text)
    osThreadNew                              0x0801075b   Thumb Code   208  cmsis_os2.o(.text)
    osThreadGetName                          0x0801082b   Thumb Code    50  cmsis_os2.o(.text)
    osThreadGetId                            0x0801085d   Thumb Code    12  cmsis_os2.o(.text)
    osThreadGetState                         0x08010869   Thumb Code   132  cmsis_os2.o(.text)
    osThreadGetStackSpace                    0x080108ed   Thumb Code    50  cmsis_os2.o(.text)
    osThreadSetPriority                      0x0801091f   Thumb Code    74  cmsis_os2.o(.text)
    osThreadGetPriority                      0x08010969   Thumb Code    52  cmsis_os2.o(.text)
    osThreadYield                            0x0801099d   Thumb Code    56  cmsis_os2.o(.text)
    osThreadSuspend                          0x080109d5   Thumb Code    58  cmsis_os2.o(.text)
    osThreadResume                           0x08010a0f   Thumb Code    58  cmsis_os2.o(.text)
    osThreadExit                             0x08010a49   Thumb Code    10  cmsis_os2.o(.text)
    osThreadTerminate                        0x08010a53   Thumb Code    80  cmsis_os2.o(.text)
    osThreadGetCount                         0x08010aa3   Thumb Code    42  cmsis_os2.o(.text)
    osThreadEnumerate                        0x08010acd   Thumb Code   126  cmsis_os2.o(.text)
    osThreadFlagsSet                         0x08010b4b   Thumb Code   142  cmsis_os2.o(.text)
    osThreadFlagsClear                       0x08010bd9   Thumb Code   108  cmsis_os2.o(.text)
    osThreadFlagsGet                         0x08010c45   Thumb Code    68  cmsis_os2.o(.text)
    osThreadFlagsWait                        0x08010c89   Thumb Code   208  cmsis_os2.o(.text)
    osDelay                                  0x08010d59   Thumb Code    50  cmsis_os2.o(.text)
    osDelayUntil                             0x08010d8b   Thumb Code    72  cmsis_os2.o(.text)
    osTimerNew                               0x08010de9   Thumb Code   190  cmsis_os2.o(.text)
    osTimerGetName                           0x08010ea7   Thumb Code    50  cmsis_os2.o(.text)
    osTimerStart                             0x08010ed9   Thumb Code    80  cmsis_os2.o(.text)
    osTimerStop                              0x08010f29   Thumb Code    92  cmsis_os2.o(.text)
    osTimerIsRunning                         0x08010f85   Thumb Code    50  cmsis_os2.o(.text)
    osTimerDelete                            0x08010fb7   Thumb Code    92  cmsis_os2.o(.text)
    osEventFlagsNew                          0x08011013   Thumb Code    92  cmsis_os2.o(.text)
    osEventFlagsSet                          0x0801106f   Thumb Code   108  cmsis_os2.o(.text)
    osEventFlagsClear                        0x080110db   Thumb Code    90  cmsis_os2.o(.text)
    osEventFlagsGet                          0x08011135   Thumb Code    74  cmsis_os2.o(.text)
    osEventFlagsWait                         0x0801117f   Thumb Code   160  cmsis_os2.o(.text)
    osEventFlagsDelete                       0x0801121f   Thumb Code    58  cmsis_os2.o(.text)
    osMutexNew                               0x08011259   Thumb Code   176  cmsis_os2.o(.text)
    osMutexAcquire                           0x08011309   Thumb Code   120  cmsis_os2.o(.text)
    osMutexRelease                           0x08011381   Thumb Code   100  cmsis_os2.o(.text)
    osMutexGetOwner                          0x080113e5   Thumb Code    52  cmsis_os2.o(.text)
    osMutexDelete                            0x08011419   Thumb Code    60  cmsis_os2.o(.text)
    osSemaphoreNew                           0x08011455   Thumb Code   198  cmsis_os2.o(.text)
    osSemaphoreAcquire                       0x0801151b   Thumb Code   134  cmsis_os2.o(.text)
    osSemaphoreRelease                       0x080115a1   Thumb Code   108  cmsis_os2.o(.text)
    osSemaphoreGetCount                      0x0801160d   Thumb Code    60  cmsis_os2.o(.text)
    osSemaphoreDelete                        0x08011649   Thumb Code    58  cmsis_os2.o(.text)
    osMessageQueueNew                        0x08011683   Thumb Code   146  cmsis_os2.o(.text)
    osMessageQueuePut                        0x08011715   Thumb Code   148  cmsis_os2.o(.text)
    osMessageQueueGet                        0x080117a9   Thumb Code   144  cmsis_os2.o(.text)
    osMessageQueueGetCapacity                0x08011839   Thumb Code    14  cmsis_os2.o(.text)
    osMessageQueueGetMsgSize                 0x08011847   Thumb Code    14  cmsis_os2.o(.text)
    osMessageQueueGetCount                   0x08011855   Thumb Code    60  cmsis_os2.o(.text)
    osMessageQueueGetSpace                   0x08011891   Thumb Code    94  cmsis_os2.o(.text)
    osMessageQueueReset                      0x080118ef   Thumb Code    60  cmsis_os2.o(.text)
    osMessageQueueDelete                     0x0801192b   Thumb Code    58  cmsis_os2.o(.text)
    vApplicationTickHook                     0x08011965   Thumb Code     2  cmsis_os2.o(.text)
    vApplicationStackOverflowHook            0x08011967   Thumb Code     2  cmsis_os2.o(.text)
    vApplicationGetIdleTaskMemory            0x08011969   Thumb Code    14  cmsis_os2.o(.text)
    vApplicationGetTimerTaskMemory           0x08011977   Thumb Code    14  cmsis_os2.o(.text)
    OS_Tick_Setup                            0x080119b1   Thumb Code    96  os_systick.o(.text)
    OS_Tick_Enable                           0x08011a11   Thumb Code    40  os_systick.o(.text)
    OS_Tick_Disable                          0x08011a39   Thumb Code    46  os_systick.o(.text)
    OS_Tick_AcknowledgeIRQ                   0x08011a67   Thumb Code     8  os_systick.o(.text)
    OS_Tick_GetIRQn                          0x08011a6f   Thumb Code     6  os_systick.o(.text)
    OS_Tick_GetClock                         0x08011a75   Thumb Code     6  os_systick.o(.text)
    OS_Tick_GetInterval                      0x08011a7b   Thumb Code    10  os_systick.o(.text)
    OS_Tick_GetCount                         0x08011a85   Thumb Code    12  os_systick.o(.text)
    OS_Tick_GetOverflow                      0x08011a91   Thumb Code    12  os_systick.o(.text)
    xEventGroupCreateStatic                  0x08011aad   Thumb Code    26  event_groups.o(.text)
    xEventGroupCreate                        0x08011ac7   Thumb Code    30  event_groups.o(.text)
    xEventGroupSetBits                       0x08011ae5   Thumb Code   146  event_groups.o(.text)
    xEventGroupSync                          0x08011b77   Thumb Code   162  event_groups.o(.text)
    xEventGroupWaitBits                      0x08011c37   Thumb Code   198  event_groups.o(.text)
    xEventGroupClearBits                     0x08011cfd   Thumb Code    32  event_groups.o(.text)
    vEventGroupClearBitsCallback             0x08011d1d   Thumb Code    16  event_groups.o(.text)
    xEventGroupClearBitsFromISR              0x08011d2d   Thumb Code    26  event_groups.o(.text)
    xEventGroupGetBitsFromISR                0x08011d47   Thumb Code    44  event_groups.o(.text)
    vEventGroupDelete                        0x08011d73   Thumb Code    46  event_groups.o(.text)
    vEventGroupSetBitsCallback               0x08011da1   Thumb Code    16  event_groups.o(.text)
    xEventGroupSetBitsFromISR                0x08011db1   Thumb Code    32  event_groups.o(.text)
    uxEventGroupGetNumber                    0x08011dd1   Thumb Code    14  event_groups.o(.text)
    vEventGroupSetNumber                     0x08011ddf   Thumb Code     4  event_groups.o(.text)
    vListInitialise                          0x08011de9   Thumb Code    26  list.o(.text)
    vListInitialiseItem                      0x08011e03   Thumb Code     6  list.o(.text)
    vListInsertEnd                           0x08011e09   Thumb Code    24  list.o(.text)
    vListInsert                              0x08011e21   Thumb Code    52  list.o(.text)
    uxListRemove                             0x08011e55   Thumb Code    40  list.o(.text)
    pvPortMalloc                             0x08011f3f   Thumb Code   188  heap_4.o(.text)
    vPortFree                                0x08011ffb   Thumb Code    64  heap_4.o(.text)
    xPortGetFreeHeapSize                     0x0801203b   Thumb Code     6  heap_4.o(.text)
    xPortGetMinimumEverFreeHeapSize          0x08012041   Thumb Code     6  heap_4.o(.text)
    vPortInitialiseBlocks                    0x08012047   Thumb Code     2  heap_4.o(.text)
    pxPortInitialiseStack                    0x08012077   Thumb Code    30  port.o(.text)
    vPortSetupTimerInterrupt                 0x08012095   Thumb Code    36  port.o(.text)
    xPortStartScheduler                      0x080120b9   Thumb Code    42  port.o(.text)
    vPortEndScheduler                        0x080120e3   Thumb Code     2  port.o(.text)
    vPortEnterCritical                       0x080120e5   Thumb Code    30  port.o(.text)
    vPortExitCritical                        0x08012103   Thumb Code    28  port.o(.text)
    xPortSysTickHandler                      0x0801211f   Thumb Code    48  port.o(.text)
    xQueueGenericReset                       0x08012161   Thumb Code   122  queue.o(.text)
    xQueueGenericCreateStatic                0x08012205   Thumb Code    46  queue.o(.text)
    xQueueGenericCreate                      0x08012233   Thumb Code    64  queue.o(.text)
    xQueueGenericSend                        0x0801238d   Thumb Code   276  queue.o(.text)
    xQueueCreateMutex                        0x080124bf   Thumb Code    34  queue.o(.text)
    xQueueCreateMutexStatic                  0x080124e1   Thumb Code    42  queue.o(.text)
    xQueueGetMutexHolder                     0x0801250b   Thumb Code    28  queue.o(.text)
    xQueueGetMutexHolderFromISR              0x08012527   Thumb Code    14  queue.o(.text)
    xQueueGiveMutexRecursive                 0x08012535   Thumb Code    48  queue.o(.text)
    xQueueSemaphoreTake                      0x08012599   Thumb Code   300  queue.o(.text)
    xQueueTakeMutexRecursive                 0x080126c5   Thumb Code    54  queue.o(.text)
    xQueueCreateCountingSemaphoreStatic      0x080126fb   Thumb Code    34  queue.o(.text)
    xQueueCreateCountingSemaphore            0x0801271d   Thumb Code    26  queue.o(.text)
    xQueueGenericSendFromISR                 0x08012737   Thumb Code   134  queue.o(.text)
    xQueueGiveFromISR                        0x080127bd   Thumb Code   120  queue.o(.text)
    xQueueReceive                            0x0801285f   Thumb Code   256  queue.o(.text)
    xQueuePeek                               0x0801295f   Thumb Code   266  queue.o(.text)
    xQueueReceiveFromISR                     0x08012a69   Thumb Code   130  queue.o(.text)
    xQueuePeekFromISR                        0x08012aeb   Thumb Code    74  queue.o(.text)
    uxQueueMessagesWaiting                   0x08012b35   Thumb Code    18  queue.o(.text)
    uxQueueSpacesAvailable                   0x08012b47   Thumb Code    24  queue.o(.text)
    uxQueueMessagesWaitingFromISR            0x08012b5f   Thumb Code     8  queue.o(.text)
    vQueueDelete                             0x08012b67   Thumb Code    20  queue.o(.text)
    uxQueueGetQueueNumber                    0x08012b7b   Thumb Code     6  queue.o(.text)
    vQueueSetQueueNumber                     0x08012b81   Thumb Code     4  queue.o(.text)
    ucQueueGetQueueType                      0x08012b85   Thumb Code     8  queue.o(.text)
    xQueueIsQueueEmptyFromISR                0x08012b8d   Thumb Code    16  queue.o(.text)
    xQueueIsQueueFullFromISR                 0x08012b9d   Thumb Code    22  queue.o(.text)
    vQueueWaitForMessageRestricted           0x08012bb3   Thumb Code    74  queue.o(.text)
    xTaskCreateStatic                        0x08012d7b   Thumb Code    78  tasks.o(.text)
    xTaskCreate                              0x08012dc9   Thumb Code   100  tasks.o(.text)
    vTaskDelete                              0x08012e7f   Thumb Code   132  tasks.o(.text)
    xTaskIncrementTick                       0x08012f03   Thumb Code   334  tasks.o(.text)
    xTaskResumeAll                           0x08013051   Thumb Code   194  tasks.o(.text)
    vTaskSuspendAll                          0x08013177   Thumb Code    12  tasks.o(.text)
    vTaskDelayUntil                          0x08013183   Thumb Code   106  tasks.o(.text)
    vTaskDelay                               0x080131ed   Thumb Code    46  tasks.o(.text)
    eTaskGetState                            0x0801321b   Thumb Code   104  tasks.o(.text)
    uxTaskPriorityGet                        0x08013283   Thumb Code    30  tasks.o(.text)
    uxTaskPriorityGetFromISR                 0x080132a1   Thumb Code    52  tasks.o(.text)
    vTaskPrioritySet                         0x080132d5   Thumb Code   206  tasks.o(.text)
    vTaskSwitchContext                       0x080133a3   Thumb Code   214  tasks.o(.text)
    vTaskSuspend                             0x08013479   Thumb Code   140  tasks.o(.text)
    vTaskResume                              0x0801353d   Thumb Code   102  tasks.o(.text)
    xTaskResumeFromISR                       0x080135a3   Thumb Code   128  tasks.o(.text)
    vTaskStartScheduler                      0x0801367f   Thumb Code   120  tasks.o(.text)
    vTaskEndScheduler                        0x080136f7   Thumb Code    32  tasks.o(.text)
    xTaskGetTickCount                        0x08013717   Thumb Code     6  tasks.o(.text)
    xTaskGetTickCountFromISR                 0x0801371d   Thumb Code     8  tasks.o(.text)
    uxTaskGetNumberOfTasks                   0x08013725   Thumb Code     6  tasks.o(.text)
    pcTaskGetName                            0x0801372b   Thumb Code    20  tasks.o(.text)
    vTaskGetInfo                             0x08013755   Thumb Code   126  tasks.o(.text)
    uxTaskGetSystemState                     0x0801383d   Thumb Code   224  tasks.o(.text)
    vTaskPlaceOnEventList                    0x0801391d   Thumb Code    28  tasks.o(.text)
    vTaskPlaceOnUnorderedEventList           0x08013939   Thumb Code    40  tasks.o(.text)
    vTaskPlaceOnEventListRestricted          0x08013961   Thumb Code    36  tasks.o(.text)
    xTaskRemoveFromEventList                 0x08013985   Thumb Code   102  tasks.o(.text)
    vTaskRemoveFromUnorderedEventList        0x080139eb   Thumb Code    80  tasks.o(.text)
    vTaskSetTimeOutState                     0x08013a3b   Thumb Code    26  tasks.o(.text)
    vTaskInternalSetTimeOutState             0x08013a55   Thumb Code    14  tasks.o(.text)
    xTaskCheckForTimeOut                     0x08013a63   Thumb Code    84  tasks.o(.text)
    vTaskMissedYield                         0x08013ab7   Thumb Code     8  tasks.o(.text)
    uxTaskGetTaskNumber                      0x08013abf   Thumb Code    14  tasks.o(.text)
    vTaskSetTaskNumber                       0x08013acd   Thumb Code     8  tasks.o(.text)
    uxTaskGetStackHighWaterMark              0x08013ad5   Thumb Code    34  tasks.o(.text)
    xTaskGetCurrentTaskHandle                0x08013af7   Thumb Code     6  tasks.o(.text)
    xTaskGetSchedulerState                   0x08013afd   Thumb Code    24  tasks.o(.text)
    xTaskPriorityInherit                     0x08013b15   Thumb Code   150  tasks.o(.text)
    xTaskPriorityDisinherit                  0x08013bab   Thumb Code    86  tasks.o(.text)
    vTaskPriorityDisinheritAfterTimeout      0x08013c01   Thumb Code   130  tasks.o(.text)
    uxTaskResetEventItemValue                0x08013c83   Thumb Code    24  tasks.o(.text)
    pvTaskIncrementMutexHeldCount            0x08013c9b   Thumb Code    78  tasks.o(.text)
    ulTaskNotifyTake                         0x08013ce9   Thumb Code   108  tasks.o(.text)
    xTaskNotifyWait                          0x08013d55   Thumb Code   150  tasks.o(.text)
    xTaskGenericNotify                       0x08013deb   Thumb Code   178  tasks.o(.text)
    xTaskGenericNotifyFromISR                0x08013e9d   Thumb Code   226  tasks.o(.text)
    vTaskNotifyGiveFromISR                   0x08013f7f   Thumb Code   150  tasks.o(.text)
    xTaskNotifyStateClear                    0x08014015   Thumb Code    48  tasks.o(.text)
    xTimerGenericCommand                     0x080140b1   Thumb Code   104  timers.o(.text)
    xTimerCreateTimerTask                    0x080143ff   Thumb Code    76  timers.o(.text)
    xTimerCreate                             0x080144b9   Thumb Code    54  timers.o(.text)
    xTimerCreateStatic                       0x080144ef   Thumb Code    48  timers.o(.text)
    xTimerGetTimerDaemonTaskHandle           0x0801451f   Thumb Code     6  timers.o(.text)
    xTimerGetPeriod                          0x08014525   Thumb Code     8  timers.o(.text)
    vTimerSetReloadMode                      0x0801452d   Thumb Code    46  timers.o(.text)
    xTimerGetExpiryTime                      0x0801455b   Thumb Code     8  timers.o(.text)
    pcTimerGetName                           0x08014563   Thumb Code     8  timers.o(.text)
    xTimerIsTimerActive                      0x0801456b   Thumb Code    34  timers.o(.text)
    pvTimerGetTimerID                        0x0801458d   Thumb Code    20  timers.o(.text)
    vTimerSetTimerID                         0x080145a1   Thumb Code    20  timers.o(.text)
    xTimerPendFunctionCallFromISR            0x080145b5   Thumb Code    48  timers.o(.text)
    xTimerPendFunctionCall                   0x080145e5   Thumb Code    48  timers.o(.text)
    uxTimerGetTimerNumber                    0x08014615   Thumb Code     6  timers.o(.text)
    vTimerSetTimerNumber                     0x0801461b   Thumb Code     4  timers.o(.text)
    ___aeabi_memcpy8$move                    0x08014629   Thumb Code     0  memmovea.o(.text)
    __aeabi_memcpy                           0x08014629   Thumb Code    64  memmovea.o(.text)
    __aeabi_memcpy4                          0x08014629   Thumb Code     0  memmovea.o(.text)
    __aeabi_memmove                          0x08014629   Thumb Code     0  memmovea.o(.text)
    __aeabi_memmove4                         0x08014629   Thumb Code     0  memmovea.o(.text)
    __aeabi_memmove8                         0x08014629   Thumb Code     0  memmovea.o(.text)
    __aeabi_memset                           0x08014669   Thumb Code    14  memseta.o(.text)
    __aeabi_memset4                          0x08014669   Thumb Code     0  memseta.o(.text)
    __aeabi_memset8                          0x08014669   Thumb Code     0  memseta.o(.text)
    __aeabi_memclr                           0x08014677   Thumb Code     4  memseta.o(.text)
    __aeabi_memclr4                          0x08014677   Thumb Code     0  memseta.o(.text)
    __aeabi_memclr8                          0x08014677   Thumb Code     0  memseta.o(.text)
    _memset$wrapper                          0x0801467b   Thumb Code    18  memseta.o(.text)
    strlen                                   0x0801468d   Thumb Code    14  strlen.o(.text)
    memcmp                                   0x0801469b   Thumb Code    26  memcmp.o(.text)
    __aeabi_uidiv                            0x080146b5   Thumb Code     0  uidiv.o(.text)
    __aeabi_uidivmod                         0x080146b5   Thumb Code    44  uidiv.o(.text)
    __aeabi_uldivmod                         0x080146e1   Thumb Code    98  uldiv.o(.text)
    __I$use$fp                               0x08014743   Thumb Code     0  iusefp.o(.text)
    __aeabi_dadd                             0x08014743   Thumb Code   322  dadd.o(.text)
    __aeabi_dsub                             0x08014885   Thumb Code     6  dadd.o(.text)
    __aeabi_drsub                            0x0801488b   Thumb Code     6  dadd.o(.text)
    __aeabi_dmul                             0x08014891   Thumb Code   228  dmul.o(.text)
    __aeabi_ddiv                             0x08014975   Thumb Code   222  ddiv.o(.text)
    __aeabi_d2ulz                            0x08014a53   Thumb Code    48  dfixul.o(.text)
    __aeabi_cdrcmple                         0x08014a85   Thumb Code    48  cdrcmple.o(.text)
    __scatterload                            0x08014ab5   Thumb Code    28  init.o(.text)
    __scatterload_rt2                        0x08014ab5   Thumb Code     0  init.o(.text)
    __aeabi_llsl                             0x08014ad9   Thumb Code    30  llshl.o(.text)
    _ll_shift_l                              0x08014ad9   Thumb Code     0  llshl.o(.text)
    __aeabi_llsr                             0x08014af7   Thumb Code    32  llushr.o(.text)
    _ll_ushift_r                             0x08014af7   Thumb Code     0  llushr.o(.text)
    __aeabi_lasr                             0x08014b17   Thumb Code    36  llsshr.o(.text)
    _ll_sshift_r                             0x08014b17   Thumb Code     0  llsshr.o(.text)
    _double_round                            0x08014b3b   Thumb Code    30  depilogue.o(.text)
    _double_epilogue                         0x08014b59   Thumb Code   156  depilogue.o(.text)
    __decompress                             0x08014bf5   Thumb Code     0  __dczerorl2.o(.text)
    __decompress1                            0x08014bf5   Thumb Code    86  __dczerorl2.o(.text)
    HardFault_Handler                        0x08014c4d   Thumb Code     0  hardfaulthandler_1.o(OSKERNEL)
    Long Thumb to Thumb Veneer to sfud_init  0x08014c5f   Thumb Code    10  anon$$obj.o(Veneer$$Code)
    Long Thumb to Thumb Veneer to GPIO_Init  0x08014c69   Thumb Code    10  anon$$obj.o(Veneer$$Code)
    Long Thumb to Thumb Veneer to FLASH_OB_GetUser 0x08014c73   Thumb Code    10  anon$$obj.o(Veneer$$Code)
    Long Thumb to Thumb Veneer to GPIO_PinAFConfig 0x08014c7d   Thumb Code    10  anon$$obj.o(Veneer$$Code)
    Long Thumb to Thumb Veneer to sfud_erase 0x08014c87   Thumb Code    10  anon$$obj.o(Veneer$$Code)
    Long Thumb to Thumb Veneer to sfud_write 0x08014c91   Thumb Code    10  anon$$obj.o(Veneer$$Code)
    Long Thumb to Thumb Veneer to sfud_read  0x08014c9b   Thumb Code    10  anon$$obj.o(Veneer$$Code)
    Long Thumb to Thumb Veneer to FLASH_OB_Unlock 0x08014ca5   Thumb Code    10  anon$$obj.o(Veneer$$Code)
    Long Thumb to Thumb Veneer to FLASH_OB_UserConfig 0x08014caf   Thumb Code    10  anon$$obj.o(Veneer$$Code)
    Long Thumb to Thumb Veneer to FLASH_OB_Launch 0x08014cb9   Thumb Code    10  anon$$obj.o(Veneer$$Code)
    Long Thumb to Thumb Veneer to FLASH_OB_Lock 0x08014cc3   Thumb Code    10  anon$$obj.o(Veneer$$Code)
    Long Thumb to Thumb Veneer to iap_main   0x08014ccd   Thumb Code    10  anon$$obj.o(Veneer$$Code)
    __0vsnprintf                             0x08014cd9   Thumb Code    40  printfa.o(i.__0vsnprintf)
    __1vsnprintf                             0x08014cd9   Thumb Code     0  printfa.o(i.__0vsnprintf)
    __2vsnprintf                             0x08014cd9   Thumb Code     0  printfa.o(i.__0vsnprintf)
    __c89vsnprintf                           0x08014cd9   Thumb Code     0  printfa.o(i.__0vsnprintf)
    vsnprintf                                0x08014cd9   Thumb Code     0  printfa.o(i.__0vsnprintf)
    __scatterload_copy                       0x08014d05   Thumb Code    14  handlers.o(i.__scatterload_copy)
    __scatterload_null                       0x08014d13   Thumb Code     2  handlers.o(i.__scatterload_null)
    __scatterload_zeroinit                   0x08014d15   Thumb Code    14  handlers.o(i.__scatterload_zeroinit)
    AppThreadAttr_Start                      0x080155ec   Data          36  main.o(.constdata)
    AppThreadAttr_Collect                    0x08015610   Data          36  collect.o(.constdata)
    AppThreadAttr_Can1Recv                   0x08015634   Data          36  can.o(.constdata)
    AppThreadAttr_Can2Recv                   0x08015658   Data          36  can.o(.constdata)
    AppThreadAttr_PcDebug                    0x080156c8   Data          36  pcdebug.o(.constdata)
    AppThreadAttr_ModemProcess               0x080156fc   Data          36  momiprotocol.o(.constdata)
    AppThreadAttr_ModemProduce               0x08015720   Data          36  momiprotocol.o(.constdata)
    AppThreadAttr_iCloud                     0x08015744   Data          36  icloud_machine.o(.constdata)
    Region$$Table$$Base                      0x08015b84   Number         0  anon$$obj.o(Region$$Table)
    Region$$Table$$Limit                     0x08015bb4   Number         0  anon$$obj.o(Region$$Table)
    sfud_spi_port_init                       0x2000023f   Thumb Code    60  sfud.o(.text)
    sfud_read_status                         0x2000027b   Thumb Code    30  sfud.o(.text)
    sfud_write_status                        0x20000339   Thumb Code   100  sfud.o(.text)
    sfud_device_init                         0x200004bd   Thumb Code    34  sfud.o(.text)
    sfud_init                                0x200004df   Thumb Code    22  sfud.o(.text)
    sfud_read                                0x20000521   Thumb Code   122  sfud.o(.text)
    sfud_chip_erase                          0x2000059b   Thumb Code   144  sfud.o(.text)
    sfud_erase                               0x2000062b   Thumb Code   270  sfud.o(.text)
    sfud_write                               0x2000095d   Thumb Code    76  sfud.o(.text)
    sfud_erase_write                         0x200009a9   Thumb Code    48  sfud.o(.text)
    flash_FuncGetSectorSize                  0x200009d9   Thumb Code    20  iap.o(.text)
    flash_FuncWriteWord                      0x200009ed   Thumb Code    18  iap.o(.text)
    flash_FuncReadWord                       0x200009ff   Thumb Code    10  iap.o(.text)
    flash_FuncEraseSector                    0x20000a09   Thumb Code    98  iap.o(.text)
    flash_FuncReadApp                        0x20000a6b   Thumb Code    80  iap.o(.text)
    flash_FuncProgramApp                     0x20000abb   Thumb Code   108  iap.o(.text)
    flash_FuncEraseApp                       0x20000b27   Thumb Code    78  iap.o(.text)
    iap_ReadFlashHexFile                     0x20000b75   Thumb Code    30  iap.o(.text)
    iap_main                                 0x20000b93   Thumb Code   284  iap.o(.text)
    FLASH_SetLatency                         0x20000cd1   Thumb Code     6  stm32f2xx_flash.o(.text)
    FLASH_PrefetchBufferCmd                  0x20000cd7   Thumb Code    30  stm32f2xx_flash.o(.text)
    FLASH_InstructionCacheCmd                0x20000cf5   Thumb Code    30  stm32f2xx_flash.o(.text)
    FLASH_DataCacheCmd                       0x20000d13   Thumb Code    30  stm32f2xx_flash.o(.text)
    FLASH_InstructionCacheReset              0x20000d31   Thumb Code    14  stm32f2xx_flash.o(.text)
    FLASH_DataCacheReset                     0x20000d3f   Thumb Code    14  stm32f2xx_flash.o(.text)
    FLASH_Unlock                             0x20000d4d   Thumb Code    26  stm32f2xx_flash.o(.text)
    FLASH_Lock                               0x20000d67   Thumb Code    18  stm32f2xx_flash.o(.text)
    FLASH_GetStatus                          0x20000d79   Thumb Code    74  stm32f2xx_flash.o(.text)
    FLASH_WaitForLastOperation               0x20000dc3   Thumb Code    34  stm32f2xx_flash.o(.text)
    FLASH_EraseSector                        0x20000de5   Thumb Code   140  stm32f2xx_flash.o(.text)
    FLASH_EraseAllSectors                    0x20000e71   Thumb Code   112  stm32f2xx_flash.o(.text)
    FLASH_ProgramDoubleWord                  0x20000ee1   Thumb Code    86  stm32f2xx_flash.o(.text)
    FLASH_ProgramWord                        0x20000f37   Thumb Code    82  stm32f2xx_flash.o(.text)
    FLASH_ProgramHalfWord                    0x20000f89   Thumb Code    82  stm32f2xx_flash.o(.text)
    FLASH_ProgramByte                        0x20000fdb   Thumb Code    78  stm32f2xx_flash.o(.text)
    FLASH_OB_Unlock                          0x20001029   Thumb Code    26  stm32f2xx_flash.o(.text)
    FLASH_OB_Lock                            0x20001043   Thumb Code    18  stm32f2xx_flash.o(.text)
    FLASH_OB_WRPConfig                       0x20001055   Thumb Code    54  stm32f2xx_flash.o(.text)
    FLASH_OB_RDPConfig                       0x2000108b   Thumb Code    24  stm32f2xx_flash.o(.text)
    FLASH_OB_UserConfig                      0x200010a3   Thumb Code    68  stm32f2xx_flash.o(.text)
    FLASH_OB_BORConfig                       0x200010e7   Thumb Code    22  stm32f2xx_flash.o(.text)
    FLASH_OB_Launch                          0x200010fd   Thumb Code    26  stm32f2xx_flash.o(.text)
    FLASH_OB_GetUser                         0x20001117   Thumb Code    10  stm32f2xx_flash.o(.text)
    FLASH_OB_GetWRP                          0x20001121   Thumb Code     8  stm32f2xx_flash.o(.text)
    FLASH_OB_GetRDP                          0x20001129   Thumb Code    20  stm32f2xx_flash.o(.text)
    FLASH_OB_GetBOR                          0x2000113d   Thumb Code    10  stm32f2xx_flash.o(.text)
    FLASH_ITConfig                           0x20001147   Thumb Code    34  stm32f2xx_flash.o(.text)
    FLASH_GetFlagStatus                      0x20001169   Thumb Code    22  stm32f2xx_flash.o(.text)
    FLASH_ClearFlag                          0x2000117f   Thumb Code     8  stm32f2xx_flash.o(.text)
    GPIO_DeInit                              0x2000118d   Thumb Code   220  stm32f2xx_gpio.o(.text)
    GPIO_Init                                0x20001269   Thumb Code   144  stm32f2xx_gpio.o(.text)
    GPIO_StructInit                          0x200012f9   Thumb Code    18  stm32f2xx_gpio.o(.text)
    GPIO_PinLockConfig                       0x2000130b   Thumb Code    34  stm32f2xx_gpio.o(.text)
    GPIO_ReadInputDataBit                    0x2000132d   Thumb Code    18  stm32f2xx_gpio.o(.text)
    GPIO_ReadInputData                       0x2000133f   Thumb Code     8  stm32f2xx_gpio.o(.text)
    GPIO_ReadOutputDataBit                   0x20001347   Thumb Code    18  stm32f2xx_gpio.o(.text)
    GPIO_ReadOutputData                      0x20001359   Thumb Code     8  stm32f2xx_gpio.o(.text)
    GPIO_SetBits                             0x20001361   Thumb Code     4  stm32f2xx_gpio.o(.text)
    GPIO_ResetBits                           0x20001365   Thumb Code     4  stm32f2xx_gpio.o(.text)
    GPIO_WriteBit                            0x20001369   Thumb Code    10  stm32f2xx_gpio.o(.text)
    GPIO_Write                               0x20001373   Thumb Code     4  stm32f2xx_gpio.o(.text)
    GPIO_ToggleBits                          0x20001377   Thumb Code     8  stm32f2xx_gpio.o(.text)
    GPIO_PinAFConfig                         0x2000137f   Thumb Code    70  stm32f2xx_gpio.o(.text)
    SPI_I2S_DeInit                           0x200013e9   Thumb Code    76  stm32f2xx_spi.o(.text)
    SPI_Init                                 0x20001435   Thumb Code    60  stm32f2xx_spi.o(.text)
    I2S_Init                                 0x20001471   Thumb Code   350  stm32f2xx_spi.o(.text)
    SPI_StructInit                           0x200015cf   Thumb Code    24  stm32f2xx_spi.o(.text)
    I2S_StructInit                           0x200015e7   Thumb Code    20  stm32f2xx_spi.o(.text)
    SPI_Cmd                                  0x200015fb   Thumb Code    24  stm32f2xx_spi.o(.text)
    I2S_Cmd                                  0x20001613   Thumb Code    24  stm32f2xx_spi.o(.text)
    SPI_DataSizeConfig                       0x2000162b   Thumb Code    18  stm32f2xx_spi.o(.text)
    SPI_BiDirectionalLineConfig              0x2000163d   Thumb Code    28  stm32f2xx_spi.o(.text)
    SPI_NSSInternalSoftwareConfig            0x20001659   Thumb Code    30  stm32f2xx_spi.o(.text)
    SPI_SSOutputCmd                          0x20001677   Thumb Code    24  stm32f2xx_spi.o(.text)
    SPI_TIModeCmd                            0x2000168f   Thumb Code    24  stm32f2xx_spi.o(.text)
    SPI_I2S_ReceiveData                      0x200016a7   Thumb Code     6  stm32f2xx_spi.o(.text)
    SPI_I2S_SendData                         0x200016ad   Thumb Code     4  stm32f2xx_spi.o(.text)
    SPI_CalculateCRC                         0x200016b1   Thumb Code    24  stm32f2xx_spi.o(.text)
    SPI_TransmitCRC                          0x200016c9   Thumb Code    10  stm32f2xx_spi.o(.text)
    SPI_GetCRC                               0x200016d3   Thumb Code    16  stm32f2xx_spi.o(.text)
    SPI_GetCRCPolynomial                     0x200016e3   Thumb Code     6  stm32f2xx_spi.o(.text)
    SPI_I2S_DMACmd                           0x200016e9   Thumb Code    18  stm32f2xx_spi.o(.text)
    SPI_I2S_ITConfig                         0x200016fb   Thumb Code    32  stm32f2xx_spi.o(.text)
    SPI_I2S_GetFlagStatus                    0x2000171b   Thumb Code    18  stm32f2xx_spi.o(.text)
    SPI_I2S_ClearFlag                        0x2000172d   Thumb Code     6  stm32f2xx_spi.o(.text)
    SPI_I2S_GetITStatus                      0x20001733   Thumb Code    52  stm32f2xx_spi.o(.text)
    SPI_I2S_ClearITPendingBit                0x20001767   Thumb Code    20  stm32f2xx_spi.o(.text)
    Long Thumb to Thumb Veneer to RCC_APB2PeriphClockCmd 0x20001791   Thumb Code    10  anon$$obj.o(Veneer$$Code)
    Long Thumb to Thumb Veneer to RCC_APB1PeriphClockCmd 0x2000179b   Thumb Code    10  anon$$obj.o(Veneer$$Code)
    Long Thumb to Thumb Veneer to osSemaphoreNew 0x200017a5   Thumb Code    10  anon$$obj.o(Veneer$$Code)
    Long Thumb to Thumb Veneer to osSemaphoreAcquire 0x200017af   Thumb Code    10  anon$$obj.o(Veneer$$Code)
    Long Thumb to Thumb Veneer to osSemaphoreRelease 0x200017b9   Thumb Code    10  anon$$obj.o(Veneer$$Code)
    Long Thumb to Thumb Veneer to __aeabi_memcpy 0x200017c3   Thumb Code    10  anon$$obj.o(Veneer$$Code)
    Long Thumb to Thumb Veneer to RCC_AHB1PeriphResetCmd 0x200017cd   Thumb Code    10  anon$$obj.o(Veneer$$Code)
    Long Thumb to Thumb Veneer to RCC_APB2PeriphResetCmd 0x200017d7   Thumb Code    10  anon$$obj.o(Veneer$$Code)
    Long Thumb to Thumb Veneer to RCC_APB1PeriphResetCmd 0x200017e1   Thumb Code    10  anon$$obj.o(Veneer$$Code)
    tid_AppStart                             0x20001804   Data           4  main.o(.data)
    SystemCoreClock                          0x20001808   Data           4  system_stm32f2xx.o(.data)
    AHBPrescTable                            0x2000180c   Data          16  system_stm32f2xx.o(.data)
    ADC_UPDATED_FLAG                         0x2000181c   Data           1  collecthw.o(.data)
    adc_dma_buffers                          0x2000181e   Data           8  collecthw.o(.data)
    tid_Collect                              0x20001828   Data           4  collect.o(.data)
    divide_for_100ms                         0x2000182c   Data           1  collect.o(.data)
    divide_for_5second                       0x2000182d   Data           1  collect.o(.data)
    divide_for_1second                       0x2000182e   Data           1  collect.o(.data)
    divide_for_1minute                       0x2000182f   Data           1  collect.o(.data)
    divide_for_1hour                         0x20001830   Data           1  collect.o(.data)
    timer_flag0                              0x20001831   Data           1  collect.o(.data)
    sid_Can1ReceiveSem                       0x2000184c   Data           4  canhw.o(.data)
    sid_Can2ReceiveSem                       0x20001850   Data           4  canhw.o(.data)
    Can1FilterId1                            0x20001854   Data           4  canhw.o(.data)
    ZxDownCanIdTbl_AC                        0x20001858   Data          64  canhw.o(.data)
    ZxEngineCanIdTbl_AC                      0x20001898   Data         124  canhw.o(.data)
    ZxDownCanIdTbl_AG                        0x20001914   Data         136  canhw.o(.data)
    ZxEngineCanIdTbl_AG                      0x2000199c   Data          76  canhw.o(.data)
    Can2FilterId1                            0x200019e8   Data           8  canhw.o(.data)
    ZxUpCanIdTbl                             0x200019f0   Data         348  canhw.o(.data)
    tid_Can1Recv                             0x20001b4c   Data           4  can.o(.data)
    tid_Can2Recv                             0x20001b50   Data           4  can.o(.data)
    lvc_context                              0x20001b54   Data          19  can.o(.data)
    can_context                              0x20001b68   Data          14  can.o(.data)
    zxinfo_tlv_flag                          0x20001b84   Data           4  tcw.o(.data)
    zxup_tlv_flag1                           0x20001b88   Data           4  tcw.o(.data)
    zxup_tlv_flag2                           0x20001b8c   Data           4  tcw.o(.data)
    zxup_tlv_flag3                           0x20001b90   Data           4  tcw.o(.data)
    zxdown_tlv_flag1                         0x20001b94   Data           4  tcw.o(.data)
    zxdown_tlv_flag2                         0x20001b98   Data           4  tcw.o(.data)
    zxengine_tlv_flag                        0x20001b9c   Data           4  tcw.o(.data)
    zxversion_tlv_flag                       0x20001ba0   Data           4  tcw.o(.data)
    zxstatistics_tlv_flag                    0x20001ba4   Data           4  tcw.o(.data)
    sfud_mx25l3206e                          0x20001ba8   Data          68  sfud.o(.data)
    sid_spi2_semaphore                       0x20001bf8   Data           4  sfud.o(.data)
    sid_Usart1ReceiveSem                     0x20001bfc   Data           4  pcdebughw.o(.data)
    usart1_rx_size                           0x20001c00   Data           2  pcdebughw.o(.data)
    sid_Usart1TransmitSem                    0x20001c04   Data           4  pcdebughw.o(.data)
    tid_PcDebug                              0x20001c08   Data           4  pcdebug.o(.data)
    mid_PcDebugPrintf                        0x20001c0c   Data           4  pcdebug.o(.data)
    length                                   0x20001c12   Data           2  pcdebug.o(.data)
    sid_Usart3ReceiveSem                     0x20001c14   Data           4  momihw.o(.data)
    usart3_rx_size                           0x20001c18   Data           2  momihw.o(.data)
    sid_Usart3TransmitSem                    0x20001c1c   Data           4  momihw.o(.data)
    modem_state                              0x20001c20   Data           1  momiprotocol.o(.data)
    tid_ModemProcess                         0x20001c24   Data           4  momiprotocol.o(.data)
    tid_ModemProduce                         0x20001c28   Data           4  momiprotocol.o(.data)
    m2m_asset_data                           0x20001c38   Data         653  m2mprotocol.o(.data)
    m2m_CmdDealTbl                           0x20001ec8   Data         636  m2mprotocol.o(.data)
    tbox_mode                                0x20002174   Data           1  tbox_machine.o(.data)
    tbox_10msec_timer                        0x20002176   Data           2  tbox_machine.o(.data)
    tbox_started_delay                       0x20002178   Data           1  tbox_machine.o(.data)
    tbox_state_transition                    0x20002179   Data           1  tbox_machine.o(.data)
    tbox_state                               0x2000217a   Data           1  tbox_machine.o(.data)
    tbox_iap_state                           0x2000217b   Data           1  tbox_machine.o(.data)
    tbox_sleep_state                         0x2000217c   Data           1  tbox_machine.o(.data)
    quit_sleep_timer_sp                      0x20002188   Data           4  tbox_machine.o(.data)
    SbusMsg_PcDebug                          0x200021a0   Data          12  icloud_machine.o(.data)
    tid_iCloud                               0x200021ac   Data           4  icloud_machine.o(.data)
    mqid_SysBusMbox                          0x200021b0   Data           4  icloud_machine.o(.data)
    sid_am18x5_semaphore                     0x200021b4   Data           4  am1805.o(.data)
    sid_i2c1_semaphore                       0x200021b8   Data           4  i2c1.o(.data)
    lte_gps_time                             0x200021bc   Data           7  rtc.o(.data)
    pxCurrentTCB                             0x200021f8   Data           4  tasks.o(.data)
    adc_buffers                              0x20002288   Data         280  collecthw.o(.bss)
    adc_result                               0x200023a0   Data          14  collecthw.o(.bss)
    colt_info                                0x200023b0   Data          32  collect.o(.bss)
    obd_info                                 0x200023d0   Data         184  can.o(.bss)
    dtc_1939                                 0x20002488   Data          96  can.o(.bss)
    dtc_27145                                0x200024e8   Data          96  can.o(.bss)
    can_frame_table                          0x20002548   Data        1080  can.o(.bss)
    can1_msg_queue                           0x20002980   Data         324  can.o(.bss)
    can2_msg_queue                           0x20002ac4   Data         324  can.o(.bss)
    zxinfo_buffer                            0x20002c08   Data          25  tcw.o(.bss)
    zxup_buffer                              0x20002c21   Data         408  tcw.o(.bss)
    zxdown_buffer                            0x20002db9   Data         199  tcw.o(.bss)
    zxengine_buffer                          0x20002e80   Data          91  tcw.o(.bss)
    zxstatistics_buffer                      0x20002edb   Data         200  tcw.o(.bss)
    zxversion_buffer                         0x20002fa3   Data          75  tcw.o(.bss)
    usart1_dma_tx_buffer                     0x200030f8   Data        1500  pcdebughw.o(.bss)
    usart1_rx_buffer                         0x200036d8   Data        1500  pcdebughw.o(.bss)
    usart1_dma_rx_buffer                     0x20003cb8   Data        1500  pcdebughw.o(.bss)
    usart3_dma_tx_buffer                     0x20004944   Data        1500  momihw.o(.bss)
    usart3_rx_buffer                         0x20004f20   Data        1500  momihw.o(.bss)
    usart3_dma_rx_buffer                     0x200054fc   Data        1500  momihw.o(.bss)
    moni_msg_buffer                          0x200064b8   Data         256  momiprotocol.o(.bss)
    rfu_data_buffer                          0x200065b8   Data        1024  m2mprotocol.o(.bss)
    m2m_context                              0x200069b8   Data         156  m2mprotocol.o(.bss)
    rfu_context                              0x20006a54   Data         103  m2mprotocol.o(.bss)
    bls_flash_buffer                         0x20006abc   Data        1024  iap.o(.bss)
    public_data_buffer                       0x20006ebc   Data        1460  tbox_machine.o(.bss)
    net_public_data_buffer                   0x20007470   Data        1460  icloud_machine.o(.bss)
    am18x5_time_regs                         0x20007a24   Data          10  am1805.o(.bss)
    st_soft_time                             0x20007a2e   Data          10  rtc.o(.bss)
    led_control                              0x20007a38   Data          36  led.o(.bss)
    __initial_sp                             0x2000f3e0   Data           0  startup_stm32f2xx.o(STACK)



==============================================================================

Memory Map of the image

  Image Entry point : 0x08000185

  Load Region LR_IROM1 (Base: 0x08000000, Size: 0x00017dfc, Max: 0x00040000, ABSOLUTE, COMPRESSED[0x000178ec])

    Execution Region ER_IROM1 (Base: 0x08000000, Size: 0x00015bb4, Max: 0x00040000, ABSOLUTE)

    Base Addr    Size         Type   Attr      Idx    E Section Name        Object

    0x08000000   0x00000184   Data   RO          316    RESET               startup_stm32f2xx.o
    0x08000184   0x00000000   Code   RO         1880  * .ARM.Collect$$$$00000000  mc_w.l(entry.o)
    0x08000184   0x00000004   Code   RO         1925    .ARM.Collect$$$$00000001  mc_w.l(entry2.o)
    0x08000188   0x00000004   Code   RO         1928    .ARM.Collect$$$$00000004  mc_w.l(entry5.o)
    0x0800018c   0x00000000   Code   RO         1930    .ARM.Collect$$$$00000008  mc_w.l(entry7b.o)
    0x0800018c   0x00000000   Code   RO         1932    .ARM.Collect$$$$0000000A  mc_w.l(entry8b.o)
    0x0800018c   0x00000008   Code   RO         1933    .ARM.Collect$$$$0000000B  mc_w.l(entry9a.o)
    0x08000194   0x00000000   Code   RO         1935    .ARM.Collect$$$$0000000D  mc_w.l(entry10a.o)
    0x08000194   0x00000000   Code   RO         1937    .ARM.Collect$$$$0000000F  mc_w.l(entry11a.o)
    0x08000194   0x00000004   Code   RO         1926    .ARM.Collect$$$$00002712  mc_w.l(entry2.o)
    0x08000198   0x00000096   Code   RO         1714    .emb_text           port.o
    0x0800022e   0x00000002   PAD
    0x08000230   0x000000d8   Code   RO            4    .text               hardfaulthandler.o
    0x08000308   0x000002e0   Code   RO          289    .text               main.o
    0x080005e8   0x00000024   Code   RO          317    .text               startup_stm32f2xx.o
    0x0800060c   0x000001dc   Code   RO          324    .text               system_stm32f2xx.o
    0x080007e8   0x00000378   Code   RO          376    .text               collecthw.o
    0x08000b60   0x00000b0c   Code   RO          434    .text               collect.o
    0x0800166c   0x000006f4   Code   RO          474    .text               canhw.o
    0x08001d60   0x00000994   Code   RO          505    .text               can.o
    0x080026f4   0x00005814   Code   RO          537    .text               tcw.o
    0x08007f08   0x00000932   Code   RO          616    .text               parameters.o
    0x0800883a   0x00000002   PAD
    0x0800883c   0x00000344   Code   RO          641    .text               pcdebughw.o
    0x08008b80   0x00000304   Code   RO          672    .text               pcdebug.o
    0x08008e84   0x0000041c   Code   RO          708    .text               momihw.o
    0x080092a0   0x00000da4   Code   RO          739    .text               momiprotocol.o
    0x0800a044   0x00001d8c   Code   RO          775    .text               m2mprotocol.o
    0x0800bdd0   0x00000888   Code   RO          845    .text               tbox_machine.o
    0x0800c658   0x000000a8   Code   RO          885    .text               icloud_machine.o
    0x0800c700   0x0000073c   Code   RO          922    .text               am1805.o
    0x0800ce3c   0x000003f4   Code   RO          960    .text               i2c1.o
    0x0800d230   0x00000450   Code   RO          987    .text               rtc.o
    0x0800d680   0x00000398   Code   RO         1023    .text               led.o
    0x0800da18   0x00000060   Code   RO         1050    .text               crc32.o
    0x0800da78   0x00000464   Code   RO         1088    .text               stm32f2xx_adc.o
    0x0800dedc   0x000009f0   Code   RO         1112    .text               stm32f2xx_can.o
    0x0800e8cc   0x000003a8   Code   RO         1136    .text               stm32f2xx_dma.o
    0x0800ec74   0x0000011c   Code   RO         1160    .text               stm32f2xx_exti.o
    0x0800ed90   0x00000040   Code   RO         1232    .text               stm32f2xx_iwdg.o
    0x0800edd0   0x000000d8   Code   RO         1256    .text               stm32f2xx_pwr.o
    0x0800eea8   0x00000588   Code   RO         1280    .text               stm32f2xx_rcc.o
    0x0800f430   0x0000008c   Code   RO         1330    .text               stm32f2xx_syscfg.o
    0x0800f4bc   0x0000041a   Code   RO         1378    .text               stm32f2xx_usart.o
    0x0800f8d6   0x00000002   PAD
    0x0800f8d8   0x000000e0   Code   RO         1426    .text               misc.o
    0x0800f9b8   0x00000b08   Code   RO         1450    .text               stm32f2xx_rtc.o
    0x080104c0   0x000014f0   Code   RO         1507    .text               cmsis_os2.o
    0x080119b0   0x000000fc   Code   RO         1568    .text               os_systick.o
    0x08011aac   0x0000033c   Code   RO         1618    .text               event_groups.o
    0x08011de8   0x00000094   Code   RO         1660    .text               list.o
    0x08011e7c   0x000001e4   Code   RO         1687    .text               heap_4.o
    0x08012060   0x00000100   Code   RO         1715    .text               port.o
    0x08012160   0x00000aa0   Code   RO         1756    .text               queue.o
    0x08012c00   0x00001460   Code   RO         1810    .text               tasks.o
    0x08014060   0x000005c8   Code   RO         1853    .text               timers.o
    0x08014628   0x00000040   Code   RO         1885    .text               mc_w.l(memmovea.o)
    0x08014668   0x00000024   Code   RO         1887    .text               mc_w.l(memseta.o)
    0x0801468c   0x0000000e   Code   RO         1889    .text               mc_w.l(strlen.o)
    0x0801469a   0x0000001a   Code   RO         1891    .text               mc_w.l(memcmp.o)
    0x080146b4   0x0000002c   Code   RO         1942    .text               mc_w.l(uidiv.o)
    0x080146e0   0x00000062   Code   RO         1944    .text               mc_w.l(uldiv.o)
    0x08014742   0x00000000   Code   RO         1946    .text               mc_w.l(iusefp.o)
    0x08014742   0x0000014e   Code   RO         1947    .text               mf_w.l(dadd.o)
    0x08014890   0x000000e4   Code   RO         1949    .text               mf_w.l(dmul.o)
    0x08014974   0x000000de   Code   RO         1951    .text               mf_w.l(ddiv.o)
    0x08014a52   0x00000030   Code   RO         1953    .text               mf_w.l(dfixul.o)
    0x08014a82   0x00000002   PAD
    0x08014a84   0x00000030   Code   RO         1955    .text               mf_w.l(cdrcmple.o)
    0x08014ab4   0x00000024   Code   RO         1957    .text               mc_w.l(init.o)
    0x08014ad8   0x0000001e   Code   RO         1960    .text               mc_w.l(llshl.o)
    0x08014af6   0x00000020   Code   RO         1962    .text               mc_w.l(llushr.o)
    0x08014b16   0x00000024   Code   RO         1964    .text               mc_w.l(llsshr.o)
    0x08014b3a   0x000000ba   Code   RO         1967    .text               mf_w.l(depilogue.o)
    0x08014bf4   0x00000056   Code   RO         1977    .text               mc_w.l(__dczerorl2.o)
    0x08014c4a   0x00000002   PAD
    0x08014c4c   0x00000012   Code   RO          283    OSKERNEL            hardfaulthandler_1.o
    0x08014c5e   0x0000000a   Ven    RO         1979    Veneer$$Code        anon$$obj.o
    0x08014c68   0x0000000a   Ven    RO         1980    Veneer$$Code        anon$$obj.o
    0x08014c72   0x0000000a   Ven    RO         1981    Veneer$$Code        anon$$obj.o
    0x08014c7c   0x0000000a   Ven    RO         1982    Veneer$$Code        anon$$obj.o
    0x08014c86   0x0000000a   Ven    RO         1983    Veneer$$Code        anon$$obj.o
    0x08014c90   0x0000000a   Ven    RO         1984    Veneer$$Code        anon$$obj.o
    0x08014c9a   0x0000000a   Ven    RO         1985    Veneer$$Code        anon$$obj.o
    0x08014ca4   0x0000000a   Ven    RO         1986    Veneer$$Code        anon$$obj.o
    0x08014cae   0x0000000a   Ven    RO         1987    Veneer$$Code        anon$$obj.o
    0x08014cb8   0x0000000a   Ven    RO         1988    Veneer$$Code        anon$$obj.o
    0x08014cc2   0x0000000a   Ven    RO         1989    Veneer$$Code        anon$$obj.o
    0x08014ccc   0x0000000a   Ven    RO         1990    Veneer$$Code        anon$$obj.o
    0x08014cd6   0x00000002   PAD
    0x08014cd8   0x0000002c   Code   RO         1903    i.__0vsnprintf      mc_w.l(printfa.o)
    0x08014d04   0x0000000e   Code   RO         1971    i.__scatterload_copy  mc_w.l(handlers.o)
    0x08014d12   0x00000002   Code   RO         1972    i.__scatterload_null  mc_w.l(handlers.o)
    0x08014d14   0x0000000e   Code   RO         1973    i.__scatterload_zeroinit  mc_w.l(handlers.o)
    0x08014d22   0x00000002   PAD
    0x08014d24   0x00000184   Code   RO         1905    i._fp_digits        mc_w.l(printfa.o)
    0x08014ea8   0x000006dc   Code   RO         1906    i._printf_core      mc_w.l(printfa.o)
    0x08015584   0x00000024   Code   RO         1907    i._printf_post_padding  mc_w.l(printfa.o)
    0x080155a8   0x0000002e   Code   RO         1908    i._printf_pre_padding  mc_w.l(printfa.o)
    0x080155d6   0x00000016   Code   RO         1909    i._snputc           mc_w.l(printfa.o)
    0x080155ec   0x00000024   Data   RO          290    .constdata          main.o
    0x08015610   0x00000024   Data   RO          436    .constdata          collect.o
    0x08015634   0x00000048   Data   RO          507    .constdata          can.o
    0x0801567c   0x0000004c   Data   RO          617    .constdata          parameters.o
    0x080156c8   0x00000034   Data   RO          674    .constdata          pcdebug.o
    0x080156fc   0x00000048   Data   RO          741    .constdata          momiprotocol.o
    0x08015744   0x00000024   Data   RO          887    .constdata          icloud_machine.o
    0x08015768   0x0000001a   Data   RO          989    .constdata          rtc.o
    0x08015782   0x00000002   PAD
    0x08015784   0x00000400   Data   RO         1051    .constdata          crc32.o
    0x08015b84   0x00000030   Data   RO         1969    Region$$Table       anon$$obj.o


    Execution Region RW_IRAM1 (Base: 0x20000000, Size: 0x0000f3e0, Max: 0x00018000, ABSOLUTE, COMPRESSED[0x00000538])

    Base Addr    Size         Type   Attr      Idx    E Section Name        Object

    0x20000000   0x000009d8   Code   RO          568    .text               sfud.o
    0x200009d8   0x000002f8   Code   RO          807    .text               iap.o
    0x20000cd0   0x000004bc   Code   RO         1184    .text               stm32f2xx_flash.o
    0x2000118c   0x0000025c   Code   RO         1208    .text               stm32f2xx_gpio.o
    0x200013e8   0x000003a8   Code   RO         1306    .text               stm32f2xx_spi.o
    0x20001790   0x0000000a   Ven    RO         1991    Veneer$$Code        anon$$obj.o
    0x2000179a   0x0000000a   Ven    RO         1992    Veneer$$Code        anon$$obj.o
    0x200017a4   0x0000000a   Ven    RO         1993    Veneer$$Code        anon$$obj.o
    0x200017ae   0x0000000a   Ven    RO         1994    Veneer$$Code        anon$$obj.o
    0x200017b8   0x0000000a   Ven    RO         1995    Veneer$$Code        anon$$obj.o
    0x200017c2   0x0000000a   Ven    RO         1996    Veneer$$Code        anon$$obj.o
    0x200017cc   0x0000000a   Ven    RO         1997    Veneer$$Code        anon$$obj.o
    0x200017d6   0x0000000a   Ven    RO         1998    Veneer$$Code        anon$$obj.o
    0x200017e0   0x0000000a   Ven    RO         1999    Veneer$$Code        anon$$obj.o
    0x200017ea   0x00000002   PAD
    0x200017ec   0x00000013   Data   RO          570    .conststring        sfud.o
    0x200017ff   0x00000001   PAD
    0x20001800   0x00000004   Data   RW            6    .data               hardfaulthandler.o
    0x20001804   0x00000004   Data   RW          291    .data               main.o
    0x20001808   0x00000014   Data   RW          325    .data               system_stm32f2xx.o
    0x2000181c   0x0000000a   Data   RW          378    .data               collecthw.o
    0x20001826   0x00000002   PAD
    0x20001828   0x00000021   Data   RW          437    .data               collect.o
    0x20001849   0x00000003   PAD
    0x2000184c   0x00000300   Data   RW          475    .data               canhw.o
    0x20001b4c   0x00000035   Data   RW          508    .data               can.o
    0x20001b81   0x00000003   PAD
    0x20001b84   0x00000024   Data   RW          539    .data               tcw.o
    0x20001ba8   0x00000054   Data   RW          571    .data               sfud.o
    0x20001bfc   0x0000000c   Data   RW          643    .data               pcdebughw.o
    0x20001c08   0x0000000c   Data   RW          675    .data               pcdebug.o
    0x20001c14   0x0000000c   Data   RW          710    .data               momihw.o
    0x20001c20   0x00000016   Data   RW          742    .data               momiprotocol.o
    0x20001c36   0x00000002   PAD
    0x20001c38   0x0000050c   Data   RW          777    .data               m2mprotocol.o
    0x20002144   0x00000030   Data   RW          809    .data               iap.o
    0x20002174   0x0000002a   Data   RW          847    .data               tbox_machine.o
    0x2000219e   0x00000002   PAD
    0x200021a0   0x00000014   Data   RW          888    .data               icloud_machine.o
    0x200021b4   0x00000004   Data   RW          924    .data               am1805.o
    0x200021b8   0x00000004   Data   RW          961    .data               i2c1.o
    0x200021bc   0x00000007   Data   RW          990    .data               rtc.o
    0x200021c3   0x00000010   Data   RW         1281    .data               stm32f2xx_rcc.o
    0x200021d3   0x00000001   PAD
    0x200021d4   0x00000004   Data   RW         1509    .data               cmsis_os2.o
    0x200021d8   0x00000001   Data   RW         1569    .data               os_systick.o
    0x200021d9   0x00000003   PAD
    0x200021dc   0x00000018   Data   RW         1689    .data               heap_4.o
    0x200021f4   0x00000004   Data   RW         1716    .data               port.o
    0x200021f8   0x0000003c   Data   RW         1812    .data               tasks.o
    0x20002234   0x00000014   Data   RW         1855    .data               timers.o
    0x20002248   0x00000040   Zero   RW            5    .bss                hardfaulthandler.o
    0x20002288   0x00000126   Zero   RW          377    .bss                collecthw.o
    0x200023ae   0x00000002   PAD
    0x200023b0   0x00000020   Zero   RW          435    .bss                collect.o
    0x200023d0   0x00000838   Zero   RW          506    .bss                can.o
    0x20002c08   0x000003e6   Zero   RW          538    .bss                tcw.o
    0x20002fee   0x00000105   Zero   RW          569    .bss                sfud.o
    0x200030f3   0x00000005   PAD
    0x200030f8   0x0000119c   Zero   RW          642    .bss                pcdebughw.o
    0x20004294   0x000006b0   Zero   RW          673    .bss                pcdebug.o
    0x20004944   0x00001194   Zero   RW          709    .bss                momihw.o
    0x20005ad8   0x00000ae0   Zero   RW          740    .bss                momiprotocol.o
    0x200065b8   0x00000503   Zero   RW          776    .bss                m2mprotocol.o
    0x20006abb   0x00000001   PAD
    0x20006abc   0x00000400   Zero   RW          808    .bss                iap.o
    0x20006ebc   0x000005b4   Zero   RW          846    .bss                tbox_machine.o
    0x20007470   0x000005b4   Zero   RW          886    .bss                icloud_machine.o
    0x20007a24   0x0000000a   Zero   RW          923    .bss                am1805.o
    0x20007a2e   0x0000000a   Zero   RW          988    .bss                rtc.o
    0x20007a38   0x00000024   Zero   RW         1024    .bss                led.o
    0x20007a5c   0x000003f8   Zero   RW         1508    .bss                cmsis_os2.o
    0x20007e54   0x00005000   Zero   RW         1688    .bss                heap_4.o
    0x2000ce54   0x000004c4   Zero   RW         1811    .bss                tasks.o
    0x2000d318   0x000000c8   Zero   RW         1854    .bss                timers.o
    0x2000d3e0   0x00002000   Zero   RW          314    STACK               startup_stm32f2xx.o


==============================================================================

Image component sizes


      Code (inc. data)   RO Data    RW Data    ZI Data      Debug   Object Name

      1852         26          0          4         10       7649   am1805.o
      2452        152         72         53       2104      10679   can.o
      1780         94          0        768          0       6350   canhw.o
         0          0          0          0          0       5272   clib_arm.o
      5360        102          0          4       1016      78323   cmsis_os2.o
      2828        382         36         33         32      39143   collect.o
       888         32          0         10        294       6761   collecthw.o
        96          4       1024          0          0       1757   crc32.o
       828          6          0          0          0      18009   event_groups.o
       216         22          0          4         64     323548   hardfaulthandler.o
        18          0          0          0          0        216   hardfaulthandler_1.o
       484         24          0         24      20480       3296   heap_4.o
      1012          8          0          4          0       4149   i2c1.o
       760         34          0         48       1024       4866   iap.o
       168         18         36         20       1460       2919   icloud_machine.o
       920         24          0          0         36       2404   led.o
       148          0          0          0          0      10774   list.o
      7564        142          0       1292       1283      39786   m2mprotocol.o
       736         26         36          4          0       2196   main.o
       224         20          0          0          0       1777   misc.o
      1052         50          0         12       4500       3187   momihw.o
      3492        238         72         22       2784      13097   momiprotocol.o
       252         16          0          1          0       2124   os_systick.o
      2354        248         76          0          0       5068   parameters.o
       772         46         52         12       1712       5203   pcdebug.o
       836         42          0         12       4508       2998   pcdebughw.o
       406         30          0          4          0       6712   port.o
      2720         14          0          0          0      19385   queue.o
      1104         70         26          7         10       4006   rtc.o
      2520         56         19         84        261      15405   sfud.o
        36          8        388          0       8192        764   startup_stm32f2xx.o
      1124         24          0          0          0      10450   stm32f2xx_adc.o
      2544         38          0          0          0       7952   stm32f2xx_can.o
       936         32          0          0          0       6297   stm32f2xx_dma.o
       284         10          0          0          0       2227   stm32f2xx_exti.o
      1212         26          0          0          0       6893   stm32f2xx_flash.o
       604         36          0          0          0       3933   stm32f2xx_gpio.o
        64          6          0          0          0       1257   stm32f2xx_iwdg.o
       216         12          0          0          0       2240   stm32f2xx_pwr.o
      1416         48          0         16          0      10895   stm32f2xx_rcc.o
      2824         36          0          0          0      12021   stm32f2xx_rtc.o
       936         22          0          0          0       6332   stm32f2xx_spi.o
       140         12          0          0          0       1499   stm32f2xx_syscfg.o
      1050         26          0          0          0       7664   stm32f2xx_usart.o
       476         42          0         20          0       1635   system_stm32f2xx.o
      5216        306          0         60       1220      41877   tasks.o
      2184        366          0         42       1460       9172   tbox_machine.o
     22548        334          0         36        998      12296   tcw.o
      1480         72          0         20        200      12986   timers.o

    ----------------------------------------------------------------------
     89352       3382       1888       2632      53656     805449   Object Totals
       210          0         48          0          0          0   (incl. Generated)
        10          0          3         16          8          0   (incl. Padding)

    ----------------------------------------------------------------------

      Code (inc. data)   RO Data    RW Data    ZI Data      Debug   Library Member Name

        86          0          0          0          0          0   __dczerorl2.o
         0          0          0          0          0          0   entry.o
         0          0          0          0          0          0   entry10a.o
         0          0          0          0          0          0   entry11a.o
         8          4          0          0          0          0   entry2.o
         4          0          0          0          0          0   entry5.o
         0          0          0          0          0          0   entry7b.o
         0          0          0          0          0          0   entry8b.o
         8          4          0          0          0          0   entry9a.o
        30          0          0          0          0          0   handlers.o
        36          8          0          0          0         68   init.o
         0          0          0          0          0          0   iusefp.o
        30          0          0          0          0         68   llshl.o
        36          0          0          0          0         68   llsshr.o
        32          0          0          0          0         68   llushr.o
        26          0          0          0          0         80   memcmp.o
        64          0          0          0          0         76   memmovea.o
        36          0          0          0          0        108   memseta.o
      2292         84          0          0          0        516   printfa.o
        14          0          0          0          0         68   strlen.o
        44          0          0          0          0         80   uidiv.o
        98          0          0          0          0         92   uldiv.o
        48          0          0          0          0         68   cdrcmple.o
       334          0          0          0          0        148   dadd.o
       222          0          0          0          0        100   ddiv.o
       186          0          0          0          0        176   depilogue.o
        48          0          0          0          0         68   dfixul.o
       228          0          0          0          0         96   dmul.o

    ----------------------------------------------------------------------
      3916        100          0          0          0       1948   Library Totals
         6          0          0          0          0          0   (incl. Padding)

    ----------------------------------------------------------------------

      Code (inc. data)   RO Data    RW Data    ZI Data      Debug   Library Name

      2844        100          0          0          0       1292   mc_w.l
      1066          0          0          0          0        656   mf_w.l

    ----------------------------------------------------------------------
      3916        100          0          0          0       1948   Library Totals

    ----------------------------------------------------------------------

==============================================================================


      Code (inc. data)   RO Data    RW Data    ZI Data      Debug   

     93268       3482       1888       2632      53656     800661   Grand Totals
     93268       3482       1888       1336      53656     800661   ELF Image Totals (compressed)
     93268       3482       1888       1336          0          0   ROM Totals

==============================================================================

    Total RO  Size (Code + RO Data)                95156 (  92.93kB)
    Total RW  Size (RW Data + ZI Data)             56288 (  54.97kB)
    Total ROM Size (Code + RO Data + RW Data)      96492 (  94.23kB)

==============================================================================

