Component: ARM Compiler 5.06 update 4 (build 422) Tool: armlink [4d35d2]

==============================================================================

Section Cross References

    hardfaulthandler.o(.text) refers to hardfaulthandler.o(.bss) for HardFaultRegs
    hardfaulthandler.o(.text) refers to hardfaulthandler.o(.data) for _Continue
    hardfaulthandler_1.o(OSKERNEL) refers to hardfaulthandler.o(.text) for HardFaultHandler
    main.o(.text) refers to cmsis_os2.o(.text) for osDelay
    main.o(.text) refers to pcdebug.o(.text) for PcDebug_ServiceInit
    main.o(.text) refers to rtc.o(.text) for rtc_Initialize
    main.o(.text) refers to sfud.o(.text) for sfud_init
    main.o(.text) refers to can.o(.text) for Can_ServiceInit
    main.o(.text) refers to icloud_machine.o(.text) for iCloud_ServiceInit
    main.o(.text) refers to momiprotocol.o(.text) for Momi_ServiceInit
    main.o(.text) refers to collect.o(.text) for Collect_ServiceInit
    main.o(.text) refers to tbox_machine.o(.text) for tbox_initialize
    main.o(.text) refers to auxcom.o(.text) for AuxCom_ServiceInit
    main.o(.text) refers to stm32f2xx_iwdg.o(.text) for IWDG_WriteAccessCmd
    main.o(.text) refers to stm32f2xx_rcc.o(.text) for RCC_AHB1PeriphClockCmd
    main.o(.text) refers to stm32f2xx_gpio.o(.text) for GPIO_Init
    main.o(.text) refers to misc.o(.text) for NVIC_PriorityGroupConfig
    main.o(.text) refers to stm32f2xx_pwr.o(.text) for PWR_BackupAccessCmd
    main.o(.text) refers to system_stm32f2xx.o(.text) for SystemCoreClockUpdate
    main.o(.text) refers to main.o(.constdata) for AppThreadAttr_Start
    main.o(.text) refers to main.o(.data) for tid_AppStart
    startup_stm32f2xx.o(RESET) refers to startup_stm32f2xx.o(STACK) for __initial_sp
    startup_stm32f2xx.o(RESET) refers to startup_stm32f2xx.o(.text) for Reset_Handler
    startup_stm32f2xx.o(RESET) refers to hardfaulthandler_1.o(OSKERNEL) for HardFault_Handler
    startup_stm32f2xx.o(RESET) refers to port.o(.emb_text) for SVC_Handler
    startup_stm32f2xx.o(RESET) refers to cmsis_os2.o(.text) for SysTick_Handler
    startup_stm32f2xx.o(RESET) refers to collecthw.o(.text) for EXTI0_IRQHandler
    startup_stm32f2xx.o(RESET) refers to momihw.o(.text) for DMA1_Stream3_IRQHandler
    startup_stm32f2xx.o(RESET) refers to canhw.o(.text) for CAN1_RX0_IRQHandler
    startup_stm32f2xx.o(RESET) refers to pcdebughw.o(.text) for USART1_IRQHandler
    startup_stm32f2xx.o(RESET) refers to auxcomhw.o(.text) for DMA2_Stream6_IRQHandler
    startup_stm32f2xx.o(.text) refers to system_stm32f2xx.o(.text) for SystemInit
    startup_stm32f2xx.o(.text) refers to entry.o(.ARM.Collect$$$$00000000) for __main
    system_stm32f2xx.o(.text) refers to system_stm32f2xx.o(.data) for SystemCoreClock
    collecthw.o(.text) refers to stm32f2xx_rcc.o(.text) for RCC_AHB1PeriphClockCmd
    collecthw.o(.text) refers to stm32f2xx_dma.o(.text) for DMA_DeInit
    collecthw.o(.text) refers to stm32f2xx_gpio.o(.text) for GPIO_Init
    collecthw.o(.text) refers to stm32f2xx_adc.o(.text) for ADC_CommonInit
    collecthw.o(.text) refers to stm32f2xx_syscfg.o(.text) for SYSCFG_EXTILineConfig
    collecthw.o(.text) refers to stm32f2xx_exti.o(.text) for EXTI_Init
    collecthw.o(.text) refers to misc.o(.text) for NVIC_Init
    collecthw.o(.text) refers to tbox_machine.o(.text) for Tbox_ResetSleepTime
    collecthw.o(.text) refers to collecthw.o(.bss) for adc_buffers
    collecthw.o(.text) refers to collecthw.o(.data) for adc_dma_buffers
    collect.o(.text) refers to pcdebug.o(.text) for PcDebug_SendString
    collect.o(.text) refers to can.o(.text) for CAN_GetRecvState
    collect.o(.text) refers to collecthw.o(.bss) for adc_buffers
    collect.o(.text) refers to collect.o(.bss) for colt_info
    collect.o(.text) refers to collect.o(.data) for battery_high_debounce_cnt
    collect.o(.text) refers to tbox_machine.o(.data) for tbox_state
    collect.o(.text) refers to led.o(.bss) for led_control
    collect.o(.text) refers to stm32f2xx_flash.o(.text) for FLASH_OB_GetUser
    collect.o(.text) refers to parameters.o(.text) for BKP_SaveTotalWorkTimeInfo
    collect.o(.text) refers to stm32f2xx_rtc.o(.text) for RTC_ReadBackupRegister
    collect.o(.text) refers to cmsis_os2.o(.text) for osDelay
    collect.o(.text) refers to am1805.o(.text) for am18x5_PswControl
    collect.o(.text) refers to rtc.o(.text) for RTC_CorrectTime
    collect.o(.text) refers to collecthw.o(.text) for adc_push_dma_sample
    collect.o(.text) refers to rtc.o(.data) for lte_gps_time
    collect.o(.text) refers to led.o(.text) for led_state_machine
    collect.o(.text) refers to collect.o(.constdata) for AppThreadAttr_Collect
    canhw.o(.text) refers to stm32f2xx_rcc.o(.text) for RCC_AHB1PeriphClockCmd
    canhw.o(.text) refers to stm32f2xx_gpio.o(.text) for GPIO_Init
    canhw.o(.text) refers to can.o(.text) for can_msg_queue_reset
    canhw.o(.text) refers to cmsis_os2.o(.text) for osSemaphoreNew
[...]
    ADC_AnalogWatchdogSingleChannelConfig    0x0800e147   Thumb Code    16  stm32f2xx_adc.o(.text)
    ADC_TempSensorVrefintCmd                 0x0800e157   Thumb Code    34  stm32f2xx_adc.o(.text)
    ADC_VBATCmd                              0x0800e179   Thumb Code    34  stm32f2xx_adc.o(.text)
    ADC_RegularChannelConfig                 0x0800e19b   Thumb Code   184  stm32f2xx_adc.o(.text)
    ADC_SoftwareStartConv                    0x0800e253   Thumb Code    10  stm32f2xx_adc.o(.text)
    ADC_GetSoftwareStartConvStatus           0x0800e25d   Thumb Code    20  stm32f2xx_adc.o(.text)
    ADC_EOCOnEachRegularChannelCmd           0x0800e271   Thumb Code    22  stm32f2xx_adc.o(.text)
    ADC_ContinuousModeCmd                    0x0800e287   Thumb Code    22  stm32f2xx_adc.o(.text)
    ADC_DiscModeChannelCountConfig           0x0800e29d   Thumb Code    24  stm32f2xx_adc.o(.text)
    ADC_DiscModeCmd                          0x0800e2b5   Thumb Code    22  stm32f2xx_adc.o(.text)
    ADC_GetConversionValue                   0x0800e2cb   Thumb Code     8  stm32f2xx_adc.o(.text)
    ADC_GetMultiModeConversionValue          0x0800e2d3   Thumb Code     8  stm32f2xx_adc.o(.text)
    ADC_DMACmd                               0x0800e2db   Thumb Code    22  stm32f2xx_adc.o(.text)
    ADC_DMARequestAfterLastTransferCmd       0x0800e2f1   Thumb Code    22  stm32f2xx_adc.o(.text)
    ADC_MultiModeDMARequestAfterLastTransferCmd 0x0800e307   Thumb Code    34  stm32f2xx_adc.o(.text)
    ADC_InjectedChannelConfig                0x0800e329   Thumb Code   130  stm32f2xx_adc.o(.text)
    ADC_InjectedSequencerLengthConfig        0x0800e3ab   Thumb Code    24  stm32f2xx_adc.o(.text)
    ADC_SetInjectedOffset                    0x0800e3c3   Thumb Code    20  stm32f2xx_adc.o(.text)
    ADC_ExternalTrigInjectedConvConfig       0x0800e3d7   Thumb Code    16  stm32f2xx_adc.o(.text)
    ADC_ExternalTrigInjectedConvEdgeConfig   0x0800e3e7   Thumb Code    16  stm32f2xx_adc.o(.text)
    ADC_SoftwareStartInjectedConv            0x0800e3f7   Thumb Code    10  stm32f2xx_adc.o(.text)
    ADC_GetSoftwareStartInjectedConvCmdStatus 0x0800e401   Thumb Code    20  stm32f2xx_adc.o(.text)
    ADC_AutoInjectedConvCmd                  0x0800e415   Thumb Code    22  stm32f2xx_adc.o(.text)
    ADC_InjectedDiscModeCmd                  0x0800e42b   Thumb Code    22  stm32f2xx_adc.o(.text)
    ADC_GetInjectedConversionValue           0x0800e441   Thumb Code    28  stm32f2xx_adc.o(.text)
    ADC_ITConfig                             0x0800e45d   Thumb Code    56  stm32f2xx_adc.o(.text)
    ADC_GetFlagStatus                        0x0800e495   Thumb Code    18  stm32f2xx_adc.o(.text)
    ADC_ClearFlag                            0x0800e4a7   Thumb Code     6  stm32f2xx_adc.o(.text)
    ADC_GetITStatus                          0x0800e4ad   Thumb Code    38  stm32f2xx_adc.o(.text)
    ADC_ClearITPendingBit                    0x0800e4d3   Thumb Code    10  stm32f2xx_adc.o(.text)
    CAN_DeInit                               0x0800e4dd   Thumb Code    50  stm32f2xx_can.o(.text)
    CAN_Init                                 0x0800e50f   Thumb Code   276  stm32f2xx_can.o(.text)
    CAN_FilterInit                           0x0800e623   Thumb Code   258  stm32f2xx_can.o(.text)
    CAN_StructInit                           0x0800e725   Thumb Code    32  stm32f2xx_can.o(.text)
    CAN_SlaveStartBank                       0x0800e745   Thumb Code    48  stm32f2xx_can.o(.text)
    CAN_DBGFreeze                            0x0800e775   Thumb Code    22  stm32f2xx_can.o(.text)
    CAN_TTComModeCmd                         0x0800e78b   Thumb Code   118  stm32f2xx_can.o(.text)
    CAN_Transmit                             0x0800e801   Thumb Code   304  stm32f2xx_can.o(.text)
    CAN_TransmitStatus                       0x0800e931   Thumb Code   138  stm32f2xx_can.o(.text)
    CAN_CancelTransmit                       0x0800e9bb   Thumb Code    48  stm32f2xx_can.o(.text)
    CAN_Receive                              0x0800e9eb   Thumb Code   240  stm32f2xx_can.o(.text)
    CAN_FIFORelease                          0x0800eadb   Thumb Code    22  stm32f2xx_can.o(.text)
    CAN_MessagePending                       0x0800eaf1   Thumb Code    30  stm32f2xx_can.o(.text)
    CAN_OperatingModeRequest                 0x0800eb0f   Thumb Code   162  stm32f2xx_can.o(.text)
    CAN_Sleep                                0x0800ebb1   Thumb Code    30  stm32f2xx_can.o(.text)
    CAN_WakeUp                               0x0800ebcf   Thumb Code    48  stm32f2xx_can.o(.text)
    CAN_GetLastErrorCode                     0x0800ebff   Thumb Code    12  stm32f2xx_can.o(.text)
    CAN_GetReceiveErrorCounter               0x0800ec0b   Thumb Code    10  stm32f2xx_can.o(.text)
    CAN_GetLSBTransmitErrorCounter           0x0800ec15   Thumb Code    12  stm32f2xx_can.o(.text)
    CAN_ITConfig                             0x0800ec21   Thumb Code    18  stm32f2xx_can.o(.text)
    CAN_GetFlagStatus                        0x0800ec33   Thumb Code   120  stm32f2xx_can.o(.text)
    CAN_ClearFlag                            0x0800ecab   Thumb Code    52  stm32f2xx_can.o(.text)
    CAN_GetITStatus                          0x0800ecf1   Thumb Code   310  stm32f2xx_can.o(.text)
    CAN_ClearITPendingBit                    0x0800ee27   Thumb Code   162  stm32f2xx_can.o(.text)
    DMA_DeInit                               0x0800eecd   Thumb Code   324  stm32f2xx_dma.o(.text)
    DMA_Init                                 0x0800f011   Thumb Code    82  stm32f2xx_dma.o(.text)
    DMA_StructInit                           0x0800f063   Thumb Code    34  stm32f2xx_dma.o(.text)
    DMA_Cmd                                  0x0800f085   Thumb Code    22  stm32f2xx_dma.o(.text)
    DMA_PeriphIncOffsetSizeConfig            0x0800f09b   Thumb Code    22  stm32f2xx_dma.o(.text)
    DMA_FlowControllerConfig                 0x0800f0b1   Thumb Code    22  stm32f2xx_dma.o(.text)
    DMA_SetCurrDataCounter                   0x0800f0c7   Thumb Code     4  stm32f2xx_dma.o(.text)
    DMA_GetCurrDataCounter                   0x0800f0cb   Thumb Code     8  stm32f2xx_dma.o(.text)
    DMA_DoubleBufferModeConfig               0x0800f0d3   Thumb Code    24  stm32f2xx_dma.o(.text)
    DMA_DoubleBufferModeCmd                  0x0800f0eb   Thumb Code    22  stm32f2xx_dma.o(.text)
    DMA_MemoryTargetConfig                   0x0800f101   Thumb Code    10  stm32f2xx_dma.o(.text)
    DMA_GetCurrentMemoryTarget               0x0800f10b   Thumb Code    20  stm32f2xx_dma.o(.text)
    DMA_GetCmdStatus                         0x0800f11f   Thumb Code    20  stm32f2xx_dma.o(.text)
    DMA_GetFIFOStatus                        0x0800f133   Thumb Code    12  stm32f2xx_dma.o(.text)
    DMA_GetFlagStatus                        0x0800f13f   Thumb Code    56  stm32f2xx_dma.o(.text)
    DMA_ClearFlag                            0x0800f177   Thumb Code    40  stm32f2xx_dma.o(.text)
    DMA_ITConfig                             0x0800f19f   Thumb Code    58  stm32f2xx_dma.o(.text)
    DMA_GetITStatus                          0x0800f1d9   Thumb Code    84  stm32f2xx_dma.o(.text)
    DMA_ClearITPendingBit                    0x0800f22d   Thumb Code    40  stm32f2xx_dma.o(.text)
    EXTI_DeInit                              0x0800f275   Thumb Code    28  stm32f2xx_exti.o(.text)
    EXTI_Init                                0x0800f291   Thumb Code   142  stm32f2xx_exti.o(.text)
    EXTI_StructInit                          0x0800f31f   Thumb Code    16  stm32f2xx_exti.o(.text)
    EXTI_GenerateSWInterrupt                 0x0800f32f   Thumb Code    16  stm32f2xx_exti.o(.text)
    EXTI_GetFlagStatus                       0x0800f33f   Thumb Code    22  stm32f2xx_exti.o(.text)
    EXTI_ClearFlag                           0x0800f355   Thumb Code     8  stm32f2xx_exti.o(.text)
    EXTI_GetITStatus                         0x0800f35d   Thumb Code    34  stm32f2xx_exti.o(.text)
    EXTI_ClearITPendingBit                   0x0800f37f   Thumb Code     8  stm32f2xx_exti.o(.text)
    IWDG_WriteAccessCmd                      0x0800f391   Thumb Code     6  stm32f2xx_iwdg.o(.text)
    IWDG_SetPrescaler                        0x0800f397   Thumb Code     6  stm32f2xx_iwdg.o(.text)
    IWDG_SetReload                           0x0800f39d   Thumb Code     6  stm32f2xx_iwdg.o(.text)
    IWDG_ReloadCounter                       0x0800f3a3   Thumb Code    10  stm32f2xx_iwdg.o(.text)
    IWDG_Enable                              0x0800f3ad   Thumb Code    10  stm32f2xx_iwdg.o(.text)
    IWDG_GetFlagStatus                       0x0800f3b7   Thumb Code    20  stm32f2xx_iwdg.o(.text)
    PWR_DeInit                               0x0800f3d1   Thumb Code    22  stm32f2xx_pwr.o(.text)
    PWR_BackupAccessCmd                      0x0800f3e7   Thumb Code     6  stm32f2xx_pwr.o(.text)
    PWR_PVDLevelConfig                       0x0800f3ed   Thumb Code    18  stm32f2xx_pwr.o(.text)
    PWR_PVDCmd                               0x0800f3ff   Thumb Code     6  stm32f2xx_pwr.o(.text)
    PWR_WakeUpPinCmd                         0x0800f405   Thumb Code     8  stm32f2xx_pwr.o(.text)
    PWR_BackupRegulatorCmd                   0x0800f40d   Thumb Code     8  stm32f2xx_pwr.o(.text)
    PWR_FlashPowerDownCmd                    0x0800f415   Thumb Code     6  stm32f2xx_pwr.o(.text)
    PWR_EnterSTOPMode                        0x0800f41b   Thumb Code    54  stm32f2xx_pwr.o(.text)
    PWR_EnterSTANDBYMode                     0x0800f451   Thumb Code    42  stm32f2xx_pwr.o(.text)
    PWR_GetFlagStatus                        0x0800f47b   Thumb Code    20  stm32f2xx_pwr.o(.text)
    PWR_ClearFlag                            0x0800f48f   Thumb Code    14  stm32f2xx_pwr.o(.text)
    RCC_DeInit                               0x0800f4a9   Thumb Code    60  stm32f2xx_rcc.o(.text)
    RCC_HSEConfig                            0x0800f4e5   Thumb Code    14  stm32f2xx_rcc.o(.text)
    RCC_GetFlagStatus                        0x0800f4f3   Thumb Code    60  stm32f2xx_rcc.o(.text)
    RCC_WaitForHSEStartUp                    0x0800f52f   Thumb Code    56  stm32f2xx_rcc.o(.text)
    RCC_AdjustHSICalibrationValue            0x0800f567   Thumb Code    20  stm32f2xx_rcc.o(.text)
    RCC_HSICmd                               0x0800f57b   Thumb Code     6  stm32f2xx_rcc.o(.text)
    RCC_LSEConfig                            0x0800f581   Thumb Code    46  stm32f2xx_rcc.o(.text)
    RCC_LSICmd                               0x0800f5af   Thumb Code     6  stm32f2xx_rcc.o(.text)
    RCC_PLLConfig                            0x0800f5b5   Thumb Code    32  stm32f2xx_rcc.o(.text)
    RCC_PLLCmd                               0x0800f5d5   Thumb Code     6  stm32f2xx_rcc.o(.text)
    RCC_PLLI2SConfig                         0x0800f5db   Thumb Code    14  stm32f2xx_rcc.o(.text)
    RCC_PLLI2SCmd                            0x0800f5e9   Thumb Code     6  stm32f2xx_rcc.o(.text)
    RCC_ClockSecuritySystemCmd               0x0800f5ef   Thumb Code     6  stm32f2xx_rcc.o(.text)
    RCC_MCO1Config                           0x0800f5f5   Thumb Code    28  stm32f2xx_rcc.o(.text)
    RCC_MCO2Config                           0x0800f611   Thumb Code    28  stm32f2xx_rcc.o(.text)
    RCC_SYSCLKConfig                         0x0800f62d   Thumb Code    20  stm32f2xx_rcc.o(.text)
    RCC_GetSYSCLKSource                      0x0800f641   Thumb Code    12  stm32f2xx_rcc.o(.text)
    RCC_HCLKConfig                           0x0800f64d   Thumb Code    20  stm32f2xx_rcc.o(.text)
    RCC_PCLK1Config                          0x0800f661   Thumb Code    20  stm32f2xx_rcc.o(.text)
    RCC_PCLK2Config                          0x0800f675   Thumb Code    22  stm32f2xx_rcc.o(.text)
    RCC_GetClocksFreq                        0x0800f68b   Thumb Code   222  stm32f2xx_rcc.o(.text)
    RCC_RTCCLKConfig                         0x0800f769   Thumb Code    54  stm32f2xx_rcc.o(.text)
    RCC_RTCCLKCmd                            0x0800f79f   Thumb Code     8  stm32f2xx_rcc.o(.text)
    RCC_BackupResetCmd                       0x0800f7a7   Thumb Code     8  stm32f2xx_rcc.o(.text)
    RCC_I2SCLKConfig                         0x0800f7af   Thumb Code     6  stm32f2xx_rcc.o(.text)
    RCC_AHB1PeriphClockCmd                   0x0800f7b5   Thumb Code    34  stm32f2xx_rcc.o(.text)
    RCC_AHB2PeriphClockCmd                   0x0800f7d7   Thumb Code    34  stm32f2xx_rcc.o(.text)
    RCC_AHB3PeriphClockCmd                   0x0800f7f9   Thumb Code    34  stm32f2xx_rcc.o(.text)
    RCC_APB1PeriphClockCmd                   0x0800f81b   Thumb Code    34  stm32f2xx_rcc.o(.text)
    RCC_APB2PeriphClockCmd                   0x0800f83d   Thumb Code    34  stm32f2xx_rcc.o(.text)
    RCC_AHB1PeriphResetCmd                   0x0800f85f   Thumb Code    34  stm32f2xx_rcc.o(.text)
    RCC_AHB2PeriphResetCmd                   0x0800f881   Thumb Code    72  stm32f2xx_rcc.o(.text)
    RCC_AHB3PeriphResetCmd                   0x0800f8c9   Thumb Code    34  stm32f2xx_rcc.o(.text)
    RCC_APB1PeriphResetCmd                   0x0800f8eb   Thumb Code    34  stm32f2xx_rcc.o(.text)
    RCC_APB2PeriphResetCmd                   0x0800f90d   Thumb Code    34  stm32f2xx_rcc.o(.text)
    RCC_AHB1PeriphClockLPModeCmd             0x0800f92f   Thumb Code    34  stm32f2xx_rcc.o(.text)
    RCC_AHB2PeriphClockLPModeCmd             0x0800f951   Thumb Code    34  stm32f2xx_rcc.o(.text)
    RCC_AHB3PeriphClockLPModeCmd             0x0800f973   Thumb Code    34  stm32f2xx_rcc.o(.text)
    RCC_APB1PeriphClockLPModeCmd             0x0800f995   Thumb Code    34  stm32f2xx_rcc.o(.text)
    RCC_APB2PeriphClockLPModeCmd             0x0800f9b7   Thumb Code    34  stm32f2xx_rcc.o(.text)
    RCC_ITConfig                             0x0800f9d9   Thumb Code    34  stm32f2xx_rcc.o(.text)
    RCC_ClearFlag                            0x0800f9fb   Thumb Code    18  stm32f2xx_rcc.o(.text)
    RCC_GetITStatus                          0x0800fa0d   Thumb Code    22  stm32f2xx_rcc.o(.text)
    RCC_ClearITPendingBit                    0x0800fa23   Thumb Code     8  stm32f2xx_rcc.o(.text)
    SYSCFG_DeInit                            0x0800fa31   Thumb Code    22  stm32f2xx_syscfg.o(.text)
    SYSCFG_MemoryRemapConfig                 0x0800fa47   Thumb Code     6  stm32f2xx_syscfg.o(.text)
    SYSCFG_EXTILineConfig                    0x0800fa4d   Thumb Code    66  stm32f2xx_syscfg.o(.text)
    SYSCFG_ETH_MediaInterfaceConfig          0x0800fa8f   Thumb Code     6  stm32f2xx_syscfg.o(.text)
    SYSCFG_CompensationCellCmd               0x0800fa95   Thumb Code     6  stm32f2xx_syscfg.o(.text)
    SYSCFG_GetCompensationCellStatus         0x0800fa9b   Thumb Code    22  stm32f2xx_syscfg.o(.text)
    USART_DeInit                             0x0800fabd   Thumb Code   156  stm32f2xx_usart.o(.text)
    USART_Init                               0x0800fb59   Thumb Code   204  stm32f2xx_usart.o(.text)
    USART_StructInit                         0x0800fc25   Thumb Code    24  stm32f2xx_usart.o(.text)
    USART_ClockInit                          0x0800fc3d   Thumb Code    32  stm32f2xx_usart.o(.text)
    USART_ClockStructInit                    0x0800fc5d   Thumb Code    12  stm32f2xx_usart.o(.text)
    USART_Cmd                                0x0800fc69   Thumb Code    24  stm32f2xx_usart.o(.text)
    USART_SetPrescaler                       0x0800fc81   Thumb Code    16  stm32f2xx_usart.o(.text)
    USART_OverSampling8Cmd                   0x0800fc91   Thumb Code    22  stm32f2xx_usart.o(.text)
    USART_OneBitMethodCmd                    0x0800fca7   Thumb Code    24  stm32f2xx_usart.o(.text)
    USART_SendData                           0x0800fcbf   Thumb Code     8  stm32f2xx_usart.o(.text)
    USART_ReceiveData                        0x0800fcc7   Thumb Code    10  stm32f2xx_usart.o(.text)
    USART_SetAddress                         0x0800fcd1   Thumb Code    18  stm32f2xx_usart.o(.text)
    USART_ReceiverWakeUpCmd                  0x0800fce3   Thumb Code    24  stm32f2xx_usart.o(.text)
    USART_WakeUpConfig                       0x0800fcfb   Thumb Code    18  stm32f2xx_usart.o(.text)
    USART_LINBreakDetectLengthConfig         0x0800fd0d   Thumb Code    18  stm32f2xx_usart.o(.text)
    USART_LINCmd                             0x0800fd1f   Thumb Code    24  stm32f2xx_usart.o(.text)
    USART_SendBreak                          0x0800fd37   Thumb Code    10  stm32f2xx_usart.o(.text)
    USART_HalfDuplexCmd                      0x0800fd41   Thumb Code    24  stm32f2xx_usart.o(.text)
    USART_SetGuardTime                       0x0800fd59   Thumb Code    16  stm32f2xx_usart.o(.text)
    USART_SmartCardCmd                       0x0800fd69   Thumb Code    24  stm32f2xx_usart.o(.text)
    USART_SmartCardNACKCmd                   0x0800fd81   Thumb Code    24  stm32f2xx_usart.o(.text)
    USART_IrDAConfig                         0x0800fd99   Thumb Code    18  stm32f2xx_usart.o(.text)
    USART_IrDACmd                            0x0800fdab   Thumb Code    24  stm32f2xx_usart.o(.text)
    USART_DMACmd                             0x0800fdc3   Thumb Code    18  stm32f2xx_usart.o(.text)
    USART_ITConfig                           0x0800fdd5   Thumb Code    74  stm32f2xx_usart.o(.text)
    USART_GetFlagStatus                      0x0800fe1f   Thumb Code    26  stm32f2xx_usart.o(.text)
    USART_ClearFlag                          0x0800fe39   Thumb Code    18  stm32f2xx_usart.o(.text)
    USART_GetITStatus                        0x0800fe4b   Thumb Code   110  stm32f2xx_usart.o(.text)
    USART_ClearITPendingBit                  0x0800feb9   Thumb Code    30  stm32f2xx_usart.o(.text)
    NVIC_PriorityGroupConfig                 0x0800fed9   Thumb Code    10  misc.o(.text)
    NVIC_Init                                0x0800fee3   Thumb Code   106  misc.o(.text)
    NVIC_SetVectorTable                      0x0800ff4d   Thumb Code    14  misc.o(.text)
    NVIC_SystemLPConfig                      0x0800ff5b   Thumb Code    34  misc.o(.text)
    SysTick_CLKSourceConfig                  0x0800ff7d   Thumb Code    40  misc.o(.text)
    RTC_WaitForSynchro                       0x0800ffb9   Thumb Code    92  stm32f2xx_rtc.o(.text)
    RTC_EnterInitMode                        0x08010015   Thumb Code    84  stm32f2xx_rtc.o(.text)
    RTC_DeInit                               0x08010069   Thumb Code   182  stm32f2xx_rtc.o(.text)
    RTC_ExitInitMode                         0x0801011f   Thumb Code    18  stm32f2xx_rtc.o(.text)
    RTC_Init                                 0x08010131   Thumb Code    94  stm32f2xx_rtc.o(.text)
    RTC_StructInit                           0x0801018f   Thumb Code    14  stm32f2xx_rtc.o(.text)
    RTC_WriteProtectionCmd                   0x0801019d   Thumb Code    22  stm32f2xx_rtc.o(.text)
    RTC_RefClockCmd                          0x080101b3   Thumb Code    76  stm32f2xx_rtc.o(.text)
    RTC_SetTime                              0x08010231   Thumb Code   184  stm32f2xx_rtc.o(.text)
    RTC_TimeStructInit                       0x080102e9   Thumb Code    12  stm32f2xx_rtc.o(.text)
    RTC_GetTime                              0x080102f5   Thumb Code    74  stm32f2xx_rtc.o(.text)
    RTC_SetDate                              0x0801033f   Thumb Code   190  stm32f2xx_rtc.o(.text)
    RTC_DateStructInit                       0x080103fd   Thumb Code    14  stm32f2xx_rtc.o(.text)
    RTC_GetDate                              0x0801040b   Thumb Code    68  stm32f2xx_rtc.o(.text)
    RTC_SetAlarm                             0x0801044f   Thumb Code   234  stm32f2xx_rtc.o(.text)
    RTC_AlarmStructInit                      0x08010539   Thumb Code    22  stm32f2xx_rtc.o(.text)
    RTC_GetAlarm                             0x0801054f   Thumb Code   114  stm32f2xx_rtc.o(.text)
    RTC_AlarmCmd                             0x080105c1   Thumb Code   116  stm32f2xx_rtc.o(.text)
    RTC_WakeUpClockConfig                    0x08010635   Thumb Code    46  stm32f2xx_rtc.o(.text)
    RTC_SetWakeUpCounter                     0x08010663   Thumb Code    24  stm32f2xx_rtc.o(.text)
    RTC_GetWakeUpCounter                     0x0801067b   Thumb Code    10  stm32f2xx_rtc.o(.text)
    RTC_WakeUpCmd                            0x08010685   Thumb Code   120  stm32f2xx_rtc.o(.text)
    RTC_DayLightSavingConfig                 0x080106fd   Thumb Code    54  stm32f2xx_rtc.o(.text)
    RTC_GetStoreOperation                    0x08010733   Thumb Code    12  stm32f2xx_rtc.o(.text)
    RTC_OutputConfig                         0x0801073f   Thumb Code    54  stm32f2xx_rtc.o(.text)
    RTC_CoarseCalibConfig                    0x08010775   Thumb Code    56  stm32f2xx_rtc.o(.text)
    RTC_CoarseCalibCmd                       0x080107ad   Thumb Code    82  stm32f2xx_rtc.o(.text)
    RTC_CalibOutputCmd                       0x080107ff   Thumb Code    50  stm32f2xx_rtc.o(.text)
    RTC_TimeStampCmd                         0x08010831   Thumb Code    52  stm32f2xx_rtc.o(.text)
    RTC_GetTimeStamp                         0x08010865   Thumb Code   144  stm32f2xx_rtc.o(.text)
    RTC_TamperTriggerConfig                  0x080108f5   Thumb Code    38  stm32f2xx_rtc.o(.text)
    RTC_TamperCmd                            0x0801091b   Thumb Code    34  stm32f2xx_rtc.o(.text)
    RTC_WriteBackupRegister                  0x0801093d   Thumb Code    26  stm32f2xx_rtc.o(.text)
    RTC_ReadBackupRegister                   0x08010957   Thumb Code    28  stm32f2xx_rtc.o(.text)
    RTC_TamperPinSelection                   0x08010973   Thumb Code    26  stm32f2xx_rtc.o(.text)
    RTC_TimeStampPinSelection                0x0801098d   Thumb Code    26  stm32f2xx_rtc.o(.text)
    RTC_OutputTypeConfig                     0x080109a7   Thumb Code    26  stm32f2xx_rtc.o(.text)
    RTC_ITConfig                             0x080109c1   Thumb Code    90  stm32f2xx_rtc.o(.text)
    RTC_GetFlagStatus                        0x08010a1b   Thumb Code    36  stm32f2xx_rtc.o(.text)
    RTC_ClearFlag                            0x08010a3f   Thumb Code    28  stm32f2xx_rtc.o(.text)
    RTC_GetITStatus                          0x08010a5b   Thumb Code    58  stm32f2xx_rtc.o(.text)
    RTC_ClearITPendingBit                    0x08010a95   Thumb Code    32  stm32f2xx_rtc.o(.text)
    iFCLIT_CalcSumCheck                      0x08010ac1   Thumb Code    28  auxcom.o(.text)
    FCLIT_Do50msTasks                        0x08010add   Thumb Code   102  auxcom.o(.text)
    FCLIT_Init                               0x08010b43   Thumb Code    60  auxcom.o(.text)
    iFCLIT_SendUnRspMsg                      0x08010b7f   Thumb Code   116  auxcom.o(.text)
    iFCLIT_start                             0x08010bf3   Thumb Code    38  auxcom.o(.text)
    iFCLIT_SendUdReqMsg                      0x08010c19   Thumb Code   126  auxcom.o(.text)
    iFCLIT_SendUrReqMsg                      0x08010c97   Thumb Code   124  auxcom.o(.text)
    FCLIT_ProduceSendMsg                     0x08010d13   Thumb Code    90  auxcom.o(.text)
    iFCLIT_CheckMsg                          0x08010d6d   Thumb Code    94  auxcom.o(.text)
    iFCLIT_AnalyzeUnReqMsg                   0x08010dcb   Thumb Code   576  auxcom.o(.text)
    iFCLIT_AnalyzeUdRspMsg                   0x0801100b   Thumb Code   292  auxcom.o(.text)
    iFCLIT_AnalyzeUrRspMsg                   0x0801112f   Thumb Code    44  auxcom.o(.text)
    AppTask_AuxComProduce                    0x0801119b   Thumb Code    20  auxcom.o(.text)
    AuxCom_ProcessM2mMsg                     0x080111af   Thumb Code    54  auxcom.o(.text)
    AppTask_AuxComProcess                    0x080111e5   Thumb Code    90  auxcom.o(.text)
    AuxCom_ServiceInit                       0x0801123f   Thumb Code    16  auxcom.o(.text)
    AuxCom_ServiceStart                      0x0801124f   Thumb Code    36  auxcom.o(.text)
    USART6_Initialize                        0x080112f5   Thumb Code   464  auxcomhw.o(.text)
    USART6_IRQHandler                        0x080114c5   Thumb Code   108  auxcomhw.o(.text)
    DMA2_Stream6_IRQHandler                  0x08011531   Thumb Code    34  auxcomhw.o(.text)
    USART6_TransmitData                      0x08011553   Thumb Code    74  auxcomhw.o(.text)
    USART6_TransmitString                    0x0801159d   Thumb Code    80  auxcomhw.o(.text)
    USART6_ReceiveData                       0x080115ed   Thumb Code    40  auxcomhw.o(.text)
    SysTick_Handler                          0x08011641   Thumb Code    22  cmsis_os2.o(.text)
    osKernelInitialize                       0x08011657   Thumb Code    58  cmsis_os2.o(.text)
    osKernelGetInfo                          0x08011691   Thumb Code    40  cmsis_os2.o(.text)
    osKernelGetState                         0x080116b9   Thumb Code    48  cmsis_os2.o(.text)
    osKernelStart                            0x080116e9   Thumb Code   102  cmsis_os2.o(.text)
    osKernelLock                             0x0801174f   Thumb Code    76  cmsis_os2.o(.text)
    osKernelUnlock                           0x0801179b   Thumb Code    88  cmsis_os2.o(.text)
    osKernelRestoreLock                      0x080117f3   Thumb Code   108  cmsis_os2.o(.text)
    osKernelGetTickCount                     0x0801185f   Thumb Code    46  cmsis_os2.o(.text)
    osKernelGetTickFreq                      0x0801188d   Thumb Code     6  cmsis_os2.o(.text)
    osKernelGetSysTimerCount                 0x08011893   Thumb Code    66  cmsis_os2.o(.text)
    osKernelGetSysTimerFreq                  0x080118d5   Thumb Code     6  cmsis_os2.o(.text)
    osThreadNew                              0x080118db   Thumb Code   208  cmsis_os2.o(.text)
    osThreadGetName                          0x080119ab   Thumb Code    50  cmsis_os2.o(.text)
    osThreadGetId                            0x080119dd   Thumb Code    12  cmsis_os2.o(.text)
    osThreadGetState                         0x080119e9   Thumb Code   132  cmsis_os2.o(.text)
    osThreadGetStackSpace                    0x08011a6d   Thumb Code    50  cmsis_os2.o(.text)
    osThreadSetPriority                      0x08011a9f   Thumb Code    74  cmsis_os2.o(.text)
    osThreadGetPriority                      0x08011ae9   Thumb Code    52  cmsis_os2.o(.text)
    osThreadYield                            0x08011b1d   Thumb Code    56  cmsis_os2.o(.text)
    osThreadSuspend                          0x08011b55   Thumb Code    58  cmsis_os2.o(.text)
    osThreadResume                           0x08011b8f   Thumb Code    58  cmsis_os2.o(.text)
    osThreadExit                             0x08011bc9   Thumb Code    10  cmsis_os2.o(.text)
    osThreadTerminate                        0x08011bd3   Thumb Code    80  cmsis_os2.o(.text)
    osThreadGetCount                         0x08011c23   Thumb Code    42  cmsis_os2.o(.text)
    osThreadEnumerate                        0x08011c4d   Thumb Code   126  cmsis_os2.o(.text)
    osThreadFlagsSet                         0x08011ccb   Thumb Code   142  cmsis_os2.o(.text)
    osThreadFlagsClear                       0x08011d59   Thumb Code   108  cmsis_os2.o(.text)
    osThreadFlagsGet                         0x08011dc5   Thumb Code    68  cmsis_os2.o(.text)
    osThreadFlagsWait                        0x08011e09   Thumb Code   208  cmsis_os2.o(.text)
    osDelay                                  0x08011ed9   Thumb Code    50  cmsis_os2.o(.text)
    osDelayUntil                             0x08011f0b   Thumb Code    72  cmsis_os2.o(.text)
    osTimerNew                               0x08011f69   Thumb Code   190  cmsis_os2.o(.text)
    osTimerGetName                           0x08012027   Thumb Code    50  cmsis_os2.o(.text)
    osTimerStart                             0x08012059   Thumb Code    80  cmsis_os2.o(.text)
    osTimerStop                              0x080120a9   Thumb Code    92  cmsis_os2.o(.text)
    osTimerIsRunning                         0x08012105   Thumb Code    50  cmsis_os2.o(.text)
    osTimerDelete                            0x08012137   Thumb Code    92  cmsis_os2.o(.text)
    osEventFlagsNew                          0x08012193   Thumb Code    92  cmsis_os2.o(.text)
    osEventFlagsSet                          0x080121ef   Thumb Code   108  cmsis_os2.o(.text)
    osEventFlagsClear                        0x0801225b   Thumb Code    90  cmsis_os2.o(.text)
    osEventFlagsGet                          0x080122b5   Thumb Code    74  cmsis_os2.o(.text)
    osEventFlagsWait                         0x080122ff   Thumb Code   160  cmsis_os2.o(.text)
    osEventFlagsDelete                       0x0801239f   Thumb Code    58  cmsis_os2.o(.text)
    osMutexNew                               0x080123d9   Thumb Code   176  cmsis_os2.o(.text)
    osMutexAcquire                           0x08012489   Thumb Code   120  cmsis_os2.o(.text)
    osMutexRelease                           0x08012501   Thumb Code   100  cmsis_os2.o(.text)
    osMutexGetOwner                          0x08012565   Thumb Code    52  cmsis_os2.o(.text)
    osMutexDelete                            0x08012599   Thumb Code    60  cmsis_os2.o(.text)
    osSemaphoreNew                           0x080125d5   Thumb Code   198  cmsis_os2.o(.text)
    osSemaphoreAcquire                       0x0801269b   Thumb Code   134  cmsis_os2.o(.text)
    osSemaphoreRelease                       0x08012721   Thumb Code   108  cmsis_os2.o(.text)
    osSemaphoreGetCount                      0x0801278d   Thumb Code    60  cmsis_os2.o(.text)
    osSemaphoreDelete                        0x080127c9   Thumb Code    58  cmsis_os2.o(.text)
    osMessageQueueNew                        0x08012803   Thumb Code   146  cmsis_os2.o(.text)
    osMessageQueuePut                        0x08012895   Thumb Code   148  cmsis_os2.o(.text)
    osMessageQueueGet                        0x08012929   Thumb Code   144  cmsis_os2.o(.text)
    osMessageQueueGetCapacity                0x080129b9   Thumb Code    14  cmsis_os2.o(.text)
    osMessageQueueGetMsgSize                 0x080129c7   Thumb Code    14  cmsis_os2.o(.text)
    osMessageQueueGetCount                   0x080129d5   Thumb Code    60  cmsis_os2.o(.text)
    osMessageQueueGetSpace                   0x08012a11   Thumb Code    94  cmsis_os2.o(.text)
    osMessageQueueReset                      0x08012a6f   Thumb Code    60  cmsis_os2.o(.text)
    osMessageQueueDelete                     0x08012aab   Thumb Code    58  cmsis_os2.o(.text)
    vApplicationTickHook                     0x08012ae5   Thumb Code     2  cmsis_os2.o(.text)
    vApplicationStackOverflowHook            0x08012ae7   Thumb Code     2  cmsis_os2.o(.text)
    vApplicationGetIdleTaskMemory            0x08012ae9   Thumb Code    14  cmsis_os2.o(.text)
    vApplicationGetTimerTaskMemory           0x08012af7   Thumb Code    14  cmsis_os2.o(.text)
    OS_Tick_Setup                            0x08012b31   Thumb Code    96  os_systick.o(.text)
    OS_Tick_Enable                           0x08012b91   Thumb Code    40  os_systick.o(.text)
    OS_Tick_Disable                          0x08012bb9   Thumb Code    46  os_systick.o(.text)
    OS_Tick_AcknowledgeIRQ                   0x08012be7   Thumb Code     8  os_systick.o(.text)
    OS_Tick_GetIRQn                          0x08012bef   Thumb Code     6  os_systick.o(.text)
    OS_Tick_GetClock                         0x08012bf5   Thumb Code     6  os_systick.o(.text)
    OS_Tick_GetInterval                      0x08012bfb   Thumb Code    10  os_systick.o(.text)
    OS_Tick_GetCount                         0x08012c05   Thumb Code    12  os_systick.o(.text)
    OS_Tick_GetOverflow                      0x08012c11   Thumb Code    12  os_systick.o(.text)
    xEventGroupCreateStatic                  0x08012c2d   Thumb Code    26  event_groups.o(.text)
    xEventGroupCreate                        0x08012c47   Thumb Code    30  event_groups.o(.text)
    xEventGroupSetBits                       0x08012c65   Thumb Code   146  event_groups.o(.text)
    xEventGroupSync                          0x08012cf7   Thumb Code   162  event_groups.o(.text)
    xEventGroupWaitBits                      0x08012db7   Thumb Code   198  event_groups.o(.text)
    xEventGroupClearBits                     0x08012e7d   Thumb Code    32  event_groups.o(.text)
    vEventGroupClearBitsCallback             0x08012e9d   Thumb Code    16  event_groups.o(.text)
    xEventGroupClearBitsFromISR              0x08012ead   Thumb Code    26  event_groups.o(.text)
    xEventGroupGetBitsFromISR                0x08012ec7   Thumb Code    44  event_groups.o(.text)
    vEventGroupDelete                        0x08012ef3   Thumb Code    46  event_groups.o(.text)
    vEventGroupSetBitsCallback               0x08012f21   Thumb Code    16  event_groups.o(.text)
    xEventGroupSetBitsFromISR                0x08012f31   Thumb Code    32  event_groups.o(.text)
    uxEventGroupGetNumber                    0x08012f51   Thumb Code    14  event_groups.o(.text)
    vEventGroupSetNumber                     0x08012f5f   Thumb Code     4  event_groups.o(.text)
    vListInitialise                          0x08012f69   Thumb Code    26  list.o(.text)
    vListInitialiseItem                      0x08012f83   Thumb Code     6  list.o(.text)
    vListInsertEnd                           0x08012f89   Thumb Code    24  list.o(.text)
    vListInsert                              0x08012fa1   Thumb Code    52  list.o(.text)
    uxListRemove                             0x08012fd5   Thumb Code    40  list.o(.text)
    pvPortMalloc                             0x080130bf   Thumb Code   188  heap_4.o(.text)
    vPortFree                                0x0801317b   Thumb Code    64  heap_4.o(.text)
    xPortGetFreeHeapSize                     0x080131bb   Thumb Code     6  heap_4.o(.text)
    xPortGetMinimumEverFreeHeapSize          0x080131c1   Thumb Code     6  heap_4.o(.text)
    vPortInitialiseBlocks                    0x080131c7   Thumb Code     2  heap_4.o(.text)
    pxPortInitialiseStack                    0x080131f7   Thumb Code    30  port.o(.text)
    vPortSetupTimerInterrupt                 0x08013215   Thumb Code    36  port.o(.text)
    xPortStartScheduler                      0x08013239   Thumb Code    42  port.o(.text)
    vPortEndScheduler                        0x08013263   Thumb Code     2  port.o(.text)
    vPortEnterCritical                       0x08013265   Thumb Code    30  port.o(.text)
    vPortExitCritical                        0x08013283   Thumb Code    28  port.o(.text)
    xPortSysTickHandler                      0x0801329f   Thumb Code    48  port.o(.text)
    xQueueGenericReset                       0x080132e1   Thumb Code   122  queue.o(.text)
    xQueueGenericCreateStatic                0x08013385   Thumb Code    46  queue.o(.text)
    xQueueGenericCreate                      0x080133b3   Thumb Code    64  queue.o(.text)
    xQueueGenericSend                        0x0801350d   Thumb Code   276  queue.o(.text)
    xQueueCreateMutex                        0x0801363f   Thumb Code    34  queue.o(.text)
    xQueueCreateMutexStatic                  0x08013661   Thumb Code    42  queue.o(.text)
    xQueueGetMutexHolder                     0x0801368b   Thumb Code    28  queue.o(.text)
    xQueueGetMutexHolderFromISR              0x080136a7   Thumb Code    14  queue.o(.text)
    xQueueGiveMutexRecursive                 0x080136b5   Thumb Code    48  queue.o(.text)
    xQueueSemaphoreTake                      0x08013719   Thumb Code   300  queue.o(.text)
    xQueueTakeMutexRecursive                 0x08013845   Thumb Code    54  queue.o(.text)
    xQueueCreateCountingSemaphoreStatic      0x0801387b   Thumb Code    34  queue.o(.text)
    xQueueCreateCountingSemaphore            0x0801389d   Thumb Code    26  queue.o(.text)
    xQueueGenericSendFromISR                 0x080138b7   Thumb Code   134  queue.o(.text)
    xQueueGiveFromISR                        0x0801393d   Thumb Code   120  queue.o(.text)
    xQueueReceive                            0x080139df   Thumb Code   256  queue.o(.text)
    xQueuePeek                               0x08013adf   Thumb Code   266  queue.o(.text)
    xQueueReceiveFromISR                     0x08013be9   Thumb Code   130  queue.o(.text)
    xQueuePeekFromISR                        0x08013c6b   Thumb Code    74  queue.o(.text)
    uxQueueMessagesWaiting                   0x08013cb5   Thumb Code    18  queue.o(.text)
    uxQueueSpacesAvailable                   0x08013cc7   Thumb Code    24  queue.o(.text)
    uxQueueMessagesWaitingFromISR            0x08013cdf   Thumb Code     8  queue.o(.text)
    vQueueDelete                             0x08013ce7   Thumb Code    20  queue.o(.text)
    uxQueueGetQueueNumber                    0x08013cfb   Thumb Code     6  queue.o(.text)
    vQueueSetQueueNumber                     0x08013d01   Thumb Code     4  queue.o(.text)
    ucQueueGetQueueType                      0x08013d05   Thumb Code     8  queue.o(.text)
    xQueueIsQueueEmptyFromISR                0x08013d0d   Thumb Code    16  queue.o(.text)
    xQueueIsQueueFullFromISR                 0x08013d1d   Thumb Code    22  queue.o(.text)
    vQueueWaitForMessageRestricted           0x08013d33   Thumb Code    74  queue.o(.text)
    xTaskCreateStatic                        0x08013efb   Thumb Code    78  tasks.o(.text)
    xTaskCreate                              0x08013f49   Thumb Code   100  tasks.o(.text)
    vTaskDelete                              0x08013fff   Thumb Code   132  tasks.o(.text)
    xTaskIncrementTick                       0x08014083   Thumb Code   334  tasks.o(.text)
    xTaskResumeAll                           0x080141d1   Thumb Code   194  tasks.o(.text)
    vTaskSuspendAll                          0x080142f7   Thumb Code    12  tasks.o(.text)
    vTaskDelayUntil                          0x08014303   Thumb Code   106  tasks.o(.text)
    vTaskDelay                               0x0801436d   Thumb Code    46  tasks.o(.text)
    eTaskGetState                            0x0801439b   Thumb Code   104  tasks.o(.text)
    uxTaskPriorityGet                        0x08014403   Thumb Code    30  tasks.o(.text)
    uxTaskPriorityGetFromISR                 0x08014421   Thumb Code    52  tasks.o(.text)
    vTaskPrioritySet                         0x08014455   Thumb Code   206  tasks.o(.text)
    vTaskSwitchContext                       0x08014523   Thumb Code   214  tasks.o(.text)
    vTaskSuspend                             0x080145f9   Thumb Code   140  tasks.o(.text)
    vTaskResume                              0x080146bd   Thumb Code   102  tasks.o(.text)
    xTaskResumeFromISR                       0x08014723   Thumb Code   128  tasks.o(.text)
    vTaskStartScheduler                      0x080147ff   Thumb Code   120  tasks.o(.text)
    vTaskEndScheduler                        0x08014877   Thumb Code    32  tasks.o(.text)
    xTaskGetTickCount                        0x08014897   Thumb Code     6  tasks.o(.text)
    xTaskGetTickCountFromISR                 0x0801489d   Thumb Code     8  tasks.o(.text)
    uxTaskGetNumberOfTasks                   0x080148a5   Thumb Code     6  tasks.o(.text)
    pcTaskGetName                            0x080148ab   Thumb Code    20  tasks.o(.text)
    vTaskGetInfo                             0x080148d5   Thumb Code   126  tasks.o(.text)
    uxTaskGetSystemState                     0x080149bd   Thumb Code   224  tasks.o(.text)
    vTaskPlaceOnEventList                    0x08014a9d   Thumb Code    28  tasks.o(.text)
    vTaskPlaceOnUnorderedEventList           0x08014ab9   Thumb Code    40  tasks.o(.text)
    vTaskPlaceOnEventListRestricted          0x08014ae1   Thumb Code    36  tasks.o(.text)
    xTaskRemoveFromEventList                 0x08014b05   Thumb Code   102  tasks.o(.text)
    vTaskRemoveFromUnorderedEventList        0x08014b6b   Thumb Code    80  tasks.o(.text)
    vTaskSetTimeOutState                     0x08014bbb   Thumb Code    26  tasks.o(.text)
    vTaskInternalSetTimeOutState             0x08014bd5   Thumb Code    14  tasks.o(.text)
    xTaskCheckForTimeOut                     0x08014be3   Thumb Code    84  tasks.o(.text)
    vTaskMissedYield                         0x08014c37   Thumb Code     8  tasks.o(.text)
    uxTaskGetTaskNumber                      0x08014c3f   Thumb Code    14  tasks.o(.text)
    vTaskSetTaskNumber                       0x08014c4d   Thumb Code     8  tasks.o(.text)
    uxTaskGetStackHighWaterMark              0x08014c55   Thumb Code    34  tasks.o(.text)
    xTaskGetCurrentTaskHandle                0x08014c77   Thumb Code     6  tasks.o(.text)
    xTaskGetSchedulerState                   0x08014c7d   Thumb Code    24  tasks.o(.text)
    xTaskPriorityInherit                     0x08014c95   Thumb Code   150  tasks.o(.text)
    xTaskPriorityDisinherit                  0x08014d2b   Thumb Code    86  tasks.o(.text)
    vTaskPriorityDisinheritAfterTimeout      0x08014d81   Thumb Code   130  tasks.o(.text)
    uxTaskResetEventItemValue                0x08014e03   Thumb Code    24  tasks.o(.text)
    pvTaskIncrementMutexHeldCount            0x08014e1b   Thumb Code    78  tasks.o(.text)
    ulTaskNotifyTake                         0x08014e69   Thumb Code   108  tasks.o(.text)
    xTaskNotifyWait                          0x08014ed5   Thumb Code   150  tasks.o(.text)
    xTaskGenericNotify                       0x08014f6b   Thumb Code   178  tasks.o(.text)
    xTaskGenericNotifyFromISR                0x0801501d   Thumb Code   226  tasks.o(.text)
    vTaskNotifyGiveFromISR                   0x080150ff   Thumb Code   150  tasks.o(.text)
    xTaskNotifyStateClear                    0x08015195   Thumb Code    48  tasks.o(.text)
    xTimerGenericCommand                     0x08015231   Thumb Code   104  timers.o(.text)
    xTimerCreateTimerTask                    0x0801557f   Thumb Code    76  timers.o(.text)
    xTimerCreate                             0x08015639   Thumb Code    54  timers.o(.text)
    xTimerCreateStatic                       0x0801566f   Thumb Code    48  timers.o(.text)
    xTimerGetTimerDaemonTaskHandle           0x0801569f   Thumb Code     6  timers.o(.text)
    xTimerGetPeriod                          0x080156a5   Thumb Code     8  timers.o(.text)
    vTimerSetReloadMode                      0x080156ad   Thumb Code    46  timers.o(.text)
    xTimerGetExpiryTime                      0x080156db   Thumb Code     8  timers.o(.text)
    pcTimerGetName                           0x080156e3   Thumb Code     8  timers.o(.text)
    xTimerIsTimerActive                      0x080156eb   Thumb Code    34  timers.o(.text)
    pvTimerGetTimerID                        0x0801570d   Thumb Code    20  timers.o(.text)
    vTimerSetTimerID                         0x08015721   Thumb Code    20  timers.o(.text)
    xTimerPendFunctionCallFromISR            0x08015735   Thumb Code    48  timers.o(.text)
    xTimerPendFunctionCall                   0x08015765   Thumb Code    48  timers.o(.text)
    uxTimerGetTimerNumber                    0x08015795   Thumb Code     6  timers.o(.text)
    vTimerSetTimerNumber                     0x0801579b   Thumb Code     4  timers.o(.text)
    ___aeabi_memcpy8$move                    0x080157a9   Thumb Code     0  memmovea.o(.text)
    __aeabi_memcpy                           0x080157a9   Thumb Code    64  memmovea.o(.text)
    __aeabi_memcpy4                          0x080157a9   Thumb Code     0  memmovea.o(.text)
    __aeabi_memmove                          0x080157a9   Thumb Code     0  memmovea.o(.text)
    __aeabi_memmove4                         0x080157a9   Thumb Code     0  memmovea.o(.text)
    __aeabi_memmove8                         0x080157a9   Thumb Code     0  memmovea.o(.text)
    __aeabi_memset                           0x080157e9   Thumb Code    14  memseta.o(.text)
    __aeabi_memset4                          0x080157e9   Thumb Code     0  memseta.o(.text)
    __aeabi_memset8                          0x080157e9   Thumb Code     0  memseta.o(.text)
    __aeabi_memclr                           0x080157f7   Thumb Code     4  memseta.o(.text)
    __aeabi_memclr4                          0x080157f7   Thumb Code     0  memseta.o(.text)
    __aeabi_memclr8                          0x080157f7   Thumb Code     0  memseta.o(.text)
    _memset$wrapper                          0x080157fb   Thumb Code    18  memseta.o(.text)
    strlen                                   0x0801580d   Thumb Code    14  strlen.o(.text)
    memcmp                                   0x0801581b   Thumb Code    26  memcmp.o(.text)
    __aeabi_uidiv                            0x08015835   Thumb Code     0  uidiv.o(.text)
    __aeabi_uidivmod                         0x08015835   Thumb Code    44  uidiv.o(.text)
    __aeabi_uldivmod                         0x08015861   Thumb Code    98  uldiv.o(.text)
    __I$use$fp                               0x080158c3   Thumb Code     0  iusefp.o(.text)
    __aeabi_dadd                             0x080158c3   Thumb Code   322  dadd.o(.text)
    __aeabi_dsub                             0x08015a05   Thumb Code     6  dadd.o(.text)
    __aeabi_drsub                            0x08015a0b   Thumb Code     6  dadd.o(.text)
    __aeabi_dmul                             0x08015a11   Thumb Code   228  dmul.o(.text)
    __aeabi_ddiv                             0x08015af5   Thumb Code   222  ddiv.o(.text)
    __aeabi_d2ulz                            0x08015bd3   Thumb Code    48  dfixul.o(.text)
    __aeabi_cdrcmple                         0x08015c05   Thumb Code    48  cdrcmple.o(.text)
    __scatterload                            0x08015c35   Thumb Code    28  init.o(.text)
    __scatterload_rt2                        0x08015c35   Thumb Code     0  init.o(.text)
    __aeabi_llsl                             0x08015c59   Thumb Code    30  llshl.o(.text)
    _ll_shift_l                              0x08015c59   Thumb Code     0  llshl.o(.text)
    __aeabi_llsr                             0x08015c77   Thumb Code    32  llushr.o(.text)
    _ll_ushift_r                             0x08015c77   Thumb Code     0  llushr.o(.text)
    __aeabi_lasr                             0x08015c97   Thumb Code    36  llsshr.o(.text)
    _ll_sshift_r                             0x08015c97   Thumb Code     0  llsshr.o(.text)
    _double_round                            0x08015cbb   Thumb Code    30  depilogue.o(.text)
    _double_epilogue                         0x08015cd9   Thumb Code   156  depilogue.o(.text)
    __decompress                             0x08015d75   Thumb Code     0  __dczerorl2.o(.text)
    __decompress1                            0x08015d75   Thumb Code    86  __dczerorl2.o(.text)
    HardFault_Handler                        0x08015dcd   Thumb Code     0  hardfaulthandler_1.o(OSKERNEL)
    Long Thumb to Thumb Veneer to sfud_init  0x08015ddf   Thumb Code    10  anon$$obj.o(Veneer$$Code)
    Long Thumb to Thumb Veneer to GPIO_Init  0x08015de9   Thumb Code    10  anon$$obj.o(Veneer$$Code)
    Long Thumb to Thumb Veneer to FLASH_OB_GetUser 0x08015df3   Thumb Code    10  anon$$obj.o(Veneer$$Code)
    Long Thumb to Thumb Veneer to GPIO_PinAFConfig 0x08015dfd   Thumb Code    10  anon$$obj.o(Veneer$$Code)
    Long Thumb to Thumb Veneer to sfud_erase 0x08015e07   Thumb Code    10  anon$$obj.o(Veneer$$Code)
    Long Thumb to Thumb Veneer to sfud_write 0x08015e11   Thumb Code    10  anon$$obj.o(Veneer$$Code)
    Long Thumb to Thumb Veneer to sfud_read  0x08015e1b   Thumb Code    10  anon$$obj.o(Veneer$$Code)
    Long Thumb to Thumb Veneer to FLASH_OB_Unlock 0x08015e25   Thumb Code    10  anon$$obj.o(Veneer$$Code)
    Long Thumb to Thumb Veneer to FLASH_OB_UserConfig 0x08015e2f   Thumb Code    10  anon$$obj.o(Veneer$$Code)
    Long Thumb to Thumb Veneer to FLASH_OB_Launch 0x08015e39   Thumb Code    10  anon$$obj.o(Veneer$$Code)
    Long Thumb to Thumb Veneer to FLASH_OB_Lock 0x08015e43   Thumb Code    10  anon$$obj.o(Veneer$$Code)
    Long Thumb to Thumb Veneer to iap_main   0x08015e4d   Thumb Code    10  anon$$obj.o(Veneer$$Code)
    __0vsnprintf                             0x08015e59   Thumb Code    40  printfa.o(i.__0vsnprintf)
    __1vsnprintf                             0x08015e59   Thumb Code     0  printfa.o(i.__0vsnprintf)
    __2vsnprintf                             0x08015e59   Thumb Code     0  printfa.o(i.__0vsnprintf)
    __c89vsnprintf                           0x08015e59   Thumb Code     0  printfa.o(i.__0vsnprintf)
    vsnprintf                                0x08015e59   Thumb Code     0  printfa.o(i.__0vsnprintf)
    __scatterload_copy                       0x08015e85   Thumb Code    14  handlers.o(i.__scatterload_copy)
    __scatterload_null                       0x08015e93   Thumb Code     2  handlers.o(i.__scatterload_null)
    __scatterload_zeroinit                   0x08015e95   Thumb Code    14  handlers.o(i.__scatterload_zeroinit)
    AppThreadAttr_Start                      0x0801676c   Data          36  main.o(.constdata)
    AppThreadAttr_Collect                    0x08016790   Data          36  collect.o(.constdata)
    AppThreadAttr_Can1Recv                   0x080167b4   Data          36  can.o(.constdata)
    AppThreadAttr_Can2Recv                   0x080167d8   Data          36  can.o(.constdata)
    AppThreadAttr_PcDebug                    0x08016848   Data          36  pcdebug.o(.constdata)
    AppThreadAttr_ModemProcess               0x0801687c   Data          36  momiprotocol.o(.constdata)
    AppThreadAttr_ModemProduce               0x080168a0   Data          36  momiprotocol.o(.constdata)
    AppThreadAttr_iCloud                     0x080168c4   Data          36  icloud_machine.o(.constdata)
    AppThreadAttr_AuxComProcess              0x08016d04   Data          36  auxcom.o(.constdata)
    AppThreadAttr_AuxComProduce              0x08016d28   Data          36  auxcom.o(.constdata)
    Region$$Table$$Base                      0x08016d4c   Number         0  anon$$obj.o(Region$$Table)
    Region$$Table$$Limit                     0x08016d7c   Number         0  anon$$obj.o(Region$$Table)
    sfud_spi_port_init                       0x2000023f   Thumb Code    60  sfud.o(.text)
    sfud_read_status                         0x2000027b   Thumb Code    30  sfud.o(.text)
    sfud_write_status                        0x20000339   Thumb Code   100  sfud.o(.text)
    sfud_device_init                         0x200004bd   Thumb Code    34  sfud.o(.text)
    sfud_init                                0x200004df   Thumb Code    22  sfud.o(.text)
    sfud_read                                0x20000521   Thumb Code   122  sfud.o(.text)
    sfud_chip_erase                          0x2000059b   Thumb Code   144  sfud.o(.text)
    sfud_erase                               0x2000062b   Thumb Code   270  sfud.o(.text)
    sfud_write                               0x2000095d   Thumb Code    76  sfud.o(.text)
    sfud_erase_write                         0x200009a9   Thumb Code    48  sfud.o(.text)
    flash_FuncGetSectorSize                  0x200009d9   Thumb Code    20  iap.o(.text)
    flash_FuncWriteWord                      0x200009ed   Thumb Code    18  iap.o(.text)
    flash_FuncReadWord                       0x200009ff   Thumb Code    10  iap.o(.text)
    flash_FuncEraseSector                    0x20000a09   Thumb Code    98  iap.o(.text)
    flash_FuncReadApp                        0x20000a6b   Thumb Code    80  iap.o(.text)
    flash_FuncProgramApp                     0x20000abb   Thumb Code   108  iap.o(.text)
    flash_FuncEraseApp                       0x20000b27   Thumb Code    78  iap.o(.text)
    iap_ReadFlashHexFile                     0x20000b75   Thumb Code    30  iap.o(.text)
    iap_main                                 0x20000b93   Thumb Code   284  iap.o(.text)
    FLASH_SetLatency                         0x20000cd1   Thumb Code     6  stm32f2xx_flash.o(.text)
    FLASH_PrefetchBufferCmd                  0x20000cd7   Thumb Code    30  stm32f2xx_flash.o(.text)
    FLASH_InstructionCacheCmd                0x20000cf5   Thumb Code    30  stm32f2xx_flash.o(.text)
    FLASH_DataCacheCmd                       0x20000d13   Thumb Code    30  stm32f2xx_flash.o(.text)
    FLASH_InstructionCacheReset              0x20000d31   Thumb Code    14  stm32f2xx_flash.o(.text)
    FLASH_DataCacheReset                     0x20000d3f   Thumb Code    14  stm32f2xx_flash.o(.text)
    FLASH_Unlock                             0x20000d4d   Thumb Code    26  stm32f2xx_flash.o(.text)
    FLASH_Lock                               0x20000d67   Thumb Code    18  stm32f2xx_flash.o(.text)
    FLASH_GetStatus                          0x20000d79   Thumb Code    74  stm32f2xx_flash.o(.text)
    FLASH_WaitForLastOperation               0x20000dc3   Thumb Code    34  stm32f2xx_flash.o(.text)
    FLASH_EraseSector                        0x20000de5   Thumb Code   140  stm32f2xx_flash.o(.text)
    FLASH_EraseAllSectors                    0x20000e71   Thumb Code   112  stm32f2xx_flash.o(.text)
    FLASH_ProgramDoubleWord                  0x20000ee1   Thumb Code    86  stm32f2xx_flash.o(.text)
    FLASH_ProgramWord                        0x20000f37   Thumb Code    82  stm32f2xx_flash.o(.text)
    FLASH_ProgramHalfWord                    0x20000f89   Thumb Code    82  stm32f2xx_flash.o(.text)
    FLASH_ProgramByte                        0x20000fdb   Thumb Code    78  stm32f2xx_flash.o(.text)
    FLASH_OB_Unlock                          0x20001029   Thumb Code    26  stm32f2xx_flash.o(.text)
    FLASH_OB_Lock                            0x20001043   Thumb Code    18  stm32f2xx_flash.o(.text)
    FLASH_OB_WRPConfig                       0x20001055   Thumb Code    54  stm32f2xx_flash.o(.text)
    FLASH_OB_RDPConfig                       0x2000108b   Thumb Code    24  stm32f2xx_flash.o(.text)
    FLASH_OB_UserConfig                      0x200010a3   Thumb Code    68  stm32f2xx_flash.o(.text)
    FLASH_OB_BORConfig                       0x200010e7   Thumb Code    22  stm32f2xx_flash.o(.text)
    FLASH_OB_Launch                          0x200010fd   Thumb Code    26  stm32f2xx_flash.o(.text)
    FLASH_OB_GetUser                         0x20001117   Thumb Code    10  stm32f2xx_flash.o(.text)
    FLASH_OB_GetWRP                          0x20001121   Thumb Code     8  stm32f2xx_flash.o(.text)
    FLASH_OB_GetRDP                          0x20001129   Thumb Code    20  stm32f2xx_flash.o(.text)
    FLASH_OB_GetBOR                          0x2000113d   Thumb Code    10  stm32f2xx_flash.o(.text)
    FLASH_ITConfig                           0x20001147   Thumb Code    34  stm32f2xx_flash.o(.text)
    FLASH_GetFlagStatus                      0x20001169   Thumb Code    22  stm32f2xx_flash.o(.text)
    FLASH_ClearFlag                          0x2000117f   Thumb Code     8  stm32f2xx_flash.o(.text)
    GPIO_DeInit                              0x2000118d   Thumb Code   220  stm32f2xx_gpio.o(.text)
    GPIO_Init                                0x20001269   Thumb Code   144  stm32f2xx_gpio.o(.text)
    GPIO_StructInit                          0x200012f9   Thumb Code    18  stm32f2xx_gpio.o(.text)
    GPIO_PinLockConfig                       0x2000130b   Thumb Code    34  stm32f2xx_gpio.o(.text)
    GPIO_ReadInputDataBit                    0x2000132d   Thumb Code    18  stm32f2xx_gpio.o(.text)
    GPIO_ReadInputData                       0x2000133f   Thumb Code     8  stm32f2xx_gpio.o(.text)
    GPIO_ReadOutputDataBit                   0x20001347   Thumb Code    18  stm32f2xx_gpio.o(.text)
    GPIO_ReadOutputData                      0x20001359   Thumb Code     8  stm32f2xx_gpio.o(.text)
    GPIO_SetBits                             0x20001361   Thumb Code     4  stm32f2xx_gpio.o(.text)
    GPIO_ResetBits                           0x20001365   Thumb Code     4  stm32f2xx_gpio.o(.text)
    GPIO_WriteBit                            0x20001369   Thumb Code    10  stm32f2xx_gpio.o(.text)
    GPIO_Write                               0x20001373   Thumb Code     4  stm32f2xx_gpio.o(.text)
    GPIO_ToggleBits                          0x20001377   Thumb Code     8  stm32f2xx_gpio.o(.text)
    GPIO_PinAFConfig                         0x2000137f   Thumb Code    70  stm32f2xx_gpio.o(.text)
    SPI_I2S_DeInit                           0x200013e9   Thumb Code    76  stm32f2xx_spi.o(.text)
    SPI_Init                                 0x20001435   Thumb Code    60  stm32f2xx_spi.o(.text)
    I2S_Init                                 0x20001471   Thumb Code   350  stm32f2xx_spi.o(.text)
    SPI_StructInit                           0x200015cf   Thumb Code    24  stm32f2xx_spi.o(.text)
    I2S_StructInit                           0x200015e7   Thumb Code    20  stm32f2xx_spi.o(.text)
    SPI_Cmd                                  0x200015fb   Thumb Code    24  stm32f2xx_spi.o(.text)
    I2S_Cmd                                  0x20001613   Thumb Code    24  stm32f2xx_spi.o(.text)
    SPI_DataSizeConfig                       0x2000162b   Thumb Code    18  stm32f2xx_spi.o(.text)
    SPI_BiDirectionalLineConfig              0x2000163d   Thumb Code    28  stm32f2xx_spi.o(.text)
    SPI_NSSInternalSoftwareConfig            0x20001659   Thumb Code    30  stm32f2xx_spi.o(.text)
    SPI_SSOutputCmd                          0x20001677   Thumb Code    24  stm32f2xx_spi.o(.text)
    SPI_TIModeCmd                            0x2000168f   Thumb Code    24  stm32f2xx_spi.o(.text)
    SPI_I2S_ReceiveData                      0x200016a7   Thumb Code     6  stm32f2xx_spi.o(.text)
    SPI_I2S_SendData                         0x200016ad   Thumb Code     4  stm32f2xx_spi.o(.text)
    SPI_CalculateCRC                         0x200016b1   Thumb Code    24  stm32f2xx_spi.o(.text)
    SPI_TransmitCRC                          0x200016c9   Thumb Code    10  stm32f2xx_spi.o(.text)
    SPI_GetCRC                               0x200016d3   Thumb Code    16  stm32f2xx_spi.o(.text)
    SPI_GetCRCPolynomial                     0x200016e3   Thumb Code     6  stm32f2xx_spi.o(.text)
    SPI_I2S_DMACmd                           0x200016e9   Thumb Code    18  stm32f2xx_spi.o(.text)
    SPI_I2S_ITConfig                         0x200016fb   Thumb Code    32  stm32f2xx_spi.o(.text)
    SPI_I2S_GetFlagStatus                    0x2000171b   Thumb Code    18  stm32f2xx_spi.o(.text)
    SPI_I2S_ClearFlag                        0x2000172d   Thumb Code     6  stm32f2xx_spi.o(.text)
    SPI_I2S_GetITStatus                      0x20001733   Thumb Code    52  stm32f2xx_spi.o(.text)
    SPI_I2S_ClearITPendingBit                0x20001767   Thumb Code    20  stm32f2xx_spi.o(.text)
    Long Thumb to Thumb Veneer to RCC_APB2PeriphClockCmd 0x20001791   Thumb Code    10  anon$$obj.o(Veneer$$Code)
    Long Thumb to Thumb Veneer to RCC_APB1PeriphClockCmd 0x2000179b   Thumb Code    10  anon$$obj.o(Veneer$$Code)
    Long Thumb to Thumb Veneer to osSemaphoreNew 0x200017a5   Thumb Code    10  anon$$obj.o(Veneer$$Code)
    Long Thumb to Thumb Veneer to osSemaphoreAcquire 0x200017af   Thumb Code    10  anon$$obj.o(Veneer$$Code)
    Long Thumb to Thumb Veneer to osSemaphoreRelease 0x200017b9   Thumb Code    10  anon$$obj.o(Veneer$$Code)
    Long Thumb to Thumb Veneer to __aeabi_memcpy 0x200017c3   Thumb Code    10  anon$$obj.o(Veneer$$Code)
    Long Thumb to Thumb Veneer to RCC_AHB1PeriphResetCmd 0x200017cd   Thumb Code    10  anon$$obj.o(Veneer$$Code)
    Long Thumb to Thumb Veneer to RCC_APB2PeriphResetCmd 0x200017d7   Thumb Code    10  anon$$obj.o(Veneer$$Code)
    Long Thumb to Thumb Veneer to RCC_APB1PeriphResetCmd 0x200017e1   Thumb Code    10  anon$$obj.o(Veneer$$Code)
    tid_AppStart                             0x20001804   Data           4  main.o(.data)
    SystemCoreClock                          0x20001808   Data           4  system_stm32f2xx.o(.data)
    AHBPrescTable                            0x2000180c   Data          16  system_stm32f2xx.o(.data)
    ADC_UPDATED_FLAG                         0x2000181c   Data           1  collecthw.o(.data)
    adc_dma_buffers                          0x2000181e   Data           8  collecthw.o(.data)
    tid_Collect                              0x20001828   Data           4  collect.o(.data)
    divide_for_100ms                         0x2000182c   Data           1  collect.o(.data)
    divide_for_5second                       0x2000182d   Data           1  collect.o(.data)
    divide_for_1second                       0x2000182e   Data           1  collect.o(.data)
    divide_for_1minute                       0x2000182f   Data           1  collect.o(.data)
    divide_for_1hour                         0x20001830   Data           1  collect.o(.data)
    timer_flag0                              0x20001831   Data           1  collect.o(.data)
    sid_Can1ReceiveSem                       0x2000184c   Data           4  canhw.o(.data)
    sid_Can2ReceiveSem                       0x20001850   Data           4  canhw.o(.data)
    Can1FilterId1                            0x20001854   Data           4  canhw.o(.data)
    ZxDownCanIdTbl_AC                        0x20001858   Data          64  canhw.o(.data)
    ZxEngineCanIdTbl_AC                      0x20001898   Data         124  canhw.o(.data)
    ZxDownCanIdTbl_AG                        0x20001914   Data         136  canhw.o(.data)
    ZxEngineCanIdTbl_AG                      0x2000199c   Data          76  canhw.o(.data)
    Can2FilterId1                            0x200019e8   Data           8  canhw.o(.data)
    ZxUpCanIdTbl                             0x200019f0   Data         352  canhw.o(.data)
    tid_Can1Recv                             0x20001b50   Data           4  can.o(.data)
    tid_Can2Recv                             0x20001b54   Data           4  can.o(.data)
    lvc_context                              0x20001b58   Data          19  can.o(.data)
    can_context                              0x20001b6c   Data          14  can.o(.data)
    zxinfo_tlv_flag                          0x20001b88   Data           4  tcw.o(.data)
    zxup_tlv_flag1                           0x20001b8c   Data           4  tcw.o(.data)
    zxup_tlv_flag2                           0x20001b90   Data           4  tcw.o(.data)
    zxup_tlv_flag3                           0x20001b94   Data           4  tcw.o(.data)
    zxdown_tlv_flag1                         0x20001b98   Data           4  tcw.o(.data)
    zxdown_tlv_flag2                         0x20001b9c   Data           4  tcw.o(.data)
    zxengine_tlv_flag                        0x20001ba0   Data           4  tcw.o(.data)
    zxversion_tlv_flag                       0x20001ba4   Data           4  tcw.o(.data)
    zxstatistics_tlv_flag                    0x20001ba8   Data           4  tcw.o(.data)
    zxsts_flag1                              0x20001bac   Data           4  tcw.o(.data)
    zxsts_flag2                              0x20001bb0   Data           4  tcw.o(.data)
    sfud_mx25l3206e                          0x20001bb4   Data          68  sfud.o(.data)
    sid_spi2_semaphore                       0x20001c04   Data           4  sfud.o(.data)
    sid_Usart1ReceiveSem                     0x20001c08   Data           4  pcdebughw.o(.data)
    usart1_rx_size                           0x20001c0c   Data           2  pcdebughw.o(.data)
    sid_Usart1TransmitSem                    0x20001c10   Data           4  pcdebughw.o(.data)
    tid_PcDebug                              0x20001c14   Data           4  pcdebug.o(.data)
    mid_PcDebugPrintf                        0x20001c18   Data           4  pcdebug.o(.data)
    length                                   0x20001c1e   Data           2  pcdebug.o(.data)
    sid_Usart3ReceiveSem                     0x20001c20   Data           4  momihw.o(.data)
    usart3_rx_size                           0x20001c24   Data           2  momihw.o(.data)
    sid_Usart3TransmitSem                    0x20001c28   Data           4  momihw.o(.data)
    modem_state                              0x20001c2c   Data           1  momiprotocol.o(.data)
    tid_ModemProcess                         0x20001c30   Data           4  momiprotocol.o(.data)
    tid_ModemProduce                         0x20001c34   Data           4  momiprotocol.o(.data)
    m2m_asset_data                           0x20001c44   Data         653  m2mprotocol.o(.data)
    m2m_CmdDealTbl                           0x20001ed4   Data         636  m2mprotocol.o(.data)
    tbox_mode                                0x20002180   Data           1  tbox_machine.o(.data)
    tbox_10msec_timer                        0x20002182   Data           2  tbox_machine.o(.data)
    tbox_started_delay                       0x20002184   Data           1  tbox_machine.o(.data)
    tbox_state_transition                    0x20002185   Data           1  tbox_machine.o(.data)
    tbox_state                               0x20002186   Data           1  tbox_machine.o(.data)
    tbox_iap_state                           0x20002187   Data           1  tbox_machine.o(.data)
    tbox_sleep_state                         0x20002188   Data           1  tbox_machine.o(.data)
    quit_sleep_timer_sp                      0x20002194   Data           4  tbox_machine.o(.data)
    SbusMsg_PcDebug                          0x200021ac   Data          12  icloud_machine.o(.data)
    SbusMsg_AuxCom                           0x200021b8   Data          12  icloud_machine.o(.data)
    tid_iCloud                               0x200021c4   Data           4  icloud_machine.o(.data)
    mqid_SysBusMbox                          0x200021c8   Data           4  icloud_machine.o(.data)
    sid_am18x5_semaphore                     0x200021cc   Data           4  am1805.o(.data)
    sid_i2c1_semaphore                       0x200021d0   Data           4  i2c1.o(.data)
    lte_gps_time                             0x200021d4   Data           7  rtc.o(.data)
    tid_AuxComProcess                        0x200021ec   Data           4  auxcom.o(.data)
    tid_AuxComProduce                        0x200021f0   Data           4  auxcom.o(.data)
    sid_Usart6TransmitSem                    0x200021f4   Data           4  auxcomhw.o(.data)
    usart6_rx_size                           0x200021f8   Data           2  auxcomhw.o(.data)
    sid_Usart6ReceiveSem                     0x200021fc   Data           4  auxcomhw.o(.data)
    pxCurrentTCB                             0x20002224   Data           4  tasks.o(.data)
    adc_buffers                              0x200022b4   Data         280  collecthw.o(.bss)
    adc_result                               0x200023cc   Data          14  collecthw.o(.bss)
    colt_info                                0x200023dc   Data          32  collect.o(.bss)
    obd_info                                 0x200023fc   Data         184  can.o(.bss)
    dtc_1939                                 0x200024b4   Data          96  can.o(.bss)
    dtc_27145                                0x20002514   Data          96  can.o(.bss)
    can_frame_table                          0x20002574   Data        1080  can.o(.bss)
    can1_msg_queue                           0x200029ac   Data         324  can.o(.bss)
    can2_msg_queue                           0x20002af0   Data         324  can.o(.bss)
    zxinfo_buffer                            0x20002c34   Data          25  tcw.o(.bss)
    zxup_buffer                              0x20002c4d   Data         408  tcw.o(.bss)
    zxdown_buffer                            0x20002de5   Data         199  tcw.o(.bss)
    zxengine_buffer                          0x20002eac   Data          91  tcw.o(.bss)
    zxstatistics_buffer                      0x20002f07   Data         200  tcw.o(.bss)
    zxversion_buffer                         0x20002fcf   Data          75  tcw.o(.bss)
    zxsts_context                            0x2000301c   Data         432  tcw.o(.bss)
    usart1_dma_tx_buffer                     0x200032d8   Data        1500  pcdebughw.o(.bss)
    usart1_rx_buffer                         0x200038b8   Data        1500  pcdebughw.o(.bss)
    usart1_dma_rx_buffer                     0x20003e98   Data        1500  pcdebughw.o(.bss)
    usart3_dma_tx_buffer                     0x20004b24   Data        1500  momihw.o(.bss)
    usart3_rx_buffer                         0x20005100   Data        1500  momihw.o(.bss)
    usart3_dma_rx_buffer                     0x200056dc   Data        1500  momihw.o(.bss)
    moni_msg_buffer                          0x20006698   Data         256  momiprotocol.o(.bss)
    m2m_context                              0x20006798   Data         156  m2mprotocol.o(.bss)
    bls_flash_buffer                         0x20006834   Data        1024  iap.o(.bss)
    public_data_buffer                       0x20006c34   Data        1460  tbox_machine.o(.bss)
    net_public_data_buffer                   0x200071e8   Data        1460  icloud_machine.o(.bss)
    am18x5_time_regs                         0x2000779c   Data          10  am1805.o(.bss)
    st_soft_time                             0x200077a6   Data          10  rtc.o(.bss)
    led_control                              0x200077b0   Data          36  led.o(.bss)
    rfu_context                              0x2000838c   Data         103  auxcom.o(.bss)
    fclit_context                            0x200083f4   Data          48  auxcom.o(.bss)
    rfu_data_buffer                          0x20008424   Data        1024  auxcom.o(.bss)
    usart6_dma_tx_buffer                     0x20008824   Data        1500  auxcomhw.o(.bss)
    usart6_rx_buffer                         0x20008e00   Data        1500  auxcomhw.o(.bss)
    usart6_dma_rx_buffer                     0x200093dc   Data        1500  auxcomhw.o(.bss)
    __initial_sp                             0x20011340   Data           0  startup_stm32f2xx.o(STACK)



==============================================================================

Memory Map of the image

  Image Entry point : 0x08000185

  Load Region LR_IROM1 (Base: 0x08000000, Size: 0x00018ff0, Max: 0x00040000, ABSOLUTE, COMPRESSED[0x00018abc])

    Execution Region ER_IROM1 (Base: 0x08000000, Size: 0x00016d7c, Max: 0x00040000, ABSOLUTE)

    Base Addr    Size         Type   Attr      Idx    E Section Name        Object

    0x08000000   0x00000184   Data   RO          320    RESET               startup_stm32f2xx.o
    0x08000184   0x00000000   Code   RO         1948  * .ARM.Collect$$$$00000000  mc_w.l(entry.o)
    0x08000184   0x00000004   Code   RO         1993    .ARM.Collect$$$$00000001  mc_w.l(entry2.o)
    0x08000188   0x00000004   Code   RO         1996    .ARM.Collect$$$$00000004  mc_w.l(entry5.o)
    0x0800018c   0x00000000   Code   RO         1998    .ARM.Collect$$$$00000008  mc_w.l(entry7b.o)
    0x0800018c   0x00000000   Code   RO         2000    .ARM.Collect$$$$0000000A  mc_w.l(entry8b.o)
    0x0800018c   0x00000008   Code   RO         2001    .ARM.Collect$$$$0000000B  mc_w.l(entry9a.o)
    0x08000194   0x00000000   Code   RO         2003    .ARM.Collect$$$$0000000D  mc_w.l(entry10a.o)
    0x08000194   0x00000000   Code   RO         2005    .ARM.Collect$$$$0000000F  mc_w.l(entry11a.o)
    0x08000194   0x00000004   Code   RO         1994    .ARM.Collect$$$$00002712  mc_w.l(entry2.o)
    0x08000198   0x00000096   Code   RO         1782    .emb_text           port.o
    0x0800022e   0x00000002   PAD
    0x08000230   0x000000d8   Code   RO            4    .text               hardfaulthandler.o
    0x08000308   0x000002e8   Code   RO          293    .text               main.o
    0x080005f0   0x00000024   Code   RO          321    .text               startup_stm32f2xx.o
    0x08000614   0x000001dc   Code   RO          328    .text               system_stm32f2xx.o
    0x080007f0   0x00000378   Code   RO          380    .text               collecthw.o
    0x08000b68   0x00000a80   Code   RO          438    .text               collect.o
    0x080015e8   0x000006f4   Code   RO          478    .text               canhw.o
    0x08001cdc   0x0000099c   Code   RO          509    .text               can.o
    0x08002678   0x000060d0   Code   RO          541    .text               tcw.o
    0x08008748   0x00000978   Code   RO          620    .text               parameters.o
    0x080090c0   0x00000344   Code   RO          645    .text               pcdebughw.o
    0x08009404   0x00000304   Code   RO          676    .text               pcdebug.o
    0x08009708   0x0000041c   Code   RO          712    .text               momihw.o
    0x08009b24   0x00000da4   Code   RO          743    .text               momiprotocol.o
    0x0800a8c8   0x00001b00   Code   RO          779    .text               m2mprotocol.o
    0x0800c3c8   0x00000888   Code   RO          849    .text               tbox_machine.o
    0x0800cc50   0x000000b0   Code   RO          889    .text               icloud_machine.o
    0x0800cd00   0x0000073c   Code   RO          926    .text               am1805.o
    0x0800d43c   0x000003f4   Code   RO          964    .text               i2c1.o
    0x0800d830   0x00000450   Code   RO          991    .text               rtc.o
    0x0800dc80   0x00000398   Code   RO         1027    .text               led.o
    0x0800e018   0x00000060   Code   RO         1054    .text               crc32.o
    0x0800e078   0x00000464   Code   RO         1092    .text               stm32f2xx_adc.o
    0x0800e4dc   0x000009f0   Code   RO         1116    .text               stm32f2xx_can.o
    0x0800eecc   0x000003a8   Code   RO         1140    .text               stm32f2xx_dma.o
    0x0800f274   0x0000011c   Code   RO         1164    .text               stm32f2xx_exti.o
    0x0800f390   0x00000040   Code   RO         1236    .text               stm32f2xx_iwdg.o
    0x0800f3d0   0x000000d8   Code   RO         1260    .text               stm32f2xx_pwr.o
    0x0800f4a8   0x00000588   Code   RO         1284    .text               stm32f2xx_rcc.o
    0x0800fa30   0x0000008c   Code   RO         1334    .text               stm32f2xx_syscfg.o
    0x0800fabc   0x0000041a   Code   RO         1382    .text               stm32f2xx_usart.o
    0x0800fed6   0x00000002   PAD
    0x0800fed8   0x000000e0   Code   RO         1430    .text               misc.o
    0x0800ffb8   0x00000b08   Code   RO         1454    .text               stm32f2xx_rtc.o
    0x08010ac0   0x00000834   Code   RO         1478    .text               auxcom.o
    0x080112f4   0x0000034c   Code   RO         1514    .text               auxcomhw.o
    0x08011640   0x000014f0   Code   RO         1575    .text               cmsis_os2.o
    0x08012b30   0x000000fc   Code   RO         1636    .text               os_systick.o
    0x08012c2c   0x0000033c   Code   RO         1686    .text               event_groups.o
    0x08012f68   0x00000094   Code   RO         1728    .text               list.o
    0x08012ffc   0x000001e4   Code   RO         1755    .text               heap_4.o
    0x080131e0   0x00000100   Code   RO         1783    .text               port.o
    0x080132e0   0x00000aa0   Code   RO         1824    .text               queue.o
    0x08013d80   0x00001460   Code   RO         1878    .text               tasks.o
    0x080151e0   0x000005c8   Code   RO         1921    .text               timers.o
    0x080157a8   0x00000040   Code   RO         1953    .text               mc_w.l(memmovea.o)
    0x080157e8   0x00000024   Code   RO         1955    .text               mc_w.l(memseta.o)
    0x0801580c   0x0000000e   Code   RO         1957    .text               mc_w.l(strlen.o)
    0x0801581a   0x0000001a   Code   RO         1959    .text               mc_w.l(memcmp.o)
    0x08015834   0x0000002c   Code   RO         2010    .text               mc_w.l(uidiv.o)
    0x08015860   0x00000062   Code   RO         2012    .text               mc_w.l(uldiv.o)
    0x080158c2   0x00000000   Code   RO         2014    .text               mc_w.l(iusefp.o)
    0x080158c2   0x0000014e   Code   RO         2015    .text               mf_w.l(dadd.o)
    0x08015a10   0x000000e4   Code   RO         2017    .text               mf_w.l(dmul.o)
    0x08015af4   0x000000de   Code   RO         2019    .text               mf_w.l(ddiv.o)
    0x08015bd2   0x00000030   Code   RO         2021    .text               mf_w.l(dfixul.o)
    0x08015c02   0x00000002   PAD
    0x08015c04   0x00000030   Code   RO         2023    .text               mf_w.l(cdrcmple.o)
    0x08015c34   0x00000024   Code   RO         2025    .text               mc_w.l(init.o)
    0x08015c58   0x0000001e   Code   RO         2028    .text               mc_w.l(llshl.o)
    0x08015c76   0x00000020   Code   RO         2030    .text               mc_w.l(llushr.o)
    0x08015c96   0x00000024   Code   RO         2032    .text               mc_w.l(llsshr.o)
    0x08015cba   0x000000ba   Code   RO         2035    .text               mf_w.l(depilogue.o)
    0x08015d74   0x00000056   Code   RO         2045    .text               mc_w.l(__dczerorl2.o)
    0x08015dca   0x00000002   PAD
    0x08015dcc   0x00000012   Code   RO          287    OSKERNEL            hardfaulthandler_1.o
    0x08015dde   0x0000000a   Ven    RO         2047    Veneer$$Code        anon$$obj.o
    0x08015de8   0x0000000a   Ven    RO         2048    Veneer$$Code        anon$$obj.o
    0x08015df2   0x0000000a   Ven    RO         2049    Veneer$$Code        anon$$obj.o
    0x08015dfc   0x0000000a   Ven    RO         2050    Veneer$$Code        anon$$obj.o
    0x08015e06   0x0000000a   Ven    RO         2051    Veneer$$Code        anon$$obj.o
    0x08015e10   0x0000000a   Ven    RO         2052    Veneer$$Code        anon$$obj.o
    0x08015e1a   0x0000000a   Ven    RO         2053    Veneer$$Code        anon$$obj.o
    0x08015e24   0x0000000a   Ven    RO         2054    Veneer$$Code        anon$$obj.o
    0x08015e2e   0x0000000a   Ven    RO         2055    Veneer$$Code        anon$$obj.o
    0x08015e38   0x0000000a   Ven    RO         2056    Veneer$$Code        anon$$obj.o
    0x08015e42   0x0000000a   Ven    RO         2057    Veneer$$Code        anon$$obj.o
    0x08015e4c   0x0000000a   Ven    RO         2058    Veneer$$Code        anon$$obj.o
    0x08015e56   0x00000002   PAD
    0x08015e58   0x0000002c   Code   RO         1971    i.__0vsnprintf      mc_w.l(printfa.o)
    0x08015e84   0x0000000e   Code   RO         2039    i.__scatterload_copy  mc_w.l(handlers.o)
    0x08015e92   0x00000002   Code   RO         2040    i.__scatterload_null  mc_w.l(handlers.o)
    0x08015e94   0x0000000e   Code   RO         2041    i.__scatterload_zeroinit  mc_w.l(handlers.o)
    0x08015ea2   0x00000002   PAD
    0x08015ea4   0x00000184   Code   RO         1973    i._fp_digits        mc_w.l(printfa.o)
    0x08016028   0x000006dc   Code   RO         1974    i._printf_core      mc_w.l(printfa.o)
    0x08016704   0x00000024   Code   RO         1975    i._printf_post_padding  mc_w.l(printfa.o)
    0x08016728   0x0000002e   Code   RO         1976    i._printf_pre_padding  mc_w.l(printfa.o)
    0x08016756   0x00000016   Code   RO         1977    i._snputc           mc_w.l(printfa.o)
    0x0801676c   0x00000024   Data   RO          294    .constdata          main.o
    0x08016790   0x00000024   Data   RO          440    .constdata          collect.o
    0x080167b4   0x00000048   Data   RO          511    .constdata          can.o
    0x080167fc   0x0000004c   Data   RO          621    .constdata          parameters.o
    0x08016848   0x00000034   Data   RO          678    .constdata          pcdebug.o
    0x0801687c   0x00000048   Data   RO          745    .constdata          momiprotocol.o
    0x080168c4   0x00000024   Data   RO          891    .constdata          icloud_machine.o
    0x080168e8   0x0000001a   Data   RO          993    .constdata          rtc.o
    0x08016902   0x00000002   PAD
    0x08016904   0x00000400   Data   RO         1055    .constdata          crc32.o
    0x08016d04   0x00000048   Data   RO         1480    .constdata          auxcom.o
    0x08016d4c   0x00000030   Data   RO         2037    Region$$Table       anon$$obj.o


    Execution Region RW_IRAM1 (Base: 0x20000000, Size: 0x00011340, Max: 0x00018000, ABSOLUTE, COMPRESSED[0x00000540])

    Base Addr    Size         Type   Attr      Idx    E Section Name        Object

    0x20000000   0x000009d8   Code   RO          572    .text               sfud.o
    0x200009d8   0x000002f8   Code   RO          811    .text               iap.o
    0x20000cd0   0x000004bc   Code   RO         1188    .text               stm32f2xx_flash.o
    0x2000118c   0x0000025c   Code   RO         1212    .text               stm32f2xx_gpio.o
    0x200013e8   0x000003a8   Code   RO         1310    .text               stm32f2xx_spi.o
    0x20001790   0x0000000a   Ven    RO         2059    Veneer$$Code        anon$$obj.o
    0x2000179a   0x0000000a   Ven    RO         2060    Veneer$$Code        anon$$obj.o
    0x200017a4   0x0000000a   Ven    RO         2061    Veneer$$Code        anon$$obj.o
    0x200017ae   0x0000000a   Ven    RO         2062    Veneer$$Code        anon$$obj.o
    0x200017b8   0x0000000a   Ven    RO         2063    Veneer$$Code        anon$$obj.o
    0x200017c2   0x0000000a   Ven    RO         2064    Veneer$$Code        anon$$obj.o
    0x200017cc   0x0000000a   Ven    RO         2065    Veneer$$Code        anon$$obj.o
    0x200017d6   0x0000000a   Ven    RO         2066    Veneer$$Code        anon$$obj.o
    0x200017e0   0x0000000a   Ven    RO         2067    Veneer$$Code        anon$$obj.o
    0x200017ea   0x00000002   PAD
    0x200017ec   0x00000013   Data   RO          574    .conststring        sfud.o
    0x200017ff   0x00000001   PAD
    0x20001800   0x00000004   Data   RW            6    .data               hardfaulthandler.o
    0x20001804   0x00000004   Data   RW          295    .data               main.o
    0x20001808   0x00000014   Data   RW          329    .data               system_stm32f2xx.o
    0x2000181c   0x0000000a   Data   RW          382    .data               collecthw.o
    0x20001826   0x00000002   PAD
    0x20001828   0x00000021   Data   RW          441    .data               collect.o
    0x20001849   0x00000003   PAD
    0x2000184c   0x00000304   Data   RW          479    .data               canhw.o
    0x20001b50   0x00000035   Data   RW          512    .data               can.o
    0x20001b85   0x00000003   PAD
    0x20001b88   0x0000002c   Data   RW          543    .data               tcw.o
    0x20001bb4   0x00000054   Data   RW          575    .data               sfud.o
    0x20001c08   0x0000000c   Data   RW          647    .data               pcdebughw.o
    0x20001c14   0x0000000c   Data   RW          679    .data               pcdebug.o
    0x20001c20   0x0000000c   Data   RW          714    .data               momihw.o
    0x20001c2c   0x00000016   Data   RW          746    .data               momiprotocol.o
    0x20001c42   0x00000002   PAD
    0x20001c44   0x0000050c   Data   RW          781    .data               m2mprotocol.o
    0x20002150   0x00000030   Data   RW          813    .data               iap.o
    0x20002180   0x0000002a   Data   RW          851    .data               tbox_machine.o
    0x200021aa   0x00000002   PAD
    0x200021ac   0x00000020   Data   RW          892    .data               icloud_machine.o
    0x200021cc   0x00000004   Data   RW          928    .data               am1805.o
    0x200021d0   0x00000004   Data   RW          965    .data               i2c1.o
    0x200021d4   0x00000007   Data   RW          994    .data               rtc.o
    0x200021db   0x00000010   Data   RW         1285    .data               stm32f2xx_rcc.o
    0x200021eb   0x00000001   PAD
    0x200021ec   0x00000008   Data   RW         1481    .data               auxcom.o
    0x200021f4   0x0000000c   Data   RW         1516    .data               auxcomhw.o
    0x20002200   0x00000004   Data   RW         1577    .data               cmsis_os2.o
    0x20002204   0x00000001   Data   RW         1637    .data               os_systick.o
    0x20002205   0x00000003   PAD
    0x20002208   0x00000018   Data   RW         1757    .data               heap_4.o
    0x20002220   0x00000004   Data   RW         1784    .data               port.o
    0x20002224   0x0000003c   Data   RW         1880    .data               tasks.o
    0x20002260   0x00000014   Data   RW         1923    .data               timers.o
    0x20002274   0x00000040   Zero   RW            5    .bss                hardfaulthandler.o
    0x200022b4   0x00000126   Zero   RW          381    .bss                collecthw.o
    0x200023da   0x00000002   PAD
    0x200023dc   0x00000020   Zero   RW          439    .bss                collect.o
    0x200023fc   0x00000838   Zero   RW          510    .bss                can.o
    0x20002c34   0x00000598   Zero   RW          542    .bss                tcw.o
    0x200031cc   0x00000105   Zero   RW          573    .bss                sfud.o
    0x200032d1   0x00000007   PAD
    0x200032d8   0x0000119c   Zero   RW          646    .bss                pcdebughw.o
    0x20004474   0x000006b0   Zero   RW          677    .bss                pcdebug.o
    0x20004b24   0x00001194   Zero   RW          713    .bss                momihw.o
    0x20005cb8   0x00000ae0   Zero   RW          744    .bss                momiprotocol.o
    0x20006798   0x0000009c   Zero   RW          780    .bss                m2mprotocol.o
    0x20006834   0x00000400   Zero   RW          812    .bss                iap.o
    0x20006c34   0x000005b4   Zero   RW          850    .bss                tbox_machine.o
    0x200071e8   0x000005b4   Zero   RW          890    .bss                icloud_machine.o
    0x2000779c   0x0000000a   Zero   RW          927    .bss                am1805.o
    0x200077a6   0x0000000a   Zero   RW          992    .bss                rtc.o
    0x200077b0   0x00000024   Zero   RW         1028    .bss                led.o
    0x200077d4   0x00001050   Zero   RW         1479    .bss                auxcom.o
    0x20008824   0x00001194   Zero   RW         1515    .bss                auxcomhw.o
    0x200099b8   0x000003f8   Zero   RW         1576    .bss                cmsis_os2.o
    0x20009db0   0x00005000   Zero   RW         1756    .bss                heap_4.o
    0x2000edb0   0x000004c4   Zero   RW         1879    .bss                tasks.o
    0x2000f274   0x000000c8   Zero   RW         1922    .bss                timers.o
    0x2000f33c   0x00000004   PAD
    0x2000f340   0x00002000   Zero   RW          318    STACK               startup_stm32f2xx.o


==============================================================================

Image component sizes


      Code (inc. data)   RO Data    RW Data    ZI Data      Debug   Object Name

      1852         26          0          4         10       7649   am1805.o
      2100        146         72          8       4176       9396   auxcom.o
       844         44          0         12       4500       2918   auxcomhw.o
      2460        152         72         53       2104      10687   can.o
      1780         94          0        772          0       6350   canhw.o
         0          0          0          0          0       5272   clib_arm.o
      5360        102          0          4       1016      78323   cmsis_os2.o
      2688        330         36         33         32      39063   collect.o
       888         32          0         10        294       6777   collecthw.o
        96          4       1024          0          0       1757   crc32.o
       828          6          0          0          0      18009   event_groups.o
       216         22          0          4         64     319167   hardfaulthandler.o
        18          0          0          0          0        216   hardfaulthandler_1.o
       484         24          0         24      20480       3296   heap_4.o
      1012          8          0          4          0       4149   i2c1.o
       760         34          0         48       1024       4866   iap.o
       176         18         36         32       1460       2994   icloud_machine.o
       920         24          0          0         36       2404   led.o
       148          0          0          0          0      10774   list.o
      6912        134          0       1292        156      37591   m2mprotocol.o
       744         26         36          4          0       2204   main.o
       224         20          0          0          0       1777   misc.o
      1052         50          0         12       4500       3187   momihw.o
      3492        238         72         22       2784      13097   momiprotocol.o
       252         16          0          1          0       2124   os_systick.o
      2424        248         76          0          0       5268   parameters.o
       772         46         52         12       1712       5203   pcdebug.o
       836         42          0         12       4508       2998   pcdebughw.o
       406         30          0          4          0       6712   port.o
      2720         14          0          0          0      19385   queue.o
      1104         70         26          7         10       4006   rtc.o
      2520         56         19         84        261      15405   sfud.o
        36          8        388          0       8192        764   startup_stm32f2xx.o
      1124         24          0          0          0      10450   stm32f2xx_adc.o
      2544         38          0          0          0       7952   stm32f2xx_can.o
       936         32          0          0          0       6297   stm32f2xx_dma.o
       284         10          0          0          0       2227   stm32f2xx_exti.o
      1212         26          0          0          0       6893   stm32f2xx_flash.o
       604         36          0          0          0       3933   stm32f2xx_gpio.o
        64          6          0          0          0       1257   stm32f2xx_iwdg.o
       216         12          0          0          0       2240   stm32f2xx_pwr.o
      1416         48          0         16          0      10895   stm32f2xx_rcc.o
      2824         36          0          0          0      12021   stm32f2xx_rtc.o
       936         22          0          0          0       6332   stm32f2xx_spi.o
       140         12          0          0          0       1499   stm32f2xx_syscfg.o
      1050         26          0          0          0       7664   stm32f2xx_usart.o
       476         42          0         20          0       1635   system_stm32f2xx.o
      5216        306          0         60       1220      41877   tasks.o
      2184        366          0         42       1460       9172   tbox_machine.o
     24784        416          0         44       1432      46798   tcw.o
      1480         72          0         20        200      12986   timers.o

    ----------------------------------------------------------------------
     93832       3594       1960       2676      61644     845916   Object Totals
       210          0         48          0          0          0   (incl. Generated)
         8          0          3         16         13          0   (incl. Padding)

    ----------------------------------------------------------------------

      Code (inc. data)   RO Data    RW Data    ZI Data      Debug   Library Member Name

        86          0          0          0          0          0   __dczerorl2.o
         0          0          0          0          0          0   entry.o
         0          0          0          0          0          0   entry10a.o
         0          0          0          0          0          0   entry11a.o
         8          4          0          0          0          0   entry2.o
         4          0          0          0          0          0   entry5.o
         0          0          0          0          0          0   entry7b.o
         0          0          0          0          0          0   entry8b.o
         8          4          0          0          0          0   entry9a.o
        30          0          0          0          0          0   handlers.o
        36          8          0          0          0         68   init.o
         0          0          0          0          0          0   iusefp.o
        30          0          0          0          0         68   llshl.o
        36          0          0          0          0         68   llsshr.o
        32          0          0          0          0         68   llushr.o
        26          0          0          0          0         80   memcmp.o
        64          0          0          0          0         76   memmovea.o
        36          0          0          0          0        108   memseta.o
      2292         84          0          0          0        516   printfa.o
        14          0          0          0          0         68   strlen.o
        44          0          0          0          0         80   uidiv.o
        98          0          0          0          0         92   uldiv.o
        48          0          0          0          0         68   cdrcmple.o
       334          0          0          0          0        148   dadd.o
       222          0          0          0          0        100   ddiv.o
       186          0          0          0          0        176   depilogue.o
        48          0          0          0          0         68   dfixul.o
       228          0          0          0          0         96   dmul.o

    ----------------------------------------------------------------------
      3916        100          0          0          0       1948   Library Totals
         6          0          0          0          0          0   (incl. Padding)

    ----------------------------------------------------------------------

      Code (inc. data)   RO Data    RW Data    ZI Data      Debug   Library Name

      2844        100          0          0          0       1292   mc_w.l
      1066          0          0          0          0        656   mf_w.l

    ----------------------------------------------------------------------
      3916        100          0          0          0       1948   Library Totals

    ----------------------------------------------------------------------

==============================================================================


      Code (inc. data)   RO Data    RW Data    ZI Data      Debug   

     97748       3694       1960       2676      61644     840868   Grand Totals
     97748       3694       1960       1344      61644     840868   ELF Image Totals (compressed)
     97748       3694       1960       1344          0          0   ROM Totals

==============================================================================

    Total RO  Size (Code + RO Data)                99708 (  97.37kB)
    Total RW  Size (RW Data + ZI Data)             64320 (  62.81kB)
    Total ROM Size (Code + RO Data + RW Data)     101052 (  98.68kB)

==============================================================================

