<html>
<body>
<pre>
<h1>µVision Build Log</h1>
<h2>Tool Versions:</h2>
IDE-Version: ¦ÌVision V5.23.0.0
Copyright (C) 2017 ARM Ltd and ARM Germany GmbH. All rights reserved.
License Information: 123 123, 123, LIC=JL28G-VY1GI-BSFYX-H22KF-BVKY5-R31T9
 
Tool Versions:
Toolchain:       MDK-ARM Plus  Version: 5.23
Toolchain Path:  C:\Keil_v5\ARM\ARMCC\Bin
C Compiler:      Armcc.exe V5.06 update 4 (build 422)
Assembler:       Armasm.exe V5.06 update 4 (build 422)
Linker/Locator:  ArmLink.exe V5.06 update 4 (build 422)
Library Manager: ArmAr.exe V5.06 update 4 (build 422)
Hex Converter:   FromElf.exe V5.06 update 4 (build 422)
CPU DLL:         SARMCM3.DLL V5.23
Dialog DLL:      DCM.DLL V1.15.0.0
Target DLL:      Segger\JL2CM3.dll V2.99.23.0
Dialog DLL:      TCM.DLL V1.27.0.0
 
<h2>Project:</h2>
E:\ZXM2M_ST_V01\ZXM2M_ST_V01.uvprojx
Project File Date:  01/14/2021

<h2>Output:</h2>
*** Using Compiler 'V5.06 update 4 (build 422)', folder: 'C:\Keil_v5\ARM\ARMCC\Bin'
Rebuild target 'ZX_M2M_ST_V01'
assembling HardFaultHandler.S...
assembling startup_stm32f2xx.s...
compiling main.c...
compiling HardFaultHandler.c...
compiling system_stm32f2xx.c...
compiling CollectHW.c...
compiling Can.c...
compiling CanHW.c...
compiling Collect.c...
compiling sfud.c...
compiling tcw.c...
compiling parameters.c...
compiling PcDebugHW.c...
compiling PcDebug.c...
compiling MomiHw.c...
compiling MomiProtocol.c...
compiling M2mProtocol.c...
USER\M2M\M2mProtocol.c(1385): warning:  #177-D: function "im2m_BuildTlvMsg_100D"  was declared but never referenced
  static uint16_t im2m_BuildTlvMsg_100D(uint8_t *pbuf)
USER\M2M\M2mProtocol.c: 1 warning, 0 errors
compiling iap.c...
compiling tbox_machine.c...
compiling icloud_machine.c...
compiling am1805.c...
compiling crc32.c...
compiling i2c1.c...
compiling md5.c...
compiling rtc.c...
compiling led.c...
compiling stm32f2xx_can.c...
compiling stm32f2xx_adc.c...
compiling stm32f2xx_dma.c...
compiling stm32f2xx_exti.c...
compiling stm32f2xx_iwdg.c...
compiling stm32f2xx_gpio.c...
compiling stm32f2xx_flash.c...
compiling stm32f2xx_pwr.c...
compiling stm32f2xx_rcc.c...
compiling stm32f2xx_spi.c...
compiling stm32f2xx_syscfg.c...
compiling stm32f2xx_tim.c...
compiling stm32f2xx_usart.c...
compiling stm32f2xx_wwdg.c...
compiling misc.c...
compiling stm32f2xx_rtc.c...
compiling AuxCom.c...
compiling AuxComHW.c...
compiling clib_arm.c...
compiling os_systick.c...
compiling cmsis_os2.c...
compiling freertos_evr.c...
compiling event_groups.c...
compiling heap_4.c...
compiling list.c...
compiling queue.c...
compiling port.c...
compiling stream_buffer.c...
compiling tasks.c...
compiling timers.c...
linking...
Program Size: Code=97748 RO-data=1960 RW-data=2676 ZI-data=61644  
FromELF: creating hex file...
After Build - User command #1: fromelf.exe --bin -o E:\ZXM2M_ST_V01\Project\Objects\ZXM2M_ST_V01.bin E:\ZXM2M_ST_V01\Project\Objects\ZXM2M_ST_V01.axf
".\Project\Objects\ZXM2M_ST_V01.axf" - 0 Error(s), 1 Warning(s).

<h2>Software Packages used:</h2>

Package Vendor: ARM
                http://www.keil.com/pack/ARM.CMSIS.5.5.1.pack
                ::CMSIS:RTOS2:2.1.3 (API)
                CMSIS (Cortex Microcontroller Software Interface Standard)
   * Component: RTOS2 Version: 2.1.3
   * Component: CORE Version: 5.2.0

Package Vendor: ARM
                http://www.keil.com/pack/ARM.CMSIS-FreeRTOS.10.2.0.pack
                ARM::CMSIS:RTOS2:FreeRTOS:10.2.0
                Bundle of FreeRTOS for Cortex-M and Cortex-A
   * Component: FreeRTOS Version: 10.2.0
   * Component: Core Variant: Cortex-M Version: 10.2.0
   * Component: Config Variant: CMSIS RTOS2 Version: 10.2.0
   * Component: Event Groups Version: 10.2.0
   * Component: Heap Variant: Heap_4 Version: 10.2.0
   * Component: Message Buffer Version: 10.2.0
   * Component: Timers Version: 10.2.0

<h2>Collection of Component include folders:</h2>
  .\RTE\RTOS
  .\RTE\_ZX_M2M_ST_V01
  C:\Keil_v5\ARM\PACK\ARM\CMSIS-FreeRTOS\10.2.0\CMSIS\RTOS2\FreeRTOS\Include
  C:\Keil_v5\ARM\PACK\ARM\CMSIS-FreeRTOS\10.2.0\Source\include
  C:\Keil_v5\ARM\PACK\ARM\CMSIS-FreeRTOS\10.2.0\Source\portable\RVDS\ARM_CM3
  C:\Keil_v5\ARM\PACK\ARM\CMSIS\5.5.1\CMSIS\Core\Include
  C:\Keil_v5\ARM\PACK\ARM\CMSIS\5.5.1\CMSIS\RTOS2\Include
  C:\Keil_v5\ARM\PACK\Keil\STM32F2xx_DFP\2.9.0\Drivers\CMSIS\Device\ST\STM32F2xx\Include

<h2>Collection of Component Files used:</h2>

   * Component: ::CMSIS:RTOS2:2.1.3 (API)
      Include file:  CMSIS\RTOS2\Include\cmsis_os2.h

   * Component: ARM::CMSIS:CORE:5.2.0

   * Component: ARM::CMSIS:RTOS2:FreeRTOS:10.2.0
      Source file:   CMSIS\RTOS2\FreeRTOS\Source\cmsis_os2.c
      Source file:   CMSIS\RTOS2\FreeRTOS\Source\ARM\clib_arm.c
      Source file:   CMSIS\RTOS2\FreeRTOS\Source\os_systick.c

   * Component: ARM.FreeRTOS::RTOS:Core:Cortex-M:10.2.0
      Include file:  Source\include\FreeRTOS.h
      Include file:  Source\include\queue.h
      Include file:  Source\include\semphr.h
      Include file:  Source\include\task.h
      Source file:   Source\list.c
      Source file:   Source\queue.c
      Source file:   Source\tasks.c
      Source file:   Source\portable\RVDS\ARM_CM3\port.c
      Source file:   CMSIS\RTOS2\FreeRTOS\Source\freertos_evr.c

   * Component: ARM.FreeRTOS::RTOS:Config:CMSIS RTOS2:10.2.0
      Include file:  CMSIS\RTOS2\FreeRTOS\Config\ARMCM\FreeRTOSConfig.h

   * Component: ARM.FreeRTOS::RTOS:Event Groups:10.2.0
      Include file:  Source\include\event_groups.h
      Source file:   Source\event_groups.c

   * Component: ARM.FreeRTOS::RTOS:Heap:Heap_4:10.2.0
      Source file:   Source\portable\MemMang\heap_4.c

   * Component: ARM.FreeRTOS::RTOS:Message Buffer:10.2.0
      Include file:  Source\include\message_buffer.h
      Source file:   Source\stream_buffer.c

   * Component: ARM.FreeRTOS::RTOS:Timers:10.2.0
      Include file:  Source\include\timers.h
      Source file:   Source\timers.c
Build Time Elapsed:  00:00:37
</pre>
</body>
</html>
